$ C:/Ruby31-x64/bin/ruby.exe "C:/Users/Maxim/My Drive/Trading/Trading_Bot_Officiel/Job_Trading_Or_Software/github_trading_backtester/trading_bot.rb" --symbols DELL_GoogleFinance_AutoUpToDate --from 2020-01-01 --to 2026-12-29 --start-equity 50000 --one-trade

🔍 DEBUG BOOT CHECK: running from C:/Users/Maxim/My Drive/Trading/Trading_Bot_Officiel/Job_Trading_Or_Software/github_trading_backtester/lib/trading_bot/bootstrap.rb
🔍 Current working directory: C:/Users/Maxim/My Drive/Trading/Trading_Bot_Officiel/Job_Trading_Or_Software/github_trading_backtester
🔍 Ruby version: 3.1.4
🔍 Timestamp: 2026-08-14 01:05:18 UTC
[BOOT] FCXVolPolicy loaded? YES
[FCX_VOL] loaded=yes
[EARLY ENV] SMA=, OS=, OB=, STOP=, PROF=, BE=, BX=
[DEBUG PARAMS] SMA=, OS=, OB=, STOP=, PROF=, BE=, BX=
C:/Users/Maxim/My Drive/Trading/Trading_Bot_Officiel/Job_Trading_Or_Software/github_trading_backtester/lib/trading_bot/bootstrap.rb:203: warning: already initialized constant BASE_DIR
C:/Users/Maxim/My Drive/Trading/Trading_Bot_Officiel/Job_Trading_Or_Software/github_trading_backtester/lib/trading_bot/bootstrap.rb:118: warning: previous definition of BASE_DIR was here
[CONFIG] Start equity = $50000.0
C:/Users/Maxim/My Drive/Trading/Trading_Bot_Officiel/Job_Trading_Or_Software/github_trading_backtester/lib/trading_bot/runner.rb:35: warning: already initialized constant RESULTS_DIR
C:/Users/Maxim/My Drive/Trading/Trading_Bot_Officiel/Job_Trading_Or_Software/github_trading_backtester/lib/trading_bot/bootstrap.rb:240: warning: previous definition of RESULTS_DIR was here
C:/Users/Maxim/My Drive/Trading/Trading_Bot_Officiel/Job_Trading_Or_Software/github_trading_backtester/lib/trading_bot/runner.rb:39: warning: already initialized constant SWEEP_LIVE
C:/Users/Maxim/My Drive/Trading/Trading_Bot_Officiel/Job_Trading_Or_Software/github_trading_backtester/lib/trading_bot/bootstrap.rb:246: warning: previous definition of SWEEP_LIVE was here
C:/Users/Maxim/My Drive/Trading/Trading_Bot_Officiel/Job_Trading_Or_Software/github_trading_backtester/lib/trading_bot/runner.rb:40: warning: already initialized constant SWEEP_BEST
C:/Users/Maxim/My Drive/Trading/Trading_Bot_Officiel/Job_Trading_Or_Software/github_trading_backtester/lib/trading_bot/bootstrap.rb:247: warning: previous definition of SWEEP_BEST was here
[STORAGE] profile=default bot=vanilla
[STORAGE] RESULTS_DIR → C:/Users/Maxim/My Drive/Trading/Trading_Bot_Officiel/Job_Trading_Or_Software/github_trading_backtester/storage/default/vanilla
[STORAGE] METRICS_CSV → C:/Users/Maxim/My Drive/Trading/Trading_Bot_Officiel/Job_Trading_Or_Software/github_trading_backtester/storage/default/vanilla/metrics/latest.csv
=== ACTIVE CONFIGURATION ===
ATR Stop Multiplier   = 6.0
ATR Profit Multiplier = 3.0
SMA Filter Length     = 200
RSI2 Period           = 2, Oversold=20, Overbought=88
RSI3 Period           = 3, Oversold=20, Overbought=88
Breakout Entry Window = 36, Exit Window=40
============================

🟢 MODE: ONE-TRADE (Strict Sequential)
-------------------------------------------------------------
[BOT_METRICS] 🩵 fallback metrics written for tuner
[RUNNING] DELL_GoogleFinance_AutoUpToDate with Hybrid v3 Strategy...
[REGIME] Benchmark VXX_GoogleFinance_AutoUpToDate missing; regime filter will be OFF
[VIXY PANIC] 2019-02-14T00:00:00Z | Blocked for 15 days
[VIXY PANIC] 2019-02-15T00:00:00Z | Blocked for 15 days
[VIXY FAST PANIC] 2019-02-20T00:00:00Z | Blocked for 12 days
[VIXY PANIC] 2019-02-25T00:00:00Z | Blocked for 15 days
[VIXY FAST PANIC] 2019-02-26T00:00:00Z | Blocked for 12 days
[VIXY PANIC] 2019-02-28T00:00:00Z | Blocked for 15 days
[VIXY FAST PANIC] 2019-02-28T00:00:00Z | Blocked for 12 days
[VIXY PANIC] 2019-03-01T00:00:00Z | Blocked for 15 days
[VIXY FAST PANIC] 2019-03-01T00:00:00Z | Blocked for 12 days
[VIXY PANIC] 2019-03-04T00:00:00Z | Blocked for 15 days
[VIXY FAST PANIC] 2019-03-04T00:00:00Z | Blocked for 12 days
[VIXY PANIC] 2019-03-05T00:00:00Z | Blocked for 15 days
[VIXY PANIC] 2019-03-06T00:00:00Z | Blocked for 15 days
[VIXY FAST PANIC] 2019-03-06T00:00:00Z | Blocked for 12 days
[VIXY PANIC] 2019-03-07T00:00:00Z | Blocked for 15 days
[VIXY FAST PANIC] 2019-03-07T00:00:00Z | Blocked for 12 days
[VIXY PANIC] 2019-03-08T00:00:00Z | Blocked for 15 days
[VIXY FAST PANIC] 2019-04-23T00:00:00Z | Blocked for 12 days
[VIXY PANIC] 2019-04-24T00:00:00Z | Blocked for 15 days
[VIXY FAST PANIC] 2019-04-24T00:00:00Z | Blocked for 12 days
[VIXY PANIC] 2019-04-25T00:00:00Z | Blocked for 15 days
[VIXY FAST PANIC] 2019-04-25T00:00:00Z | Blocked for 12 days
[VIXY PANIC] 2019-04-26T00:00:00Z | Blocked for 15 days
[VIXY FAST PANIC] 2019-05-14T00:00:00Z | Blocked for 12 days
[VIXY FAST PANIC] 2019-05-23T00:00:00Z | Blocked for 12 days
[VIXY PANIC] 2019-05-24T00:00:00Z | Blocked for 15 days
[VIXY PANIC] 2019-05-28T00:00:00Z | Blocked for 15 days
[VIXY PANIC] 2019-06-05T00:00:00Z | Blocked for 15 days
[VIXY FAST PANIC] 2019-06-05T00:00:00Z | Blocked for 12 days
[VIXY PANIC] 2019-06-06T00:00:00Z | Blocked for 15 days
[VIXY FAST PANIC] 2019-06-06T00:00:00Z | Blocked for 12 days
[VIXY PANIC] 2019-06-07T00:00:00Z | Blocked for 15 days
[VIXY FAST PANIC] 2019-06-07T00:00:00Z | Blocked for 12 days
[VIXY PANIC] 2019-06-10T00:00:00Z | Blocked for 15 days
[VIXY PANIC] 2019-06-11T00:00:00Z | Blocked for 15 days
[VIXY FAST PANIC] 2019-06-14T00:00:00Z | Blocked for 12 days
[VIXY PANIC] 2019-06-28T00:00:00Z | Blocked for 15 days
[VIXY FAST PANIC] 2019-06-28T00:00:00Z | Blocked for 12 days
[VIXY PANIC] 2019-07-01T00:00:00Z | Blocked for 15 days
[VIXY FAST PANIC] 2019-07-01T00:00:00Z | Blocked for 12 days
[VIXY PANIC] 2019-07-02T00:00:00Z | Blocked for 15 days
[VIXY FAST PANIC] 2019-07-02T00:00:00Z | Blocked for 12 days
[VIXY PANIC] 2019-07-03T00:00:00Z | Blocked for 15 days
[VIXY FAST PANIC] 2019-07-03T00:00:00Z | Blocked for 12 days
[VIXY PANIC] 2019-07-05T00:00:00Z | Blocked for 15 days
[VIXY PANIC] 2019-07-08T00:00:00Z | Blocked for 15 days
[VIXY FAST PANIC] 2019-07-08T00:00:00Z | Blocked for 12 days
[VIXY FAST PANIC] 2019-07-16T00:00:00Z | Blocked for 12 days
[VIXY PANIC] 2019-07-17T00:00:00Z | Blocked for 15 days
[VIXY FAST PANIC] 2019-07-17T00:00:00Z | Blocked for 12 days
[VIXY PANIC] 2019-07-18T00:00:00Z | Blocked for 15 days
[VIXY FAST PANIC] 2019-07-18T00:00:00Z | Blocked for 12 days
[VIXY PANIC] 2019-07-19T00:00:00Z | Blocked for 15 days
[VIXY FAST PANIC] 2019-07-19T00:00:00Z | Blocked for 12 days
[VIXY PANIC] 2019-07-22T00:00:00Z | Blocked for 15 days
[VIXY PANIC] 2019-07-23T00:00:00Z | Blocked for 15 days
[VIXY PANIC] 2019-07-24T00:00:00Z | Blocked for 15 days
[VIXY FAST PANIC] 2019-07-24T00:00:00Z | Blocked for 12 days
[VIXY PANIC] 2019-07-25T00:00:00Z | Blocked for 15 days
[VIXY FAST PANIC] 2019-07-25T00:00:00Z | Blocked for 12 days
[VIXY PANIC] 2019-07-26T00:00:00Z | Blocked for 15 days
[VIXY FAST PANIC] 2019-07-26T00:00:00Z | Blocked for 12 days
[VIXY PANIC] 2019-07-29T00:00:00Z | Blocked for 15 days
[VIXY FAST PANIC] 2019-07-29T00:00:00Z | Blocked for 12 days
[VIXY PANIC] 2019-07-30T00:00:00Z | Blocked for 15 days
[VIXY FAST PANIC] 2019-07-30T00:00:00Z | Blocked for 12 days
[VIXY PANIC] 2019-07-31T00:00:00Z | Blocked for 15 days
[VIXY FAST PANIC] 2019-07-31T00:00:00Z | Blocked for 12 days
[VIXY PANIC] 2019-08-01T00:00:00Z | Blocked for 15 days
[VIXY PANIC] 2019-08-02T00:00:00Z | Blocked for 15 days
[VIXY FAST PANIC] 2019-08-02T00:00:00Z | Blocked for 12 days
[VIXY PANIC] 2019-08-06T00:00:00Z | Blocked for 15 days
[VIXY PANIC] 2019-08-08T00:00:00Z | Blocked for 15 days
[VIXY FAST PANIC] 2019-08-08T00:00:00Z | Blocked for 12 days
[VIXY PANIC] 2019-08-09T00:00:00Z | Blocked for 15 days
[VIXY FAST PANIC] 2019-08-09T00:00:00Z | Blocked for 12 days
[VIXY PANIC] 2019-08-12T00:00:00Z | Blocked for 15 days
[VIXY FAST PANIC] 2019-08-12T00:00:00Z | Blocked for 12 days
[VIXY PANIC] 2019-08-13T00:00:00Z | Blocked for 15 days
[VIXY FAST PANIC] 2019-08-13T00:00:00Z | Blocked for 12 days
[VIXY PANIC] 2019-08-14T00:00:00Z | Blocked for 15 days
[VIXY PANIC] 2019-08-15T00:00:00Z | Blocked for 15 days
[VIXY FAST PANIC] 2019-08-23T00:00:00Z | Blocked for 12 days
[VIXY PANIC] 2019-08-26T00:00:00Z | Blocked for 15 days
[VIXY FAST PANIC] 2019-08-26T00:00:00Z | Blocked for 12 days
[VIXY PANIC] 2019-08-27T00:00:00Z | Blocked for 15 days
[VIXY FAST PANIC] 2019-08-27T00:00:00Z | Blocked for 12 days
[VIXY PANIC] 2019-08-28T00:00:00Z | Blocked for 15 days
[VIXY PANIC] 2019-08-29T00:00:00Z | Blocked for 15 days
[VIXY FAST PANIC] 2019-08-29T00:00:00Z | Blocked for 12 days
[VIXY PANIC] 2019-08-30T00:00:00Z | Blocked for 15 days
[VIXY FAST PANIC] 2019-08-30T00:00:00Z | Blocked for 12 days
[VIXY PANIC] 2019-09-03T00:00:00Z | Blocked for 15 days
[VIXY FAST PANIC] 2019-09-03T00:00:00Z | Blocked for 12 days
[VIXY PANIC] 2019-09-04T00:00:00Z | Blocked for 15 days
[VIXY FAST PANIC] 2019-09-11T00:00:00Z | Blocked for 12 days
[VIXY PANIC] 2019-09-12T00:00:00Z | Blocked for 15 days
[VIXY FAST PANIC] 2019-09-12T00:00:00Z | Blocked for 12 days
[VIXY PANIC] 2019-09-13T00:00:00Z | Blocked for 15 days
[VIXY FAST PANIC] 2019-09-13T00:00:00Z | Blocked for 12 days
[VIXY PANIC] 2019-09-16T00:00:00Z | Blocked for 15 days
[VIXY FAST PANIC] 2019-09-16T00:00:00Z | Blocked for 12 days
[VIXY PANIC] 2019-09-17T00:00:00Z | Blocked for 15 days
[VIXY PANIC] 2019-09-18T00:00:00Z | Blocked for 15 days
[VIXY PANIC] 2019-09-20T00:00:00Z | Blocked for 15 days
[VIXY FAST PANIC] 2019-09-20T00:00:00Z | Blocked for 12 days
[VIXY PANIC] 2019-09-23T00:00:00Z | Blocked for 15 days
[VIXY FAST PANIC] 2019-09-23T00:00:00Z | Blocked for 12 days
[VIXY PANIC] 2019-09-24T00:00:00Z | Blocked for 15 days
[VIXY FAST PANIC] 2019-09-24T00:00:00Z | Blocked for 12 days
[VIXY FAST PANIC] 2019-10-07T00:00:00Z | Blocked for 12 days
[VIXY PANIC] 2019-10-09T00:00:00Z | Blocked for 15 days
[VIXY FAST PANIC] 2019-10-09T00:00:00Z | Blocked for 12 days
[VIXY PANIC] 2019-10-10T00:00:00Z | Blocked for 15 days
[VIXY FAST PANIC] 2019-10-10T00:00:00Z | Blocked for 12 days
[VIXY PANIC] 2019-10-11T00:00:00Z | Blocked for 15 days
[VIXY PANIC] 2019-10-22T00:00:00Z | Blocked for 15 days
[VIXY FAST PANIC] 2019-10-22T00:00:00Z | Blocked for 12 days
[VIXY PANIC] 2019-10-23T00:00:00Z | Blocked for 15 days
[VIXY FAST PANIC] 2019-10-23T00:00:00Z | Blocked for 12 days
[VIXY PANIC] 2019-10-24T00:00:00Z | Blocked for 15 days
[VIXY FAST PANIC] 2019-10-24T00:00:00Z | Blocked for 12 days
[VIXY PANIC] 2019-10-25T00:00:00Z | Blocked for 15 days
[VIXY PANIC] 2019-10-28T00:00:00Z | Blocked for 15 days
[VIXY PANIC] 2019-10-30T00:00:00Z | Blocked for 15 days
[VIXY FAST PANIC] 2019-10-30T00:00:00Z | Blocked for 12 days
[VIXY PANIC] 2019-10-31T00:00:00Z | Blocked for 15 days
[VIXY FAST PANIC] 2019-10-31T00:00:00Z | Blocked for 12 days
[VIXY FAST PANIC] 2019-11-01T00:00:00Z | Blocked for 12 days
[VIXY PANIC] 2019-11-04T00:00:00Z | Blocked for 15 days
[VIXY PANIC] 2019-11-05T00:00:00Z | Blocked for 15 days
[VIXY FAST PANIC] 2019-11-06T00:00:00Z | Blocked for 12 days
[VIXY PANIC] 2019-11-07T00:00:00Z | Blocked for 15 days
[VIXY FAST PANIC] 2019-11-07T00:00:00Z | Blocked for 12 days
[VIXY PANIC] 2019-11-08T00:00:00Z | Blocked for 15 days
[VIXY FAST PANIC] 2019-11-08T00:00:00Z | Blocked for 12 days
[VIXY PANIC] 2019-11-11T00:00:00Z | Blocked for 15 days
[VIXY PANIC] 2019-11-12T00:00:00Z | Blocked for 15 days
[VIXY PANIC] 2019-11-13T00:00:00Z | Blocked for 15 days
[VIXY FAST PANIC] 2019-11-13T00:00:00Z | Blocked for 12 days
[VIXY FAST PANIC] 2019-11-14T00:00:00Z | Blocked for 12 days
[VIXY PANIC] 2019-11-27T00:00:00Z | Blocked for 15 days
[VIXY FAST PANIC] 2019-11-27T00:00:00Z | Blocked for 12 days
[VIXY FAST PANIC] 2019-12-17T00:00:00Z | Blocked for 12 days
[VIXY PANIC] 2019-12-18T00:00:00Z | Blocked for 15 days
[VIXY PANIC] 2019-12-19T00:00:00Z | Blocked for 15 days
[VIXY FAST PANIC] 2019-12-19T00:00:00Z | Blocked for 12 days
[32mBUY DELL_GoogleFinance_AutoUpToDate 2020-01-27T00:00:00Z @ 22.1773481715[0m
[VIXY FAST PANIC] 2020-01-30T00:00:00Z | Blocked for 12 days
[VIXY PANIC] 2020-01-31T00:00:00Z | Blocked for 15 days
[VIXY FAST PANIC] 2020-01-31T00:00:00Z | Blocked for 12 days
[VIXY PANIC] 2020-02-03T00:00:00Z | Blocked for 15 days
[VIXY FAST PANIC] 2020-02-03T00:00:00Z | Blocked for 12 days
[VIXY PANIC] 2020-02-04T00:00:00Z | Blocked for 15 days
[VIXY FAST PANIC] 2020-02-04T00:00:00Z | Blocked for 12 days
[VIXY PANIC] 2020-02-05T00:00:00Z | Blocked for 15 days
[VIXY PANIC] 2020-02-06T00:00:00Z | Blocked for 15 days
[VIXY FAST PANIC] 2020-02-06T00:00:00Z | Blocked for 12 days
[VIXY PANIC] 2020-02-10T00:00:00Z | Blocked for 15 days
[VIXY FAST PANIC] 2020-02-18T00:00:00Z | Blocked for 12 days
[32mBUY DELL_GoogleFinance_AutoUpToDate 2020-02-24T00:00:00Z @ 22.251042371[0m
[VIXY PANIC] 2020-02-25T00:00:00Z | Blocked for 15 days
[VIXY FAST PANIC] 2020-02-25T00:00:00Z | Blocked for 12 days
[VIXY FAST PANIC] 2020-03-19T00:00:00Z | Blocked for 12 days
[VIXY PANIC] 2020-03-23T00:00:00Z | Blocked for 15 days
[VIXY FAST PANIC] 2020-03-25T00:00:00Z | Blocked for 12 days
[VIXY PANIC] 2020-03-26T00:00:00Z | Blocked for 15 days
[VIXY FAST PANIC] 2020-03-26T00:00:00Z | Blocked for 12 days
[VIXY PANIC] 2020-03-27T00:00:00Z | Blocked for 15 days
[VIXY FAST PANIC] 2020-03-27T00:00:00Z | Blocked for 12 days
[VIXY PANIC] 2020-03-30T00:00:00Z | Blocked for 15 days
[VIXY FAST PANIC] 2020-03-30T00:00:00Z | Blocked for 12 days
[VIXY PANIC] 2020-03-31T00:00:00Z | Blocked for 15 days
[VIXY FAST PANIC] 2020-03-31T00:00:00Z | Blocked for 12 days
[VIXY PANIC] 2020-04-01T00:00:00Z | Blocked for 15 days
[VIXY PANIC] 2020-04-02T00:00:00Z | Blocked for 15 days
[32mBUY DELL_GoogleFinance_AutoUpToDate 2020-04-02T00:00:00Z @ 17.1062660662[0m
[32mBUY DELL_GoogleFinance_AutoUpToDate 2020-04-21T00:00:00Z @ 17.2260191404[0m
[VIXY PANIC] 2020-04-24T00:00:00Z | Blocked for 15 days
[VIXY FAST PANIC] 2020-04-24T00:00:00Z | Blocked for 12 days
[VIXY PANIC] 2020-04-27T00:00:00Z | Blocked for 15 days
[VIXY FAST PANIC] 2020-04-27T00:00:00Z | Blocked for 12 days
[VIXY PANIC] 2020-04-28T00:00:00Z | Blocked for 15 days
[VIXY FAST PANIC] 2020-04-28T00:00:00Z | Blocked for 12 days
[VIXY PANIC] 2020-04-29T00:00:00Z | Blocked for 15 days
[VIXY FAST PANIC] 2020-04-29T00:00:00Z | Blocked for 12 days
[VIXY PANIC] 2020-04-30T00:00:00Z | Blocked for 15 days
[VIXY PANIC] 2020-05-04T00:00:00Z | Blocked for 15 days
[VIXY FAST PANIC] 2020-05-04T00:00:00Z | Blocked for 12 days
[32mBUY DELL_GoogleFinance_AutoUpToDate 2020-05-04T00:00:00Z @ 18.6768736937[0m
[VIXY PANIC] 2020-05-05T00:00:00Z | Blocked for 15 days
[VIXY FAST PANIC] 2020-05-05T00:00:00Z | Blocked for 12 days
[VIXY PANIC] 2020-05-06T00:00:00Z | Blocked for 15 days
[VIXY FAST PANIC] 2020-05-06T00:00:00Z | Blocked for 12 days
[VIXY PANIC] 2020-05-07T00:00:00Z | Blocked for 15 days
[VIXY FAST PANIC] 2020-05-07T00:00:00Z | Blocked for 12 days
[VIXY PANIC] 2020-05-08T00:00:00Z | Blocked for 15 days
[VIXY FAST PANIC] 2020-05-08T00:00:00Z | Blocked for 12 days
[VIXY PANIC] 2020-05-11T00:00:00Z | Blocked for 15 days
[VIXY PANIC] 2020-05-12T00:00:00Z | Blocked for 15 days
[32mBUY DELL_GoogleFinance_AutoUpToDate 2020-05-13T00:00:00Z @ 18.8979562923[0m
[VIXY PANIC] 2020-05-20T00:00:00Z | Blocked for 15 days
[VIXY FAST PANIC] 2020-05-20T00:00:00Z | Blocked for 12 days
[VIXY PANIC] 2020-05-21T00:00:00Z | Blocked for 15 days
[VIXY FAST PANIC] 2020-05-21T00:00:00Z | Blocked for 12 days
[VIXY PANIC] 2020-05-22T00:00:00Z | Blocked for 15 days
[VIXY FAST PANIC] 2020-05-22T00:00:00Z | Blocked for 12 days
[VIXY PANIC] 2020-05-26T00:00:00Z | Blocked for 15 days
[VIXY PANIC] 2020-06-03T00:00:00Z | Blocked for 15 days
[VIXY FAST PANIC] 2020-06-03T00:00:00Z | Blocked for 12 days
[32mBUY DELL_GoogleFinance_AutoUpToDate 2020-06-03T00:00:00Z @ 22.4813367445[0m
[32mBUY DELL_GoogleFinance_AutoUpToDate 2020-06-12T00:00:00Z @ 21.6016122376[0m
[VIXY FAST PANIC] 2020-06-15T00:00:00Z | Blocked for 12 days
[VIXY PANIC] 2020-06-17T00:00:00Z | Blocked for 15 days
[VIXY FAST PANIC] 2020-06-17T00:00:00Z | Blocked for 12 days
[VIXY FAST PANIC] 2020-07-10T00:00:00Z | Blocked for 12 days
[VIXY PANIC] 2020-07-13T00:00:00Z | Blocked for 15 days
[VIXY FAST PANIC] 2020-07-13T00:00:00Z | Blocked for 12 days
[32mBUY DELL_GoogleFinance_AutoUpToDate 2020-07-13T00:00:00Z @ 23.8446794359[0m
[VIXY PANIC] 2020-07-14T00:00:00Z | Blocked for 15 days
[VIXY FAST PANIC] 2020-07-14T00:00:00Z | Blocked for 12 days
[VIXY PANIC] 2020-07-15T00:00:00Z | Blocked for 15 days
[VIXY FAST PANIC] 2020-07-15T00:00:00Z | Blocked for 12 days
[VIXY PANIC] 2020-07-16T00:00:00Z | Blocked for 15 days
[REASON] ATR profit target hit, RSI2 extremely overbought, RSI3 extremely overbought
[31mSELL DELL_GoogleFinance_AutoUpToDate 2020-07-20T00:00:00Z @ 28.3031785075 → 18.7%[0m
[32mBUY DELL_GoogleFinance_AutoUpToDate 2020-07-27T00:00:00Z @ 28.0774900214[0m
[VIXY FAST PANIC] 2020-08-06T00:00:00Z | Blocked for 12 days
[VIXY FAST PANIC] 2020-08-12T00:00:00Z | Blocked for 12 days
[VIXY PANIC] 2020-08-13T00:00:00Z | Blocked for 15 days
[VIXY FAST PANIC] 2020-08-13T00:00:00Z | Blocked for 12 days
[32mBUY DELL_GoogleFinance_AutoUpToDate 2020-08-13T00:00:00Z @ 27.4326657755[0m
[VIXY FAST PANIC] 2020-08-20T00:00:00Z | Blocked for 12 days
[32mBUY DELL_GoogleFinance_AutoUpToDate 2020-09-08T00:00:00Z @ 29.5467681246[0m
[VIXY PANIC] 2020-09-15T00:00:00Z | Blocked for 15 days
[VIXY FAST PANIC] 2020-09-15T00:00:00Z | Blocked for 12 days
[REASON] ATR profit target hit, RSI2 extremely overbought, RSI3 extremely overbought
[31mSELL DELL_GoogleFinance_AutoUpToDate 2020-09-15T00:00:00Z @ 30.9055049285 → 4.6%[0m
[VIXY PANIC] 2020-09-16T00:00:00Z | Blocked for 15 days
[VIXY FAST PANIC] 2020-09-16T00:00:00Z | Blocked for 12 days
[VIXY PANIC] 2020-09-18T00:00:00Z | Blocked for 15 days
[VIXY PANIC] 2020-09-21T00:00:00Z | Blocked for 15 days
[32mBUY DELL_GoogleFinance_AutoUpToDate 2020-09-21T00:00:00Z @ 30.1685629331[0m
[REASON] ATR profit target hit, RSI2 extremely overbought
[31mSELL DELL_GoogleFinance_AutoUpToDate 2020-09-28T00:00:00Z @ 31.0022285653 → 2.76%[0m
[VIXY FAST PANIC] 2020-09-29T00:00:00Z | Blocked for 12 days
[VIXY FAST PANIC] 2020-09-30T00:00:00Z | Blocked for 12 days
[VIXY PANIC] 2020-10-02T00:00:00Z | Blocked for 15 days
[32mBUY DELL_GoogleFinance_AutoUpToDate 2020-10-02T00:00:00Z @ 30.9331402533[0m
[VIXY FAST PANIC] 2020-10-09T00:00:00Z | Blocked for 12 days
[VIXY PANIC] 2020-10-13T00:00:00Z | Blocked for 15 days
[VIXY FAST PANIC] 2020-10-13T00:00:00Z | Blocked for 12 days
[VIXY PANIC] 2020-10-14T00:00:00Z | Blocked for 15 days
[VIXY FAST PANIC] 2020-10-14T00:00:00Z | Blocked for 12 days
[VIXY PANIC] 2020-10-15T00:00:00Z | Blocked for 15 days
[VIXY FAST PANIC] 2020-10-15T00:00:00Z | Blocked for 12 days
[VIXY PANIC] 2020-10-16T00:00:00Z | Blocked for 15 days
[VIXY PANIC] 2020-10-19T00:00:00Z | Blocked for 15 days
[32mBUY DELL_GoogleFinance_AutoUpToDate 2020-10-19T00:00:00Z @ 32.0109179214[0m
[VIXY PANIC] 2020-10-27T00:00:00Z | Blocked for 15 days
[VIXY FAST PANIC] 2020-10-27T00:00:00Z | Blocked for 12 days
[VIXY PANIC] 2020-10-28T00:00:00Z | Blocked for 15 days
[VIXY FAST PANIC] 2020-10-28T00:00:00Z | Blocked for 12 days
[32mBUY DELL_GoogleFinance_AutoUpToDate 2020-11-02T00:00:00Z @ 27.7688955609[0m
[VIXY FAST PANIC] 2020-11-03T00:00:00Z | Blocked for 12 days
[REASON] ATR profit target hit, RSI2 extremely overbought, RSI3 extremely overbought
[31mSELL DELL_GoogleFinance_AutoUpToDate 2020-11-04T00:00:00Z @ 28.6624377302 → 3.22%[0m
[VIXY FAST PANIC] 2020-11-19T00:00:00Z | Blocked for 12 days
[VIXY PANIC] 2020-11-20T00:00:00Z | Blocked for 15 days
[VIXY PANIC] 2020-11-23T00:00:00Z | Blocked for 15 days
[VIXY PANIC] 2020-12-02T00:00:00Z | Blocked for 15 days
[VIXY FAST PANIC] 2020-12-02T00:00:00Z | Blocked for 12 days
[VIXY FAST PANIC] 2020-12-08T00:00:00Z | Blocked for 12 days
[VIXY PANIC] 2020-12-09T00:00:00Z | Blocked for 15 days
[VIXY FAST PANIC] 2020-12-09T00:00:00Z | Blocked for 12 days
[VIXY PANIC] 2020-12-10T00:00:00Z | Blocked for 15 days
[VIXY FAST PANIC] 2020-12-10T00:00:00Z | Blocked for 12 days
[VIXY PANIC] 2020-12-11T00:00:00Z | Blocked for 15 days
[VIXY FAST PANIC] 2020-12-11T00:00:00Z | Blocked for 12 days
[VIXY PANIC] 2020-12-14T00:00:00Z | Blocked for 15 days
[VIXY FAST PANIC] 2020-12-14T00:00:00Z | Blocked for 12 days
[VIXY PANIC] 2020-12-15T00:00:00Z | Blocked for 15 days
[VIXY FAST PANIC] 2020-12-15T00:00:00Z | Blocked for 12 days
[32mBUY DELL_GoogleFinance_AutoUpToDate 2020-12-29T00:00:00Z @ 32.9320954156[0m
[VIXY FAST PANIC] 2021-01-13T00:00:00Z | Blocked for 12 days
[32mBUY DELL_GoogleFinance_AutoUpToDate 2021-01-13T00:00:00Z @ 32.8077364539[0m
[VIXY PANIC] 2021-01-15T00:00:00Z | Blocked for 15 days
[VIXY FAST PANIC] 2021-01-15T00:00:00Z | Blocked for 12 days
[VIXY PANIC] 2021-01-19T00:00:00Z | Blocked for 15 days
[VIXY FAST PANIC] 2021-01-19T00:00:00Z | Blocked for 12 days
[REASON] ATR profit target hit, RSI2 extremely overbought, RSI3 extremely overbought
[31mSELL DELL_GoogleFinance_AutoUpToDate 2021-01-19T00:00:00Z @ 34.4796736057 → 5.1%[0m
[VIXY PANIC] 2021-01-21T00:00:00Z | Blocked for 15 days
[VIXY PANIC] 2021-01-22T00:00:00Z | Blocked for 15 days
[32mBUY DELL_GoogleFinance_AutoUpToDate 2021-01-25T00:00:00Z @ 34.8573563783[0m
[VIXY FAST PANIC] 2021-02-05T00:00:00Z | Blocked for 12 days
[VIXY PANIC] 2021-02-08T00:00:00Z | Blocked for 15 days
[VIXY FAST PANIC] 2021-02-08T00:00:00Z | Blocked for 12 days
[VIXY FAST PANIC] 2021-02-09T00:00:00Z | Blocked for 12 days
[VIXY PANIC] 2021-02-10T00:00:00Z | Blocked for 15 days
[VIXY FAST PANIC] 2021-02-10T00:00:00Z | Blocked for 12 days
[VIXY PANIC] 2021-02-11T00:00:00Z | Blocked for 15 days
[VIXY FAST PANIC] 2021-02-11T00:00:00Z | Blocked for 12 days
[32mBUY DELL_GoogleFinance_AutoUpToDate 2021-02-11T00:00:00Z @ 36.6168053921[0m
[VIXY FAST PANIC] 2021-02-12T00:00:00Z | Blocked for 12 days
[VIXY PANIC] 2021-02-16T00:00:00Z | Blocked for 15 days
[VIXY PANIC] 2021-02-17T00:00:00Z | Blocked for 15 days
[VIXY PANIC] 2021-03-04T00:00:00Z | Blocked for 15 days
[VIXY FAST PANIC] 2021-03-04T00:00:00Z | Blocked for 12 days
[VIXY PANIC] 2021-03-05T00:00:00Z | Blocked for 15 days
[VIXY FAST PANIC] 2021-03-05T00:00:00Z | Blocked for 12 days
[VIXY PANIC] 2021-03-09T00:00:00Z | Blocked for 15 days
[32mBUY DELL_GoogleFinance_AutoUpToDate 2021-03-22T00:00:00Z @ 40.2324270566[0m
[REASON] ATR profit target hit, RSI3 extremely overbought
[31mSELL DELL_GoogleFinance_AutoUpToDate 2021-03-26T00:00:00Z @ 40.9877926018 → 1.88%[0m
[VIXY PANIC] 2021-03-31T00:00:00Z | Blocked for 15 days
[VIXY FAST PANIC] 2021-03-31T00:00:00Z | Blocked for 12 days
[VIXY PANIC] 2021-04-05T00:00:00Z | Blocked for 15 days
[VIXY FAST PANIC] 2021-04-05T00:00:00Z | Blocked for 12 days
[VIXY PANIC] 2021-04-06T00:00:00Z | Blocked for 15 days
[VIXY FAST PANIC] 2021-04-06T00:00:00Z | Blocked for 12 days
[VIXY PANIC] 2021-04-07T00:00:00Z | Blocked for 15 days
[VIXY FAST PANIC] 2021-04-07T00:00:00Z | Blocked for 12 days
[32mBUY DELL_GoogleFinance_AutoUpToDate 2021-04-14T00:00:00Z @ 42.6965768535[0m
[VIXY PANIC] 2021-04-19T00:00:00Z | Blocked for 15 days
[REASON] ATR profit target hit, RSI2 extremely overbought, RSI3 extremely overbought
[31mSELL DELL_GoogleFinance_AutoUpToDate 2021-04-19T00:00:00Z @ 47.6340882221 → 11.56%[0m
[32mBUY DELL_GoogleFinance_AutoUpToDate 2021-04-22T00:00:00Z @ 46.2845631931[0m
[32mBUY DELL_GoogleFinance_AutoUpToDate 2021-05-04T00:00:00Z @ 44.4560258673[0m
[REASON] ATR profit target hit, RSI2 extremely overbought, RSI3 extremely overbought
[31mSELL DELL_GoogleFinance_AutoUpToDate 2021-05-07T00:00:00Z @ 46.547098779 → 4.7%[0m
[VIXY FAST PANIC] 2021-05-10T00:00:00Z | Blocked for 12 days
[VIXY PANIC] 2021-05-12T00:00:00Z | Blocked for 15 days
[32mBUY DELL_GoogleFinance_AutoUpToDate 2021-05-12T00:00:00Z @ 43.3367952119[0m
[REASON] ATR profit target hit, RSI2 extremely overbought, RSI3 extremely overbought
[31mSELL DELL_GoogleFinance_AutoUpToDate 2021-05-17T00:00:00Z @ 45.3173268243 → 4.57%[0m
[VIXY FAST PANIC] 2021-05-18T00:00:00Z | Blocked for 12 days
[32mBUY DELL_GoogleFinance_AutoUpToDate 2021-05-19T00:00:00Z @ 44.5849907165[0m
[VIXY PANIC] 2021-05-20T00:00:00Z | Blocked for 15 days
[VIXY FAST PANIC] 2021-05-20T00:00:00Z | Blocked for 12 days
[VIXY PANIC] 2021-05-21T00:00:00Z | Blocked for 15 days
[VIXY FAST PANIC] 2021-05-21T00:00:00Z | Blocked for 12 days
[VIXY PANIC] 2021-05-24T00:00:00Z | Blocked for 15 days
[VIXY FAST PANIC] 2021-05-24T00:00:00Z | Blocked for 12 days
[REASON] ATR profit target hit, RSI2 extremely overbought, RSI3 extremely overbought
[31mSELL DELL_GoogleFinance_AutoUpToDate 2021-05-24T00:00:00Z @ 46.1233571317 → 3.45%[0m
[VIXY PANIC] 2021-05-27T00:00:00Z | Blocked for 15 days
[VIXY PANIC] 2021-05-28T00:00:00Z | Blocked for 15 days
[VIXY FAST PANIC] 2021-05-28T00:00:00Z | Blocked for 12 days
[32mBUY DELL_GoogleFinance_AutoUpToDate 2021-05-28T00:00:00Z @ 45.4324740111[0m
[VIXY FAST PANIC] 2021-06-01T00:00:00Z | Blocked for 12 days
[VIXY PANIC] 2021-06-02T00:00:00Z | Blocked for 15 days
[VIXY FAST PANIC] 2021-06-02T00:00:00Z | Blocked for 12 days
[VIXY PANIC] 2021-06-03T00:00:00Z | Blocked for 15 days
[VIXY PANIC] 2021-06-08T00:00:00Z | Blocked for 15 days
[VIXY FAST PANIC] 2021-06-08T00:00:00Z | Blocked for 12 days
[VIXY PANIC] 2021-06-09T00:00:00Z | Blocked for 15 days
[VIXY FAST PANIC] 2021-06-09T00:00:00Z | Blocked for 12 days
[VIXY PANIC] 2021-06-10T00:00:00Z | Blocked for 15 days
[VIXY FAST PANIC] 2021-06-10T00:00:00Z | Blocked for 12 days
[VIXY PANIC] 2021-06-11T00:00:00Z | Blocked for 15 days
[VIXY PANIC] 2021-06-14T00:00:00Z | Blocked for 15 days
[32mBUY DELL_GoogleFinance_AutoUpToDate 2021-06-14T00:00:00Z @ 47.3208878741[0m
[32mBUY DELL_GoogleFinance_AutoUpToDate 2021-06-24T00:00:00Z @ 45.6351330598[0m
[REASON] ATR profit target hit, RSI2 extremely overbought, RSI3 extremely overbought
[31mSELL DELL_GoogleFinance_AutoUpToDate 2021-06-29T00:00:00Z @ 47.0721699506 → 3.15%[0m
[VIXY PANIC] 2021-07-28T00:00:00Z | Blocked for 15 days
[32mBUY DELL_GoogleFinance_AutoUpToDate 2021-07-28T00:00:00Z @ 44.1658549566[0m
[VIXY PANIC] 2021-07-29T00:00:00Z | Blocked for 15 days
[VIXY PANIC] 2021-08-03T00:00:00Z | Blocked for 15 days
[VIXY FAST PANIC] 2021-08-03T00:00:00Z | Blocked for 12 days
[VIXY PANIC] 2021-08-04T00:00:00Z | Blocked for 15 days
[VIXY FAST PANIC] 2021-08-04T00:00:00Z | Blocked for 12 days
[VIXY PANIC] 2021-08-05T00:00:00Z | Blocked for 15 days
[VIXY FAST PANIC] 2021-08-05T00:00:00Z | Blocked for 12 days
[VIXY PANIC] 2021-08-06T00:00:00Z | Blocked for 15 days
[VIXY PANIC] 2021-08-13T00:00:00Z | Blocked for 15 days
[VIXY FAST PANIC] 2021-08-13T00:00:00Z | Blocked for 12 days
[VIXY PANIC] 2021-08-16T00:00:00Z | Blocked for 15 days
[VIXY FAST PANIC] 2021-08-16T00:00:00Z | Blocked for 12 days
[32mBUY DELL_GoogleFinance_AutoUpToDate 2021-08-16T00:00:00Z @ 45.8976686456[0m
[VIXY PANIC] 2021-08-17T00:00:00Z | Blocked for 15 days
[VIXY FAST PANIC] 2021-08-17T00:00:00Z | Blocked for 12 days
[VIXY PANIC] 2021-08-18T00:00:00Z | Blocked for 15 days
[VIXY FAST PANIC] 2021-08-18T00:00:00Z | Blocked for 12 days
[VIXY PANIC] 2021-08-19T00:00:00Z | Blocked for 15 days
[32mBUY DELL_GoogleFinance_AutoUpToDate 2021-09-08T00:00:00Z @ 43.7052662095[0m
[VIXY PANIC] 2021-09-15T00:00:00Z | Blocked for 15 days
[VIXY PANIC] 2021-09-16T00:00:00Z | Blocked for 15 days
[VIXY FAST PANIC] 2021-09-16T00:00:00Z | Blocked for 12 days
[VIXY FAST PANIC] 2021-09-17T00:00:00Z | Blocked for 12 days
[VIXY PANIC] 2021-09-21T00:00:00Z | Blocked for 15 days
[VIXY FAST PANIC] 2021-09-21T00:00:00Z | Blocked for 12 days
[32mBUY DELL_GoogleFinance_AutoUpToDate 2021-09-21T00:00:00Z @ 45.754886134[0m
[VIXY PANIC] 2021-09-22T00:00:00Z | Blocked for 15 days
[VIXY FAST PANIC] 2021-09-22T00:00:00Z | Blocked for 12 days
[VIXY PANIC] 2021-09-23T00:00:00Z | Blocked for 15 days
[VIXY FAST PANIC] 2021-09-23T00:00:00Z | Blocked for 12 days
[VIXY PANIC] 2021-09-24T00:00:00Z | Blocked for 15 days
[VIXY FAST PANIC] 2021-09-24T00:00:00Z | Blocked for 12 days
[VIXY PANIC] 2021-09-27T00:00:00Z | Blocked for 15 days
[VIXY FAST PANIC] 2021-09-27T00:00:00Z | Blocked for 12 days
[32mBUY DELL_GoogleFinance_AutoUpToDate 2021-10-12T00:00:00Z @ 47.7860825086[0m
[REASON] ATR profit target hit, RSI2 extremely overbought, RSI3 extremely overbought
[31mSELL DELL_GoogleFinance_AutoUpToDate 2021-10-21T00:00:00Z @ 52.0373166441 → 8.9%[0m
[32mBUY DELL_GoogleFinance_AutoUpToDate 2021-10-27T00:00:00Z @ 49.923214295[0m
[REASON] ATR profit target hit, RSI2 extremely overbought, RSI3 extremely overbought
[31mSELL DELL_GoogleFinance_AutoUpToDate 2021-11-01T00:00:00Z @ 51.3602511859 → 2.88%[0m
[VIXY PANIC] 2021-11-17T00:00:00Z | Blocked for 15 days
[VIXY PANIC] 2021-11-18T00:00:00Z | Blocked for 15 days
[VIXY FAST PANIC] 2021-11-18T00:00:00Z | Blocked for 12 days
[32mBUY DELL_GoogleFinance_AutoUpToDate 2021-11-18T00:00:00Z @ 50.7986553266[0m
[VIXY PANIC] 2021-11-19T00:00:00Z | Blocked for 15 days
[VIXY PANIC] 2021-11-22T00:00:00Z | Blocked for 15 days
[VIXY FAST PANIC] 2021-11-30T00:00:00Z | Blocked for 12 days
[VIXY PANIC] 2021-12-01T00:00:00Z | Blocked for 15 days
[VIXY FAST PANIC] 2021-12-01T00:00:00Z | Blocked for 12 days
[VIXY PANIC] 2021-12-02T00:00:00Z | Blocked for 15 days
[VIXY PANIC] 2021-12-03T00:00:00Z | Blocked for 15 days
[32mBUY DELL_GoogleFinance_AutoUpToDate 2021-12-09T00:00:00Z @ 52.388953123[0m
[VIXY PANIC] 2021-12-17T00:00:00Z | Blocked for 15 days
[VIXY FAST PANIC] 2021-12-17T00:00:00Z | Blocked for 12 days
[VIXY PANIC] 2021-12-20T00:00:00Z | Blocked for 15 days
[32mBUY DELL_GoogleFinance_AutoUpToDate 2021-12-31T00:00:00Z @ 51.044015558[0m
[VIXY PANIC] 2022-01-11T00:00:00Z | Blocked for 15 days
[VIXY FAST PANIC] 2022-01-11T00:00:00Z | Blocked for 12 days
[VIXY PANIC] 2022-01-12T00:00:00Z | Blocked for 15 days
[VIXY FAST PANIC] 2022-01-12T00:00:00Z | Blocked for 12 days
[VIXY PANIC] 2022-01-13T00:00:00Z | Blocked for 15 days
[VIXY FAST PANIC] 2022-01-13T00:00:00Z | Blocked for 12 days
[VIXY PANIC] 2022-01-14T00:00:00Z | Blocked for 15 days
[VIXY PANIC] 2022-01-18T00:00:00Z | Blocked for 15 days
[VIXY FAST PANIC] 2022-01-18T00:00:00Z | Blocked for 12 days
[VIXY PANIC] 2022-01-19T00:00:00Z | Blocked for 15 days
[VIXY FAST PANIC] 2022-01-19T00:00:00Z | Blocked for 12 days
[32mBUY DELL_GoogleFinance_AutoUpToDate 2022-01-19T00:00:00Z @ 52.6706630184[0m
[VIXY PANIC] 2022-01-20T00:00:00Z | Blocked for 15 days
[VIXY FAST PANIC] 2022-01-20T00:00:00Z | Blocked for 12 days
[VIXY PANIC] 2022-01-21T00:00:00Z | Blocked for 15 days
[VIXY FAST PANIC] 2022-01-21T00:00:00Z | Blocked for 12 days
[VIXY PANIC] 2022-01-24T00:00:00Z | Blocked for 15 days
[VIXY FAST PANIC] 2022-02-03T00:00:00Z | Blocked for 12 days
[VIXY FAST PANIC] 2022-02-07T00:00:00Z | Blocked for 12 days
[VIXY PANIC] 2022-02-09T00:00:00Z | Blocked for 15 days
[32mBUY DELL_GoogleFinance_AutoUpToDate 2022-02-14T00:00:00Z @ 53.2522576411[0m
[VIXY PANIC] 2022-02-15T00:00:00Z | Blocked for 15 days
[VIXY FAST PANIC] 2022-02-15T00:00:00Z | Blocked for 12 days
[32mBUY DELL_GoogleFinance_AutoUpToDate 2022-02-22T00:00:00Z @ 51.9164074921[0m
[32mBUY DELL_GoogleFinance_AutoUpToDate 2022-02-23T00:00:00Z @ 51.5983479328[0m
[32mBUY DELL_GoogleFinance_AutoUpToDate 2022-02-24T00:00:00Z @ 50.7441308307[0m
[VIXY PANIC] 2022-02-28T00:00:00Z | Blocked for 15 days
[VIXY FAST PANIC] 2022-02-28T00:00:00Z | Blocked for 12 days
[VIXY PANIC] 2022-03-01T00:00:00Z | Blocked for 15 days
[VIXY FAST PANIC] 2022-03-01T00:00:00Z | Blocked for 12 days
[VIXY PANIC] 2022-03-02T00:00:00Z | Blocked for 15 days
[32mBUY DELL_GoogleFinance_AutoUpToDate 2022-03-14T00:00:00Z @ 46.109548681[0m
[VIXY FAST PANIC] 2022-03-23T00:00:00Z | Blocked for 12 days
[VIXY PANIC] 2022-03-24T00:00:00Z | Blocked for 15 days
[VIXY PANIC] 2022-03-28T00:00:00Z | Blocked for 15 days
[VIXY PANIC] 2022-03-29T00:00:00Z | Blocked for 15 days
[VIXY FAST PANIC] 2022-03-29T00:00:00Z | Blocked for 12 days
[VIXY PANIC] 2022-03-30T00:00:00Z | Blocked for 15 days
[VIXY FAST PANIC] 2022-03-30T00:00:00Z | Blocked for 12 days
[VIXY PANIC] 2022-03-31T00:00:00Z | Blocked for 15 days
[32mBUY DELL_GoogleFinance_AutoUpToDate 2022-03-31T00:00:00Z @ 45.6097408021[0m
[VIXY PANIC] 2022-04-01T00:00:00Z | Blocked for 15 days
[VIXY FAST PANIC] 2022-05-27T00:00:00Z | Blocked for 12 days
[VIXY PANIC] 2022-05-31T00:00:00Z | Blocked for 15 days
[VIXY FAST PANIC] 2022-05-31T00:00:00Z | Blocked for 12 days
[VIXY PANIC] 2022-06-01T00:00:00Z | Blocked for 15 days
[32mBUY DELL_GoogleFinance_AutoUpToDate 2022-06-10T00:00:00Z @ 44.980932897[0m
[32mBUY DELL_GoogleFinance_AutoUpToDate 2022-06-13T00:00:00Z @ 43.2333010452[0m
[32mBUY DELL_GoogleFinance_AutoUpToDate 2022-06-14T00:00:00Z @ 43.324800095[0m
[VIXY PANIC] 2022-06-27T00:00:00Z | Blocked for 15 days
[VIXY FAST PANIC] 2022-06-27T00:00:00Z | Blocked for 12 days
[VIXY PANIC] 2022-06-28T00:00:00Z | Blocked for 15 days
[32mBUY DELL_GoogleFinance_AutoUpToDate 2022-06-29T00:00:00Z @ 43.361399715[0m
[32mBUY DELL_GoogleFinance_AutoUpToDate 2022-06-30T00:00:00Z @ 42.281710927[0m
[32mBUY DELL_GoogleFinance_AutoUpToDate 2022-07-01T00:00:00Z @ 39.1066938978[0m
[VIXY PANIC] 2022-07-05T00:00:00Z | Blocked for 15 days
[VIXY FAST PANIC] 2022-07-05T00:00:00Z | Blocked for 12 days
[32mBUY DELL_GoogleFinance_AutoUpToDate 2022-07-05T00:00:00Z @ 39.4726900971[0m
[VIXY PANIC] 2022-07-07T00:00:00Z | Blocked for 15 days
[VIXY FAST PANIC] 2022-07-07T00:00:00Z | Blocked for 12 days
[VIXY PANIC] 2022-07-11T00:00:00Z | Blocked for 15 days
[VIXY PANIC] 2022-07-13T00:00:00Z | Blocked for 15 days
[VIXY FAST PANIC] 2022-07-13T00:00:00Z | Blocked for 12 days
[VIXY PANIC] 2022-07-18T00:00:00Z | Blocked for 15 days
[VIXY PANIC] 2022-07-19T00:00:00Z | Blocked for 15 days
[VIXY FAST PANIC] 2022-07-19T00:00:00Z | Blocked for 12 days
[VIXY PANIC] 2022-07-20T00:00:00Z | Blocked for 15 days
[VIXY FAST PANIC] 2022-07-20T00:00:00Z | Blocked for 12 days
[VIXY PANIC] 2022-07-21T00:00:00Z | Blocked for 15 days
[VIXY FAST PANIC] 2022-07-21T00:00:00Z | Blocked for 12 days
[VIXY PANIC] 2022-07-22T00:00:00Z | Blocked for 15 days
[VIXY FAST PANIC] 2022-07-22T00:00:00Z | Blocked for 12 days
[VIXY PANIC] 2022-07-25T00:00:00Z | Blocked for 15 days
[VIXY PANIC] 2022-07-26T00:00:00Z | Blocked for 15 days
[VIXY FAST PANIC] 2022-07-26T00:00:00Z | Blocked for 12 days
[VIXY FAST PANIC] 2022-08-16T00:00:00Z | Blocked for 12 days
[VIXY PANIC] 2022-08-18T00:00:00Z | Blocked for 15 days
[32mBUY DELL_GoogleFinance_AutoUpToDate 2022-08-23T00:00:00Z @ 43.2714838231[0m
[VIXY PANIC] 2022-08-30T00:00:00Z | Blocked for 15 days
[VIXY PANIC] 2022-08-31T00:00:00Z | Blocked for 15 days
[VIXY FAST PANIC] 2022-08-31T00:00:00Z | Blocked for 12 days
[32mBUY DELL_GoogleFinance_AutoUpToDate 2022-09-02T00:00:00Z @ 34.8365865717[0m
[VIXY PANIC] 2022-09-09T00:00:00Z | Blocked for 15 days
[VIXY FAST PANIC] 2022-09-09T00:00:00Z | Blocked for 12 days
[VIXY FAST PANIC] 2022-09-12T00:00:00Z | Blocked for 12 days
[VIXY PANIC] 2022-09-13T00:00:00Z | Blocked for 15 days
[VIXY FAST PANIC] 2022-09-13T00:00:00Z | Blocked for 12 days
[VIXY PANIC] 2022-09-14T00:00:00Z | Blocked for 15 days
[32mBUY DELL_GoogleFinance_AutoUpToDate 2022-09-14T00:00:00Z @ 35.1500144477[0m
[VIXY PANIC] 2022-09-15T00:00:00Z | Blocked for 15 days
[VIXY FAST PANIC] 2022-09-15T00:00:00Z | Blocked for 12 days
[32mBUY DELL_GoogleFinance_AutoUpToDate 2022-09-15T00:00:00Z @ 34.7075280345[0m
[VIXY PANIC] 2022-09-16T00:00:00Z | Blocked for 15 days
[VIXY PANIC] 2022-09-19T00:00:00Z | Blocked for 15 days
[VIXY FAST PANIC] 2022-09-19T00:00:00Z | Blocked for 12 days
[VIXY PANIC] 2022-09-20T00:00:00Z | Blocked for 15 days
[VIXY PANIC] 2022-09-23T00:00:00Z | Blocked for 15 days
[VIXY FAST PANIC] 2022-09-27T00:00:00Z | Blocked for 12 days
[32mBUY DELL_GoogleFinance_AutoUpToDate 2022-09-27T00:00:00Z @ 32.0065172206[0m
[VIXY PANIC] 2022-09-28T00:00:00Z | Blocked for 15 days
[VIXY FAST PANIC] 2022-09-28T00:00:00Z | Blocked for 12 days
[VIXY PANIC] 2022-09-29T00:00:00Z | Blocked for 15 days
[VIXY FAST PANIC] 2022-09-29T00:00:00Z | Blocked for 12 days
[VIXY PANIC] 2022-09-30T00:00:00Z | Blocked for 15 days
[VIXY FAST PANIC] 2022-09-30T00:00:00Z | Blocked for 12 days
[VIXY PANIC] 2022-10-03T00:00:00Z | Blocked for 15 days
[VIXY FAST PANIC] 2022-10-03T00:00:00Z | Blocked for 12 days
[VIXY PANIC] 2022-10-04T00:00:00Z | Blocked for 15 days
[VIXY PANIC] 2022-10-05T00:00:00Z | Blocked for 15 days
[32mBUY DELL_GoogleFinance_AutoUpToDate 2022-10-07T00:00:00Z @ 31.8958956173[0m
[32mBUY DELL_GoogleFinance_AutoUpToDate 2022-10-10T00:00:00Z @ 31.7852740141[0m
[VIXY FAST PANIC] 2022-11-16T00:00:00Z | Blocked for 12 days
[32mBUY DELL_GoogleFinance_AutoUpToDate 2022-11-16T00:00:00Z @ 38.3241278679[0m
[VIXY PANIC] 2022-11-28T00:00:00Z | Blocked for 15 days
[VIXY FAST PANIC] 2022-11-28T00:00:00Z | Blocked for 12 days
[VIXY PANIC] 2022-11-29T00:00:00Z | Blocked for 15 days
[VIXY FAST PANIC] 2022-11-29T00:00:00Z | Blocked for 12 days
[32mBUY DELL_GoogleFinance_AutoUpToDate 2022-11-29T00:00:00Z @ 40.5018466442[0m
[VIXY PANIC] 2022-11-30T00:00:00Z | Blocked for 15 days
[VIXY FAST PANIC] 2022-11-30T00:00:00Z | Blocked for 12 days
[VIXY PANIC] 2022-12-01T00:00:00Z | Blocked for 15 days
[VIXY FAST PANIC] 2022-12-01T00:00:00Z | Blocked for 12 days
[VIXY PANIC] 2022-12-02T00:00:00Z | Blocked for 15 days
[VIXY FAST PANIC] 2022-12-02T00:00:00Z | Blocked for 12 days
[VIXY PANIC] 2022-12-05T00:00:00Z | Blocked for 15 days
[32mBUY DELL_GoogleFinance_AutoUpToDate 2022-12-05T00:00:00Z @ 40.0830545718[0m
[32mBUY DELL_GoogleFinance_AutoUpToDate 2022-12-06T00:00:00Z @ 39.524665142[0m
[32mBUY DELL_GoogleFinance_AutoUpToDate 2022-12-07T00:00:00Z @ 39.0128081647[0m
[VIXY FAST PANIC] 2022-12-15T00:00:00Z | Blocked for 12 days
[32mBUY DELL_GoogleFinance_AutoUpToDate 2022-12-15T00:00:00Z @ 36.6489595783[0m
[VIXY PANIC] 2022-12-16T00:00:00Z | Blocked for 15 days
[VIXY FAST PANIC] 2022-12-16T00:00:00Z | Blocked for 12 days
[32mBUY DELL_GoogleFinance_AutoUpToDate 2022-12-16T00:00:00Z @ 36.5279752019[0m
[VIXY PANIC] 2022-12-19T00:00:00Z | Blocked for 15 days
[VIXY FAST PANIC] 2022-12-19T00:00:00Z | Blocked for 12 days
[32mBUY DELL_GoogleFinance_AutoUpToDate 2022-12-19T00:00:00Z @ 36.2953129394[0m
[VIXY PANIC] 2022-12-20T00:00:00Z | Blocked for 15 days
[VIXY FAST PANIC] 2022-12-20T00:00:00Z | Blocked for 12 days
[32mBUY DELL_GoogleFinance_AutoUpToDate 2022-12-20T00:00:00Z @ 36.248780487[0m
[VIXY PANIC] 2022-12-21T00:00:00Z | Blocked for 15 days
[VIXY FAST PANIC] 2022-12-21T00:00:00Z | Blocked for 12 days
[VIXY PANIC] 2022-12-22T00:00:00Z | Blocked for 15 days
[VIXY FAST PANIC] 2022-12-22T00:00:00Z | Blocked for 12 days
[VIXY PANIC] 2022-12-27T00:00:00Z | Blocked for 15 days
[VIXY FAST PANIC] 2022-12-29T00:00:00Z | Blocked for 12 days
[VIXY PANIC] 2022-12-30T00:00:00Z | Blocked for 15 days
[VIXY FAST PANIC] 2022-12-30T00:00:00Z | Blocked for 12 days
[VIXY PANIC] 2023-01-03T00:00:00Z | Blocked for 15 days
[VIXY FAST PANIC] 2023-01-03T00:00:00Z | Blocked for 12 days
[VIXY PANIC] 2023-01-04T00:00:00Z | Blocked for 15 days
[VIXY PANIC] 2023-01-05T00:00:00Z | Blocked for 15 days
[32mBUY DELL_GoogleFinance_AutoUpToDate 2023-01-11T00:00:00Z @ 37.9425617575[0m
[32mBUY DELL_GoogleFinance_AutoUpToDate 2023-01-12T00:00:00Z @ 37.1608165557[0m
[VIXY PANIC] 2023-01-13T00:00:00Z | Blocked for 15 days
[VIXY FAST PANIC] 2023-01-13T00:00:00Z | Blocked for 12 days
[VIXY PANIC] 2023-01-17T00:00:00Z | Blocked for 15 days
[VIXY FAST PANIC] 2023-01-17T00:00:00Z | Blocked for 12 days
[VIXY PANIC] 2023-01-18T00:00:00Z | Blocked for 15 days
[VIXY FAST PANIC] 2023-01-18T00:00:00Z | Blocked for 12 days
[VIXY PANIC] 2023-01-19T00:00:00Z | Blocked for 15 days
[32mBUY DELL_GoogleFinance_AutoUpToDate 2023-01-19T00:00:00Z @ 36.7234115023[0m
[VIXY PANIC] 2023-01-20T00:00:00Z | Blocked for 15 days
[VIXY FAST PANIC] 2023-01-25T00:00:00Z | Blocked for 12 days
[32mBUY DELL_GoogleFinance_AutoUpToDate 2023-02-16T00:00:00Z @ 40.0805577085[0m
[32mBUY DELL_GoogleFinance_AutoUpToDate 2023-02-17T00:00:00Z @ 39.855386036[0m
[32mBUY DELL_GoogleFinance_AutoUpToDate 2023-02-21T00:00:00Z @ 39.3018390077[0m
[32mBUY DELL_GoogleFinance_AutoUpToDate 2023-02-22T00:00:00Z @ 39.2267817836[0m
[VIXY PANIC] 2023-02-23T00:00:00Z | Blocked for 15 days
[VIXY PANIC] 2023-02-24T00:00:00Z | Blocked for 15 days
[VIXY FAST PANIC] 2023-02-24T00:00:00Z | Blocked for 12 days
[VIXY PANIC] 2023-02-27T00:00:00Z | Blocked for 15 days
[VIXY FAST PANIC] 2023-02-27T00:00:00Z | Blocked for 12 days
[32mBUY DELL_GoogleFinance_AutoUpToDate 2023-02-27T00:00:00Z @ 38.4668273888[0m
[32mBUY DELL_GoogleFinance_AutoUpToDate 2023-02-28T00:00:00Z @ 38.12906988[0m
[32mBUY DELL_GoogleFinance_AutoUpToDate 2023-03-01T00:00:00Z @ 37.9414268196[0m
[32mBUY DELL_GoogleFinance_AutoUpToDate 2023-03-02T00:00:00Z @ 37.688108688[0m
[32mBUY DELL_GoogleFinance_AutoUpToDate 2023-03-03T00:00:00Z @ 37.3315868732[0m
[VIXY FAST PANIC] 2023-03-14T00:00:00Z | Blocked for 12 days
[32mBUY DELL_GoogleFinance_AutoUpToDate 2023-03-24T00:00:00Z @ 35.070487995[0m
[32mBUY DELL_GoogleFinance_AutoUpToDate 2023-04-06T00:00:00Z @ 37.7444016061[0m
[VIXY PANIC] 2023-04-18T00:00:00Z | Blocked for 15 days
[VIXY PANIC] 2023-04-21T00:00:00Z | Blocked for 15 days
[32mBUY DELL_GoogleFinance_AutoUpToDate 2023-04-21T00:00:00Z @ 40.4464616764[0m
[VIXY PANIC] 2023-04-24T00:00:00Z | Blocked for 15 days
[VIXY FAST PANIC] 2023-04-24T00:00:00Z | Blocked for 12 days
[VIXY FAST PANIC] 2023-04-25T00:00:00Z | Blocked for 12 days
[REASON] ATR profit target hit, RSI2 extremely overbought, RSI3 extremely overbought
[31mSELL DELL_GoogleFinance_AutoUpToDate 2023-04-28T00:00:00Z @ 41.1567113237 → 1.76%[0m
[32mBUY DELL_GoogleFinance_AutoUpToDate 2023-05-11T00:00:00Z @ 42.3017934277[0m
[REASON] ATR profit target hit, RSI2 extremely overbought, RSI3 extremely overbought
[31mSELL DELL_GoogleFinance_AutoUpToDate 2023-05-16T00:00:00Z @ 42.9453106432 → 1.52%[0m
[VIXY PANIC] 2023-05-22T00:00:00Z | Blocked for 15 days
[VIXY FAST PANIC] 2023-05-22T00:00:00Z | Blocked for 12 days
[VIXY PANIC] 2023-05-24T00:00:00Z | Blocked for 15 days
[VIXY FAST PANIC] 2023-05-24T00:00:00Z | Blocked for 12 days
[32mBUY DELL_GoogleFinance_AutoUpToDate 2023-05-24T00:00:00Z @ 43.4468755317[0m
[VIXY FAST PANIC] 2023-06-01T00:00:00Z | Blocked for 12 days
[VIXY FAST PANIC] 2023-06-02T00:00:00Z | Blocked for 12 days
[VIXY PANIC] 2023-06-15T00:00:00Z | Blocked for 15 days
[VIXY FAST PANIC] 2023-06-15T00:00:00Z | Blocked for 12 days
[VIXY PANIC] 2023-06-16T00:00:00Z | Blocked for 15 days
[VIXY FAST PANIC] 2023-06-16T00:00:00Z | Blocked for 12 days
[VIXY PANIC] 2023-06-20T00:00:00Z | Blocked for 15 days
[VIXY FAST PANIC] 2023-06-20T00:00:00Z | Blocked for 12 days
[VIXY PANIC] 2023-06-21T00:00:00Z | Blocked for 15 days
[VIXY PANIC] 2023-06-22T00:00:00Z | Blocked for 15 days
[VIXY FAST PANIC] 2023-06-23T00:00:00Z | Blocked for 12 days
[VIXY PANIC] 2023-06-26T00:00:00Z | Blocked for 15 days
[VIXY FAST PANIC] 2023-06-26T00:00:00Z | Blocked for 12 days
[VIXY PANIC] 2023-06-27T00:00:00Z | Blocked for 15 days
[VIXY FAST PANIC] 2023-06-27T00:00:00Z | Blocked for 12 days
[32mBUY DELL_GoogleFinance_AutoUpToDate 2023-07-07T00:00:00Z @ 50.6580537401[0m
[VIXY PANIC] 2023-07-13T00:00:00Z | Blocked for 15 days
[VIXY FAST PANIC] 2023-07-13T00:00:00Z | Blocked for 12 days
[VIXY PANIC] 2023-07-14T00:00:00Z | Blocked for 15 days
[VIXY FAST PANIC] 2023-07-14T00:00:00Z | Blocked for 12 days
[32mBUY DELL_GoogleFinance_AutoUpToDate 2023-07-18T00:00:00Z @ 50.941958394[0m
[REASON] ATR profit target hit, RSI2 extremely overbought, RSI3 extremely overbought
[31mSELL DELL_GoogleFinance_AutoUpToDate 2023-07-25T00:00:00Z @ 51.8073066129 → 1.7%[0m
[VIXY FAST PANIC] 2023-07-26T00:00:00Z | Blocked for 12 days
[32mBUY DELL_GoogleFinance_AutoUpToDate 2023-07-28T00:00:00Z @ 50.1302630293[0m
[VIXY PANIC] 2023-07-31T00:00:00Z | Blocked for 15 days
[VIXY PANIC] 2023-08-01T00:00:00Z | Blocked for 15 days
[VIXY FAST PANIC] 2023-08-02T00:00:00Z | Blocked for 12 days
[VIXY PANIC] 2023-08-09T00:00:00Z | Blocked for 15 days
[VIXY FAST PANIC] 2023-08-09T00:00:00Z | Blocked for 12 days
[VIXY PANIC] 2023-08-10T00:00:00Z | Blocked for 15 days
[VIXY FAST PANIC] 2023-08-10T00:00:00Z | Blocked for 12 days
[VIXY PANIC] 2023-08-11T00:00:00Z | Blocked for 15 days
[VIXY FAST PANIC] 2023-08-11T00:00:00Z | Blocked for 12 days
[VIXY PANIC] 2023-08-14T00:00:00Z | Blocked for 15 days
[VIXY FAST PANIC] 2023-08-14T00:00:00Z | Blocked for 12 days
[VIXY PANIC] 2023-08-15T00:00:00Z | Blocked for 15 days
[VIXY FAST PANIC] 2023-08-15T00:00:00Z | Blocked for 12 days
[VIXY PANIC] 2023-08-16T00:00:00Z | Blocked for 15 days
[32mBUY DELL_GoogleFinance_AutoUpToDate 2023-08-16T00:00:00Z @ 52.6172424345[0m
[VIXY PANIC] 2023-08-17T00:00:00Z | Blocked for 15 days
[VIXY PANIC] 2023-08-18T00:00:00Z | Blocked for 15 days
[VIXY FAST PANIC] 2023-08-18T00:00:00Z | Blocked for 12 days
[VIXY PANIC] 2023-08-21T00:00:00Z | Blocked for 15 days
[VIXY FAST PANIC] 2023-08-21T00:00:00Z | Blocked for 12 days
[VIXY PANIC] 2023-08-22T00:00:00Z | Blocked for 15 days
[VIXY FAST PANIC] 2023-08-22T00:00:00Z | Blocked for 12 days
[VIXY PANIC] 2023-08-23T00:00:00Z | Blocked for 15 days
[VIXY PANIC] 2023-08-24T00:00:00Z | Blocked for 15 days
[VIXY FAST PANIC] 2023-09-07T00:00:00Z | Blocked for 12 days
[VIXY FAST PANIC] 2023-09-08T00:00:00Z | Blocked for 12 days
[VIXY PANIC] 2023-09-11T00:00:00Z | Blocked for 15 days
[VIXY FAST PANIC] 2023-09-11T00:00:00Z | Blocked for 12 days
[VIXY PANIC] 2023-09-12T00:00:00Z | Blocked for 15 days
[VIXY PANIC] 2023-09-13T00:00:00Z | Blocked for 15 days
[VIXY FAST PANIC] 2023-09-13T00:00:00Z | Blocked for 12 days
[VIXY FAST PANIC] 2023-09-14T00:00:00Z | Blocked for 12 days
[VIXY PANIC] 2023-09-15T00:00:00Z | Blocked for 15 days
[VIXY FAST PANIC] 2023-09-15T00:00:00Z | Blocked for 12 days
[VIXY PANIC] 2023-09-18T00:00:00Z | Blocked for 15 days
[VIXY FAST PANIC] 2023-09-18T00:00:00Z | Blocked for 12 days
[VIXY PANIC] 2023-09-19T00:00:00Z | Blocked for 15 days
[VIXY PANIC] 2023-09-20T00:00:00Z | Blocked for 15 days
[32mBUY DELL_GoogleFinance_AutoUpToDate 2023-09-27T00:00:00Z @ 64.7472224452[0m
[32mBUY DELL_GoogleFinance_AutoUpToDate 2023-10-05T00:00:00Z @ 63.0701788617[0m
[VIXY FAST PANIC] 2023-10-10T00:00:00Z | Blocked for 12 days
[REASON] ATR profit target hit, RSI2 extremely overbought, RSI3 extremely overbought
[31mSELL DELL_GoogleFinance_AutoUpToDate 2023-10-10T00:00:00Z @ 64.7758084154 → 2.7%[0m
[VIXY PANIC] 2023-10-13T00:00:00Z | Blocked for 15 days
[32mBUY DELL_GoogleFinance_AutoUpToDate 2023-10-16T00:00:00Z @ 64.5661779675[0m
[VIXY PANIC] 2023-10-24T00:00:00Z | Blocked for 15 days
[VIXY FAST PANIC] 2023-10-25T00:00:00Z | Blocked for 12 days
[VIXY PANIC] 2023-10-27T00:00:00Z | Blocked for 15 days
[VIXY FAST PANIC] 2023-10-31T00:00:00Z | Blocked for 12 days
[VIXY PANIC] 2023-11-01T00:00:00Z | Blocked for 15 days
[VIXY FAST PANIC] 2023-11-01T00:00:00Z | Blocked for 12 days
[VIXY PANIC] 2023-11-02T00:00:00Z | Blocked for 15 days
[VIXY FAST PANIC] 2023-11-02T00:00:00Z | Blocked for 12 days
[VIXY PANIC] 2023-11-03T00:00:00Z | Blocked for 15 days
[VIXY FAST PANIC] 2023-11-03T00:00:00Z | Blocked for 12 days
[VIXY PANIC] 2023-11-06T00:00:00Z | Blocked for 15 days
[VIXY PANIC] 2023-11-07T00:00:00Z | Blocked for 15 days
[32mBUY DELL_GoogleFinance_AutoUpToDate 2023-11-16T00:00:00Z @ 69.5110913851[0m
[VIXY PANIC] 2023-11-21T00:00:00Z | Blocked for 15 days
[VIXY FAST PANIC] 2023-11-21T00:00:00Z | Blocked for 12 days
[VIXY PANIC] 2023-11-28T00:00:00Z | Blocked for 15 days
[VIXY FAST PANIC] 2023-11-28T00:00:00Z | Blocked for 12 days
[32mBUY DELL_GoogleFinance_AutoUpToDate 2023-11-28T00:00:00Z @ 70.9388764163[0m
[VIXY FAST PANIC] 2023-11-29T00:00:00Z | Blocked for 12 days
[VIXY PANIC] 2023-11-30T00:00:00Z | Blocked for 15 days
[VIXY FAST PANIC] 2023-11-30T00:00:00Z | Blocked for 12 days
[VIXY PANIC] 2023-12-01T00:00:00Z | Blocked for 15 days
[VIXY FAST PANIC] 2023-12-01T00:00:00Z | Blocked for 12 days
[VIXY PANIC] 2023-12-04T00:00:00Z | Blocked for 15 days
[32mBUY DELL_GoogleFinance_AutoUpToDate 2023-12-06T00:00:00Z @ 64.806108497[0m
[VIXY FAST PANIC] 2023-12-07T00:00:00Z | Blocked for 12 days
[VIXY FAST PANIC] 2023-12-08T00:00:00Z | Blocked for 12 days
[REASON] ATR profit target hit, RSI2 extremely overbought, RSI3 extremely overbought
[31mSELL DELL_GoogleFinance_AutoUpToDate 2023-12-11T00:00:00Z @ 66.3488829267 → 2.38%[0m
[VIXY PANIC] 2023-12-19T00:00:00Z | Blocked for 15 days
[VIXY FAST PANIC] 2023-12-19T00:00:00Z | Blocked for 12 days
[VIXY PANIC] 2023-12-20T00:00:00Z | Blocked for 15 days
[VIXY FAST PANIC] 2023-12-20T00:00:00Z | Blocked for 12 days
[VIXY PANIC] 2023-12-21T00:00:00Z | Blocked for 15 days
[VIXY FAST PANIC] 2023-12-21T00:00:00Z | Blocked for 12 days
[VIXY PANIC] 2023-12-22T00:00:00Z | Blocked for 15 days
[VIXY FAST PANIC] 2023-12-22T00:00:00Z | Blocked for 12 days
[VIXY PANIC] 2023-12-26T00:00:00Z | Blocked for 15 days
[VIXY FAST PANIC] 2023-12-26T00:00:00Z | Blocked for 12 days
[VIXY PANIC] 2023-12-27T00:00:00Z | Blocked for 15 days
[VIXY FAST PANIC] 2023-12-27T00:00:00Z | Blocked for 12 days
[VIXY PANIC] 2023-12-28T00:00:00Z | Blocked for 15 days
[VIXY FAST PANIC] 2023-12-28T00:00:00Z | Blocked for 12 days
[VIXY PANIC] 2023-12-29T00:00:00Z | Blocked for 15 days
[VIXY PANIC] 2024-01-02T00:00:00Z | Blocked for 15 days
[32mBUY DELL_GoogleFinance_AutoUpToDate 2024-01-02T00:00:00Z @ 71.6671426067[0m
[VIXY PANIC] 2024-01-03T00:00:00Z | Blocked for 15 days
[VIXY PANIC] 2024-01-04T00:00:00Z | Blocked for 15 days
[VIXY FAST PANIC] 2024-01-04T00:00:00Z | Blocked for 12 days
[VIXY PANIC] 2024-01-05T00:00:00Z | Blocked for 15 days
[VIXY FAST PANIC] 2024-01-05T00:00:00Z | Blocked for 12 days
[VIXY PANIC] 2024-01-08T00:00:00Z | Blocked for 15 days
[VIXY FAST PANIC] 2024-01-08T00:00:00Z | Blocked for 12 days
[VIXY PANIC] 2024-01-09T00:00:00Z | Blocked for 15 days
[VIXY PANIC] 2024-01-10T00:00:00Z | Blocked for 15 days
[VIXY FAST PANIC] 2024-01-16T00:00:00Z | Blocked for 12 days
[32mBUY DELL_GoogleFinance_AutoUpToDate 2024-01-17T00:00:00Z @ 74.4173057205[0m
[VIXY FAST PANIC] 2024-01-23T00:00:00Z | Blocked for 12 days
[VIXY FAST PANIC] 2024-01-24T00:00:00Z | Blocked for 12 days
[VIXY PANIC] 2024-01-25T00:00:00Z | Blocked for 15 days
[VIXY FAST PANIC] 2024-01-25T00:00:00Z | Blocked for 12 days
[VIXY PANIC] 2024-01-26T00:00:00Z | Blocked for 15 days
[VIXY FAST PANIC] 2024-01-26T00:00:00Z | Blocked for 12 days
[VIXY PANIC] 2024-01-30T00:00:00Z | Blocked for 15 days
[VIXY FAST PANIC] 2024-01-30T00:00:00Z | Blocked for 12 days
[VIXY PANIC] 2024-01-31T00:00:00Z | Blocked for 15 days
[VIXY FAST PANIC] 2024-01-31T00:00:00Z | Blocked for 12 days
[VIXY PANIC] 2024-02-01T00:00:00Z | Blocked for 15 days
[32mBUY DELL_GoogleFinance_AutoUpToDate 2024-02-06T00:00:00Z @ 79.5889754112[0m
[REASON] ATR profit target hit, RSI2 extremely overbought, RSI3 extremely overbought
[31mSELL DELL_GoogleFinance_AutoUpToDate 2024-02-09T00:00:00Z @ 82.9773788153 → 4.26%[0m
[VIXY PANIC] 2024-02-15T00:00:00Z | Blocked for 15 days
[VIXY FAST PANIC] 2024-02-26T00:00:00Z | Blocked for 12 days
[32mBUY DELL_GoogleFinance_AutoUpToDate 2024-03-06T00:00:00Z @ 114.0698305059[0m
[32mBUY DELL_GoogleFinance_AutoUpToDate 2024-03-14T00:00:00Z @ 102.4703245346[0m
[REASON] ATR profit target hit, RSI2 extremely overbought, RSI3 extremely overbought
[31mSELL DELL_GoogleFinance_AutoUpToDate 2024-03-20T00:00:00Z @ 106.9176040025 → 4.34%[0m
[VIXY PANIC] 2024-03-22T00:00:00Z | Blocked for 15 days
[VIXY FAST PANIC] 2024-03-22T00:00:00Z | Blocked for 12 days
[VIXY PANIC] 2024-03-26T00:00:00Z | Blocked for 15 days
[VIXY FAST PANIC] 2024-03-26T00:00:00Z | Blocked for 12 days
[VIXY PANIC] 2024-03-27T00:00:00Z | Blocked for 15 days
[VIXY PANIC] 2024-03-28T00:00:00Z | Blocked for 15 days
[VIXY FAST PANIC] 2024-03-28T00:00:00Z | Blocked for 12 days
[VIXY FAST PANIC] 2024-04-10T00:00:00Z | Blocked for 12 days
[32mBUY DELL_GoogleFinance_AutoUpToDate 2024-04-10T00:00:00Z @ 118.7577636246[0m
[VIXY PANIC] 2024-04-18T00:00:00Z | Blocked for 15 days
[VIXY FAST PANIC] 2024-04-18T00:00:00Z | Blocked for 12 days
[32mBUY DELL_GoogleFinance_AutoUpToDate 2024-04-19T00:00:00Z @ 110.5755394955[0m
[VIXY PANIC] 2024-04-22T00:00:00Z | Blocked for 15 days
[VIXY PANIC] 2024-04-23T00:00:00Z | Blocked for 15 days
[VIXY PANIC] 2024-04-24T00:00:00Z | Blocked for 15 days
[VIXY FAST PANIC] 2024-04-24T00:00:00Z | Blocked for 12 days
[REASON] ATR profit target hit, RSI2 extremely overbought, RSI3 extremely overbought
[31mSELL DELL_GoogleFinance_AutoUpToDate 2024-04-24T00:00:00Z @ 116.1519157378 → 5.04%[0m
[VIXY FAST PANIC] 2024-05-02T00:00:00Z | Blocked for 12 days
[VIXY PANIC] 2024-05-06T00:00:00Z | Blocked for 15 days
[VIXY FAST PANIC] 2024-05-06T00:00:00Z | Blocked for 12 days
[VIXY PANIC] 2024-05-08T00:00:00Z | Blocked for 15 days
[VIXY FAST PANIC] 2024-05-08T00:00:00Z | Blocked for 12 days
[VIXY PANIC] 2024-05-30T00:00:00Z | Blocked for 15 days
[VIXY FAST PANIC] 2024-05-30T00:00:00Z | Blocked for 12 days
[VIXY PANIC] 2024-05-31T00:00:00Z | Blocked for 15 days
[VIXY FAST PANIC] 2024-05-31T00:00:00Z | Blocked for 12 days
[VIXY PANIC] 2024-06-03T00:00:00Z | Blocked for 15 days
[VIXY FAST PANIC] 2024-06-03T00:00:00Z | Blocked for 12 days
[32mBUY DELL_GoogleFinance_AutoUpToDate 2024-06-03T00:00:00Z @ 127.5835061137[0m
[VIXY PANIC] 2024-06-04T00:00:00Z | Blocked for 15 days
[VIXY FAST PANIC] 2024-06-04T00:00:00Z | Blocked for 12 days
[VIXY PANIC] 2024-06-05T00:00:00Z | Blocked for 15 days
[VIXY PANIC] 2024-06-06T00:00:00Z | Blocked for 15 days
[VIXY PANIC] 2024-06-13T00:00:00Z | Blocked for 15 days
[VIXY FAST PANIC] 2024-06-13T00:00:00Z | Blocked for 12 days
[VIXY PANIC] 2024-06-14T00:00:00Z | Blocked for 15 days
[VIXY FAST PANIC] 2024-06-14T00:00:00Z | Blocked for 12 days
[VIXY PANIC] 2024-06-17T00:00:00Z | Blocked for 15 days
[VIXY FAST PANIC] 2024-06-17T00:00:00Z | Blocked for 12 days
[32mBUY DELL_GoogleFinance_AutoUpToDate 2024-06-24T00:00:00Z @ 132.9272672953[0m
[32mBUY DELL_GoogleFinance_AutoUpToDate 2024-07-11T00:00:00Z @ 135.9808451134[0m
[VIXY PANIC] 2024-08-06T00:00:00Z | Blocked for 15 days
[VIXY PANIC] 2024-08-15T00:00:00Z | Blocked for 15 days
[VIXY PANIC] 2024-08-16T00:00:00Z | Blocked for 15 days
[VIXY PANIC] 2024-08-29T00:00:00Z | Blocked for 15 days
[VIXY FAST PANIC] 2024-08-29T00:00:00Z | Blocked for 12 days
[32mBUY DELL_GoogleFinance_AutoUpToDate 2024-08-29T00:00:00Z @ 107.3888931227[0m
[VIXY PANIC] 2024-08-30T00:00:00Z | Blocked for 15 days
[VIXY FAST PANIC] 2024-08-30T00:00:00Z | Blocked for 12 days
[VIXY PANIC] 2024-09-03T00:00:00Z | Blocked for 15 days
[VIXY FAST PANIC] 2024-09-03T00:00:00Z | Blocked for 12 days
[VIXY PANIC] 2024-09-04T00:00:00Z | Blocked for 15 days
[VIXY FAST PANIC] 2024-09-04T00:00:00Z | Blocked for 12 days
[32mBUY DELL_GoogleFinance_AutoUpToDate 2024-09-06T00:00:00Z @ 98.9133745577[0m
[VIXY PANIC] 2024-09-09T00:00:00Z | Blocked for 15 days
[VIXY PANIC] 2024-09-19T00:00:00Z | Blocked for 15 days
[VIXY FAST PANIC] 2024-10-01T00:00:00Z | Blocked for 12 days
[32mBUY DELL_GoogleFinance_AutoUpToDate 2024-10-01T00:00:00Z @ 109.735661421[0m
[VIXY PANIC] 2024-10-02T00:00:00Z | Blocked for 15 days
[VIXY FAST PANIC] 2024-10-02T00:00:00Z | Blocked for 12 days
[VIXY PANIC] 2024-10-03T00:00:00Z | Blocked for 15 days
[VIXY FAST PANIC] 2024-10-03T00:00:00Z | Blocked for 12 days
[VIXY PANIC] 2024-10-04T00:00:00Z | Blocked for 15 days
[REASON] ATR profit target hit, RSI2 extremely overbought, RSI3 extremely overbought
[31mSELL DELL_GoogleFinance_AutoUpToDate 2024-10-04T00:00:00Z @ 116.775966316 → 6.42%[0m
[VIXY PANIC] 2024-10-07T00:00:00Z | Blocked for 15 days
[VIXY FAST PANIC] 2024-10-17T00:00:00Z | Blocked for 12 days
[VIXY PANIC] 2024-10-18T00:00:00Z | Blocked for 15 days
[VIXY FAST PANIC] 2024-10-18T00:00:00Z | Blocked for 12 days
[VIXY PANIC] 2024-10-21T00:00:00Z | Blocked for 15 days
[VIXY FAST PANIC] 2024-10-21T00:00:00Z | Blocked for 12 days
[VIXY PANIC] 2024-10-22T00:00:00Z | Blocked for 15 days
[VIXY FAST PANIC] 2024-10-22T00:00:00Z | Blocked for 12 days
[32mBUY DELL_GoogleFinance_AutoUpToDate 2024-10-22T00:00:00Z @ 117.1881053767[0m
[VIXY PANIC] 2024-10-23T00:00:00Z | Blocked for 15 days
[VIXY FAST PANIC] 2024-10-23T00:00:00Z | Blocked for 12 days
[VIXY PANIC] 2024-10-24T00:00:00Z | Blocked for 15 days
[VIXY FAST PANIC] 2024-10-24T00:00:00Z | Blocked for 12 days
[VIXY PANIC] 2024-10-25T00:00:00Z | Blocked for 15 days
[VIXY FAST PANIC] 2024-10-25T00:00:00Z | Blocked for 12 days
[32mBUY DELL_GoogleFinance_AutoUpToDate 2024-11-14T00:00:00Z @ 130.8438289517[0m
[VIXY PANIC] 2024-11-20T00:00:00Z | Blocked for 15 days
[VIXY FAST PANIC] 2024-11-20T00:00:00Z | Blocked for 12 days
[VIXY PANIC] 2024-11-21T00:00:00Z | Blocked for 15 days
[VIXY FAST PANIC] 2024-11-21T00:00:00Z | Blocked for 12 days
[32mBUY DELL_GoogleFinance_AutoUpToDate 2024-11-27T00:00:00Z @ 121.0619314514[0m
[32mBUY DELL_GoogleFinance_AutoUpToDate 2024-12-09T00:00:00Z @ 120.5071372648[0m
[VIXY PANIC] 2024-12-18T00:00:00Z | Blocked for 15 days
[VIXY FAST PANIC] 2024-12-18T00:00:00Z | Blocked for 12 days
[VIXY PANIC] 2024-12-19T00:00:00Z | Blocked for 15 days
[VIXY FAST PANIC] 2024-12-19T00:00:00Z | Blocked for 12 days
[32mBUY DELL_GoogleFinance_AutoUpToDate 2024-12-27T00:00:00Z @ 114.2000033542[0m
[32mBUY DELL_GoogleFinance_AutoUpToDate 2024-12-30T00:00:00Z @ 111.7569622869[0m
[32mBUY DELL_GoogleFinance_AutoUpToDate 2024-12-31T00:00:00Z @ 112.1657580034[0m
[32mBUY DELL_GoogleFinance_AutoUpToDate 2025-01-10T00:00:00Z @ 111.7082961302[0m
[32mBUY DELL_GoogleFinance_AutoUpToDate 2025-01-15T00:00:00Z @ 106.3160859659[0m
[VIXY FAST PANIC] 2025-02-10T00:00:00Z | Blocked for 12 days
[VIXY PANIC] 2025-02-12T00:00:00Z | Blocked for 15 days
[VIXY PANIC] 2025-02-13T00:00:00Z | Blocked for 15 days
[VIXY FAST PANIC] 2025-02-13T00:00:00Z | Blocked for 12 days
[VIXY PANIC] 2025-02-14T00:00:00Z | Blocked for 15 days
[VIXY PANIC] 2025-02-19T00:00:00Z | Blocked for 15 days
[32mBUY DELL_GoogleFinance_AutoUpToDate 2025-02-21T00:00:00Z @ 114.9052601754[0m
[32mBUY DELL_GoogleFinance_AutoUpToDate 2025-02-24T00:00:00Z @ 111.5245441873[0m
[32mBUY DELL_GoogleFinance_AutoUpToDate 2025-02-25T00:00:00Z @ 108.1145156327[0m
[VIXY FAST PANIC] 2025-03-13T00:00:00Z | Blocked for 12 days
[VIXY PANIC] 2025-03-14T00:00:00Z | Blocked for 15 days
[VIXY FAST PANIC] 2025-03-14T00:00:00Z | Blocked for 12 days
[VIXY PANIC] 2025-03-17T00:00:00Z | Blocked for 15 days
[VIXY PANIC] 2025-03-18T00:00:00Z | Blocked for 15 days
[VIXY PANIC] 2025-03-27T00:00:00Z | Blocked for 15 days
[32mBUY DELL_GoogleFinance_AutoUpToDate 2025-03-28T00:00:00Z @ 90.1752250135[0m
[VIXY PANIC] 2025-03-31T00:00:00Z | Blocked for 15 days
[VIXY FAST PANIC] 2025-03-31T00:00:00Z | Blocked for 12 days
[32mBUY DELL_GoogleFinance_AutoUpToDate 2025-03-31T00:00:00Z @ 89.0613474914[0m
[VIXY PANIC] 2025-04-01T00:00:00Z | Blocked for 15 days
[VIXY FAST PANIC] 2025-04-01T00:00:00Z | Blocked for 12 days
[VIXY PANIC] 2025-04-02T00:00:00Z | Blocked for 15 days
[VIXY FAST PANIC] 2025-04-02T00:00:00Z | Blocked for 12 days
[VIXY PANIC] 2025-04-03T00:00:00Z | Blocked for 15 days
[VIXY FAST PANIC] 2025-04-03T00:00:00Z | Blocked for 12 days
[VIXY PANIC] 2025-04-04T00:00:00Z | Blocked for 15 days
[VIXY FAST PANIC] 2025-04-04T00:00:00Z | Blocked for 12 days
[VIXY PANIC] 2025-04-07T00:00:00Z | Blocked for 15 days
[32mBUY DELL_GoogleFinance_AutoUpToDate 2025-04-30T00:00:00Z @ 90.2171950677[0m
[32mBUY DELL_GoogleFinance_AutoUpToDate 2025-05-01T00:00:00Z @ 90.4040005065[0m
[VIXY PANIC] 2025-05-08T00:00:00Z | Blocked for 15 days
[VIXY FAST PANIC] 2025-05-08T00:00:00Z | Blocked for 12 days
[VIXY PANIC] 2025-05-09T00:00:00Z | Blocked for 15 days
[VIXY FAST PANIC] 2025-05-09T00:00:00Z | Blocked for 12 days
[VIXY PANIC] 2025-05-12T00:00:00Z | Blocked for 15 days
[VIXY FAST PANIC] 2025-05-12T00:00:00Z | Blocked for 12 days
[32mBUY DELL_GoogleFinance_AutoUpToDate 2025-05-21T00:00:00Z @ 110.0480671745[0m
[REASON] ATR profit target hit, RSI2 extremely overbought, RSI3 extremely overbought
[31mSELL DELL_GoogleFinance_AutoUpToDate 2025-05-27T00:00:00Z @ 112.0734314055 → 1.84%[0m
[32mBUY DELL_GoogleFinance_AutoUpToDate 2025-05-30T00:00:00Z @ 109.3991640713[0m
[32mBUY DELL_GoogleFinance_AutoUpToDate 2025-06-11T00:00:00Z @ 109.3696684757[0m
[VIXY PANIC] 2025-06-25T00:00:00Z | Blocked for 15 days
[VIXY FAST PANIC] 2025-06-25T00:00:00Z | Blocked for 12 days
[VIXY PANIC] 2025-06-27T00:00:00Z | Blocked for 15 days
[VIXY FAST PANIC] 2025-06-27T00:00:00Z | Blocked for 12 days
[32mBUY DELL_GoogleFinance_AutoUpToDate 2025-07-01T00:00:00Z @ 119.6832950697[0m
[32mBUY DELL_GoogleFinance_AutoUpToDate 2025-07-15T00:00:00Z @ 123.5767136885[0m
[VIXY PANIC] 2025-07-31T00:00:00Z | Blocked for 15 days
[32mBUY DELL_GoogleFinance_AutoUpToDate 2025-07-31T00:00:00Z @ 131.0098999292[0m
[VIXY PANIC] 2025-08-01T00:00:00Z | Blocked for 15 days
[VIXY FAST PANIC] 2025-08-01T00:00:00Z | Blocked for 12 days
[VIXY PANIC] 2025-08-04T00:00:00Z | Blocked for 15 days
[VIXY FAST PANIC] 2025-08-04T00:00:00Z | Blocked for 12 days
[VIXY PANIC] 2025-08-05T00:00:00Z | Blocked for 15 days
[VIXY FAST PANIC] 2025-08-05T00:00:00Z | Blocked for 12 days
[VIXY PANIC] 2025-08-06T00:00:00Z | Blocked for 15 days
[VIXY PANIC] 2025-08-07T00:00:00Z | Blocked for 15 days
[VIXY FAST PANIC] 2025-08-12T00:00:00Z | Blocked for 12 days
[VIXY PANIC] 2025-08-13T00:00:00Z | Blocked for 15 days
[VIXY FAST PANIC] 2025-08-13T00:00:00Z | Blocked for 12 days
[32mBUY DELL_GoogleFinance_AutoUpToDate 2025-08-15T00:00:00Z @ 136.5291202216[0m
[VIXY PANIC] 2025-08-27T00:00:00Z | Blocked for 15 days
[VIXY PANIC] 2025-09-02T00:00:00Z | Blocked for 15 days
[32mBUY DELL_GoogleFinance_AutoUpToDate 2025-09-09T00:00:00Z @ 119.7542449499[0m
[REASON] ATR profit target hit, RSI2 extremely overbought
[31mSELL DELL_GoogleFinance_AutoUpToDate 2025-09-16T00:00:00Z @ 126.0633357672 → 5.27%[0m
[32mBUY DELL_GoogleFinance_AutoUpToDate 2025-09-25T00:00:00Z @ 129.3018049192[0m
[VIXY PANIC] 2025-10-17T00:00:00Z | Blocked for 15 days
[VIXY FAST PANIC] 2025-10-17T00:00:00Z | Blocked for 12 days
[VIXY PANIC] 2025-10-20T00:00:00Z | Blocked for 15 days
[VIXY FAST PANIC] 2025-10-20T00:00:00Z | Blocked for 12 days
[32mBUY DELL_GoogleFinance_AutoUpToDate 2025-10-20T00:00:00Z @ 145.9976931383[0m
[REASON] ATR profit target hit, RSI2 extremely overbought, RSI3 extremely overbought
[31mSELL DELL_GoogleFinance_AutoUpToDate 2025-10-23T00:00:00Z @ 152.812166896 → 4.67%[0m
[VIXY PANIC] 2025-11-04T00:00:00Z | Blocked for 15 days
[VIXY FAST PANIC] 2025-11-04T00:00:00Z | Blocked for 12 days
[32mBUY DELL_GoogleFinance_AutoUpToDate 2025-11-04T00:00:00Z @ 153.2183977747[0m
[VIXY PANIC] 2025-11-05T00:00:00Z | Blocked for 15 days
[VIXY FAST PANIC] 2025-11-05T00:00:00Z | Blocked for 12 days
[VIXY PANIC] 2025-11-06T00:00:00Z | Blocked for 15 days
[VIXY FAST PANIC] 2025-11-06T00:00:00Z | Blocked for 12 days
[VIXY PANIC] 2025-11-07T00:00:00Z | Blocked for 15 days
[VIXY FAST PANIC] 2025-11-07T00:00:00Z | Blocked for 12 days
[VIXY PANIC] 2025-11-10T00:00:00Z | Blocked for 15 days
[32mBUY DELL_GoogleFinance_AutoUpToDate 2025-11-18T00:00:00Z @ 121.562113444[0m
[VIXY PANIC] 2025-11-24T00:00:00Z | Blocked for 15 days
[VIXY FAST PANIC] 2025-11-24T00:00:00Z | Blocked for 12 days
[VIXY PANIC] 2025-11-25T00:00:00Z | Blocked for 15 days
[VIXY PANIC] 2025-11-26T00:00:00Z | Blocked for 15 days
[32mBUY DELL_GoogleFinance_AutoUpToDate 2025-12-12T00:00:00Z @ 128.7850966293[0m
[32mBUY DELL_GoogleFinance_AutoUpToDate 2025-12-31T00:00:00Z @ 124.722787842[0m
[VIXY FAST PANIC] 2026-01-08T00:00:00Z | Blocked for 12 days
[32mBUY DELL_GoogleFinance_AutoUpToDate 2026-01-08T00:00:00Z @ 117.4106320247[0m
[VIXY PANIC] 2026-01-09T00:00:00Z | Blocked for 15 days
[VIXY FAST PANIC] 2026-01-09T00:00:00Z | Blocked for 12 days
[VIXY PANIC] 2026-01-12T00:00:00Z | Blocked for 15 days
[32mBUY DELL_GoogleFinance_AutoUpToDate 2026-01-14T00:00:00Z @ 117.5988853588[0m
[VIXY PANIC] 2026-01-16T00:00:00Z | Blocked for 15 days
[VIXY FAST PANIC] 2026-01-16T00:00:00Z | Blocked for 12 days
[VIXY PANIC] 2026-01-20T00:00:00Z | Blocked for 15 days
[VIXY FAST PANIC] 2026-01-20T00:00:00Z | Blocked for 12 days
[VIXY PANIC] 2026-01-21T00:00:00Z | Blocked for 15 days
[VIXY FAST PANIC] 2026-01-21T00:00:00Z | Blocked for 12 days
[VIXY PANIC] 2026-01-22T00:00:00Z | Blocked for 15 days
[VIXY FAST PANIC] 2026-01-22T00:00:00Z | Blocked for 12 days
[VIXY PANIC] 2026-01-23T00:00:00Z | Blocked for 15 days
[VIXY FAST PANIC] 2026-01-23T00:00:00Z | Blocked for 12 days
[VIXY PANIC] 2026-01-26T00:00:00Z | Blocked for 15 days
[VIXY PANIC] 2026-01-27T00:00:00Z | Blocked for 15 days
[VIXY FAST PANIC] 2026-01-27T00:00:00Z | Blocked for 12 days
[VIXY PANIC] 2026-01-28T00:00:00Z | Blocked for 15 days
[VIXY FAST PANIC] 2026-01-28T00:00:00Z | Blocked for 12 days
[VIXY PANIC] 2026-01-29T00:00:00Z | Blocked for 15 days
[VIXY FAST PANIC] 2026-01-29T00:00:00Z | Blocked for 12 days
[VIXY PANIC] 2026-01-30T00:00:00Z | Blocked for 15 days
[VIXY FAST PANIC] 2026-01-30T00:00:00Z | Blocked for 12 days
[VIXY PANIC] 2026-02-02T00:00:00Z | Blocked for 15 days
[VIXY FAST PANIC] 2026-02-02T00:00:00Z | Blocked for 12 days
[VIXY PANIC] 2026-02-03T00:00:00Z | Blocked for 15 days
[VIXY FAST PANIC] 2026-02-03T00:00:00Z | Blocked for 12 days
[VIXY PANIC] 2026-02-04T00:00:00Z | Blocked for 15 days
[VIXY FAST PANIC] 2026-02-04T00:00:00Z | Blocked for 12 days
[VIXY PANIC] 2026-02-05T00:00:00Z | Blocked for 15 days
[VIXY FAST PANIC] 2026-02-11T00:00:00Z | Blocked for 12 days
[VIXY FAST PANIC] 2026-02-12T00:00:00Z | Blocked for 12 days
[VIXY PANIC] 2026-02-13T00:00:00Z | Blocked for 15 days
[VIXY FAST PANIC] 2026-02-13T00:00:00Z | Blocked for 12 days
[VIXY FAST PANIC] 2026-02-20T00:00:00Z | Blocked for 12 days
[VIXY PANIC] 2026-02-23T00:00:00Z | Blocked for 15 days
[VIXY FAST PANIC] 2026-02-23T00:00:00Z | Blocked for 12 days
[VIXY PANIC] 2026-02-24T00:00:00Z | Blocked for 15 days
[VIXY FAST PANIC] 2026-02-24T00:00:00Z | Blocked for 12 days
[VIXY PANIC] 2026-02-25T00:00:00Z | Blocked for 15 days
[VIXY PANIC] 2026-02-26T00:00:00Z | Blocked for 15 days
[VIXY FAST PANIC] 2026-03-06T00:00:00Z | Blocked for 12 days
[VIXY PANIC] 2026-03-10T00:00:00Z | Blocked for 15 days
[32mBUY DELL_GoogleFinance_AutoUpToDate 2026-03-10T00:00:00Z @ 143.1515076279[0m
[VIXY PANIC] 2026-03-11T00:00:00Z | Blocked for 15 days
[VIXY FAST PANIC] 2026-03-11T00:00:00Z | Blocked for 12 days
[VIXY PANIC] 2026-03-12T00:00:00Z | Blocked for 15 days
[VIXY FAST PANIC] 2026-03-12T00:00:00Z | Blocked for 12 days
[VIXY FAST PANIC] 2026-03-13T00:00:00Z | Blocked for 12 days
[REASON] ATR profit target hit, RSI2 extremely overbought, RSI3 extremely overbought
[31mSELL DELL_GoogleFinance_AutoUpToDate 2026-03-13T00:00:00Z @ 150.9362419092 → 5.44%[0m
[VIXY PANIC] 2026-03-16T00:00:00Z | Blocked for 15 days
[VIXY FAST PANIC] 2026-03-16T00:00:00Z | Blocked for 12 days
[VIXY PANIC] 2026-03-17T00:00:00Z | Blocked for 15 days
[VIXY FAST PANIC] 2026-03-17T00:00:00Z | Blocked for 12 days
[VIXY PANIC] 2026-03-18T00:00:00Z | Blocked for 15 days
[VIXY FAST PANIC] 2026-03-18T00:00:00Z | Blocked for 12 days
[VIXY PANIC] 2026-03-19T00:00:00Z | Blocked for 15 days
[VIXY FAST PANIC] 2026-03-19T00:00:00Z | Blocked for 12 days
[VIXY PANIC] 2026-03-20T00:00:00Z | Blocked for 15 days
[VIXY PANIC] 2026-03-24T00:00:00Z | Blocked for 15 days
[VIXY FAST PANIC] 2026-03-24T00:00:00Z | Blocked for 12 days
[VIXY PANIC] 2026-03-25T00:00:00Z | Blocked for 15 days
[VIXY PANIC] 2026-03-30T00:00:00Z | Blocked for 15 days
[32mBUY DELL_GoogleFinance_AutoUpToDate 2026-03-30T00:00:00Z @ 163.9174356468[0m
[32mBUY DELL_GoogleFinance_AutoUpToDate 2026-03-31T00:00:00Z @ 163.3898257786[0m
[VIXY FAST PANIC] 2026-04-01T00:00:00Z | Blocked for 12 days
[VIXY FAST PANIC] 2026-04-14T00:00:00Z | Blocked for 12 days
[VIXY FAST PANIC] 2026-04-15T00:00:00Z | Blocked for 12 days
[VIXY PANIC] 2026-04-16T00:00:00Z | Blocked for 15 days
[VIXY FAST PANIC] 2026-04-16T00:00:00Z | Blocked for 12 days
[VIXY PANIC] 2026-04-17T00:00:00Z | Blocked for 15 days
[VIXY FAST PANIC] 2026-04-17T00:00:00Z | Blocked for 12 days
[VIXY PANIC] 2026-04-20T00:00:00Z | Blocked for 15 days
[32mBUY DELL_GoogleFinance_AutoUpToDate 2026-04-29T00:00:00Z @ 205.3399105687[0m
[REASON] ATR profit target hit, RSI2 extremely overbought, RSI3 extremely overbought
[31mSELL DELL_GoogleFinance_AutoUpToDate 2026-05-01T00:00:00Z @ 209.8428912002 → 2.19%[0m
[32mBUY DELL_GoogleFinance_AutoUpToDate 2026-05-19T00:00:00Z @ 234.8938410989[0m
[VIXY PANIC] 2026-05-20T00:00:00Z | Blocked for 15 days
[VIXY FAST PANIC] 2026-05-20T00:00:00Z | Blocked for 12 days
[VIXY PANIC] 2026-05-21T00:00:00Z | Blocked for 15 days
[VIXY FAST PANIC] 2026-05-21T00:00:00Z | Blocked for 12 days
[VIXY PANIC] 2026-05-22T00:00:00Z | Blocked for 15 days
[VIXY FAST PANIC] 2026-05-22T00:00:00Z | Blocked for 12 days
[VIXY PANIC] 2026-05-26T00:00:00Z | Blocked for 15 days
[REASON] ATR profit target hit, RSI2 extremely overbought, RSI3 extremely overbought
[31mSELL DELL_GoogleFinance_AutoUpToDate 2026-05-28T00:00:00Z @ 316.5565430604 → 34.77%[0m
[32mBUY DELL_GoogleFinance_AutoUpToDate 2026-06-04T00:00:00Z @ 421.3931209546[0m
[VIXY PANIC] 2026-06-15T00:00:00Z | Blocked for 15 days
[VIXY FAST PANIC] 2026-06-15T00:00:00Z | Blocked for 12 days
[VIXY PANIC] 2026-06-16T00:00:00Z | Blocked for 15 days
[VIXY PANIC] 2026-06-17T00:00:00Z | Blocked for 15 days
[VIXY FAST PANIC] 2026-06-17T00:00:00Z | Blocked for 12 days
[VIXY PANIC] 2026-06-18T00:00:00Z | Blocked for 15 days
[VIXY FAST PANIC] 2026-06-18T00:00:00Z | Blocked for 12 days
[VIXY PANIC] 2026-06-22T00:00:00Z | Blocked for 15 days
[VIXY FAST PANIC] 2026-06-22T00:00:00Z | Blocked for 12 days
[VIXY PANIC] 2026-06-23T00:00:00Z | Blocked for 15 days
[VIXY PANIC] 2026-06-24T00:00:00Z | Blocked for 15 days
[VIXY PANIC] 2026-06-26T00:00:00Z | Blocked for 15 days
[32mBUY DELL_GoogleFinance_AutoUpToDate 2026-06-26T00:00:00Z @ 398.8682333613[0m
[32mBUY DELL_GoogleFinance_AutoUpToDate 2026-07-17T00:00:00Z @ 395.7231360245[0m
[VIXY PANIC] 2026-07-23T00:00:00Z | Blocked for 15 days
[VIXY FAST PANIC] 2026-07-23T00:00:00Z | Blocked for 12 days
[REASON] ATR profit target hit, RSI2 extremely overbought, RSI3 extremely overbought
[31mSELL DELL_GoogleFinance_AutoUpToDate 2026-07-23T00:00:00Z @ 439.34 → 11.02%[0m
[VIXY PANIC] 2026-07-24T00:00:00Z | Blocked for 15 days
[32mBUY DELL_GoogleFinance_AutoUpToDate 2026-07-27T00:00:00Z @ 426.91[0m
[REASON] ATR profit target hit, RSI2 extremely overbought, RSI3 extremely overbought
[31mSELL DELL_GoogleFinance_AutoUpToDate 2026-08-03T00:00:00Z @ 429.02 → 0.49%[0m
[VIXY FAST PANIC] 2026-08-05T00:00:00Z | Blocked for 12 days
[VIXY PANIC] 2026-08-06T00:00:00Z | Blocked for 15 days
[VIXY FAST PANIC] 2026-08-06T00:00:00Z | Blocked for 12 days
[VIXY PANIC] 2026-08-07T00:00:00Z | Blocked for 15 days
[VIXY FAST PANIC] 2026-08-07T00:00:00Z | Blocked for 12 days
[VIXY PANIC] 2026-08-10T00:00:00Z | Blocked for 15 days
[VIXY FAST PANIC] 2026-08-10T00:00:00Z | Blocked for 12 days
[VIXY PANIC] 2026-08-11T00:00:00Z | Blocked for 15 days
[SAVED] C:/Users/Maxim/My Drive/Trading/Trading_Bot_Officiel/Job_Trading_Or_Software/github_trading_backtester/storage/default/vanilla/DELL_GoogleFinance_AutoUpToDate_signals.csv (rewrote 271 total signals)
🧹 Deleted old multi-signal combined file.
[SAVED] Combined & sorted multi-signal file → C:/Users/Maxim/My Drive/Trading/Trading_Bot_Officiel/Job_Trading_Or_Software/github_trading_backtester/storage/default/vanilla/hybrid_v3_all_multi_signals.csv (275 total signals)
✅ Deduplicated 275 unique rows in multi-signal file.

=== Latest Signal per Symbol ===
DELL_GoogleFinance_AutoUpToDate | 2026-08-05T00:00:00Z → SELL @ 462.7
=================================
⚙️ Enforcing ONE-TRADE mode across all symbols...
[SAVED] Combined signal file → C:/Users/Maxim/My Drive/Trading/Trading_Bot_Officiel/Job_Trading_Or_Software/github_trading_backtester/storage/default/vanilla/hybrid_v3_all_signals.csv
Earliest trade: DELL_GoogleFinance_AutoUpToDate from 2020-06-03T00:00:00Z to 2020-06-11T00:00:00Z
Latest   trade: DELL_GoogleFinance_AutoUpToDate from 2026-07-27T00:00:00Z to 2026-08-03T00:00:00Z
[SAVED] C:/Users/Maxim/My Drive/Trading/Trading_Bot_Officiel/Job_Trading_Or_Software/github_trading_backtester/storage/default/vanilla/hybrid_v3_all_trades.csv
[CLONED] C:/Users/Maxim/My Drive/Trading/Trading_Bot_Officiel/Job_Trading_Or_Software/github_trading_backtester/storage/default/vanilla/hybrid_v3_all_trades_With_Buys.csv
[WITH_BUYS] No open position found in log; cloned file has closed trades only.

Yearly Breakdown (starting $50000.0) ---------------------
2020: Trades=9 | Start=$50000.0 | End=$64995.08 | Compounded=29.99% | Non-Comp=28.37%
2021: Trades=21 | Start=$64995.08 | End=$128416.16 | Compounded=97.58% | Non-Comp=70.65%
2022: Trades=2 | Start=$128416.16 | End=$132143.15 | Compounded=2.9% | Non-Comp=3.15%
2023: Trades=13 | Start=$132143.15 | End=$146533.74 | Compounded=10.89% | Non-Comp=10.92%
2024: Trades=16 | Start=$146533.74 | End=$184855.45 | Compounded=26.15% | Non-Comp=26.3%
2025: Trades=13 | Start=$184855.45 | End=$268327.52 | Compounded=45.16% | Non-Comp=40.16%
2026: Trades=8 | Start=$268327.52 | End=$368707.35 | Compounded=37.41% | Non-Comp=38.08%
-------------------------------------------------------------
Yearly (Current, Fees+Slippage)
Year  Trades  Start        End          Compounded
2020  9       $50000.00    $64428.10        28.86%
2021  21      $64428.10    $124731.22       93.60%
2022  2       $124731.22   $128097.99        2.70%
2023  13      $128097.99   $140226.16        9.47%
2024  16      $140226.16   $174124.26       24.17%
2025  13      $174124.26   $249570.67       43.33%
2026  8       $249570.67   $340289.58       36.35%
-------------------------------------------------------------
-------------------------------------------------------------
Total Trades: 82
Winning Trades: 58
Losing Trades: 24
Win Rate: 70.73%
Profit Factor: 3.29
-------------------------------------------------------------
Average Yearly Return: 35.73%
Median Yearly Return: 29.99%
Best Year: 97.58%
Worst Year: 2.9%
Volatility (Std Dev): 28.63%
Sharpe Ratio: 1.25
Sortino Ratio: 0
-------------------------------------------------------------
💰 Final Equity (2020→2026): $368707.35
📈 Verified CAGR: 38.24%
-------------------------------------------------------------
💸 Adjusted for fees & slippage:
   Trades: 82 | Fees total (fixed) est: $0 | Percent fees (bps rt): 0.0
   Slippage (bps rt): 10.0
   → Realistic CAGR ≈ 36.46%
   → Realistic Final Equity ≈ $340290
-------------------------------------------------------------
-------------------------------------------------------------
[DONE] Yearly breakdown saved to C:/Users/Maxim/My Drive/Trading/Trading_Bot_Officiel/Job_Trading_Or_Software/github_trading_backtester/storage/default/vanilla/hybrid_v3_yearly_breakdown.csv
📉 Max Drawdown: 14.28%

=== WHAT-IF: Next-Day Open Execution (no strategy refactor) ===
-------------------------------------------------------------
Yearly (Next-Open, Fees+Slippage)
Year  Trades  Start        End          Compounded
2020  9       $50000.00    $63859.63        27.72%
2021  21      $63859.63    $111505.93       74.61%
2022  2       $111505.93   $114010.62        2.25%
2023  13      $114010.62   $122241.79        7.22%
2024  16      $122241.79   $140902.71       15.27%
2025  13      $140902.71   $215230.63       52.75%
2026  8       $215230.63   $427485.31       98.62%
-------------------------------------------------------------
-------------------------------------------------------------
💸 Adjusted for fees & slippage (Next-Open using knobs):
   Trades: 82
   Fixed fee per side: $0.0 | Percent fee (round-trip): 0.0 bps | Slippage (round-trip): 10.0 bps
   Fixed-fee estimate (rough): $0.00
   → Realistic CAGR ≈ 41.60%
   → Realistic Final Equity ≈ $427485
-------------------------------------------------------------
-------------------------------------------------------------
Yearly (Next-Open)
Year  Trades  Start        End          Compounded
2020  9       $1000.00     $1288.45         28.84%
2021  21      $1288.45     $2296.25         78.22%
2022  2       $2296.25     $2352.48          2.45%
2023  13      $2352.48     $2555.15          8.62%
2024  16      $2555.15     $2992.36         17.11%
2025  13      $2992.36     $4628.84         54.69%
2026  8       $4628.84     $9262.48        100.10%
-------------------------------------------------------------
-------------------------------------------------------------
Next-Open (What-If) vs Current — Yearly
Year  CurComp   NxtComp   ΔComp    CurEnd       NxtEnd       ΔEnd
2020    29.99%    28.84%   -1.15%  $64995.08    $1288.45     -63706.63
2021    97.58%    78.22%  -19.36%  $128416.16   $2296.25     -126119.91
2022     2.90%     2.45%   -0.45%  $132143.15   $2352.48     -129790.67
2023    10.89%     8.62%   -2.27%  $146533.74   $2555.15     -143978.59
2024    26.15%    17.11%   -9.04%  $184855.45   $2992.36     -181863.09
2025    45.16%    54.69%    9.53%  $268327.52   $4628.84     -263698.68
2026    37.41%   100.10%   62.69%  $368707.35   $9262.48     -359444.87
-------------------------------------------------------------
-------------------------------------------------------------
Next-Open (What-If) vs Current
Trades:    82  (skipped 0)
CAGR:      43.44%   (Δ +5.2 pp)
PF:        3.58      (Δ +0.29)
MaxDD:     18.65%         (Δ +4.38 pp)
Files:
  • Trades (next-open): C:/Users/Maxim/My Drive/Trading/Trading_Bot_Officiel/Job_Trading_Or_Software/github_trading_backtester/storage/default/vanilla/whatif_nextopen_trades.csv
  • Yearly (next-open): C:/Users/Maxim/My Drive/Trading/Trading_Bot_Officiel/Job_Trading_Or_Software/github_trading_backtester/storage/default/vanilla/whatif_nextopen_yearly_breakdown.csv
-------------------------------------------------------------
   Peak:   2024-07-05  (equity $3637.32)
   Trough: 2024-09-05  (equity $3118.06)
   Days peak→trough: 62
⭐ Rank: ✅ Excellent  (N=82, PF=3.29, Win=70.73%, CAGR=38.24%, MaxDD=14.28%)
📈 Recovery: 2024-11-01 (+57 days / ~1.9 months)
Ulcer Index: 3.68
Calmar Ratio: 2.68

📊 Performance Comparison (CAGR %)
-------------------------------------------------------------
Nasdaq-100 (QQQ)            ≈ 13%
S&P 500                     ≈ 10%
Berkshire Hathaway          ≈ 20%
Avg Hedge Fund              ≈ 8–12%
Renaissance (Medallion)     ≈ 39% (net)
-------------------------------------------------------------
[BOT_METRICS] ✅ metrics copied → C:/Users/Maxim/My Drive/Trading/Trading_Bot_Officiel/Job_Trading_Or_Software/github_trading_backtester/storage/default/vanilla/metrics/latest.csv
[DONE] Summary stats saved to C:/Users/Maxim/My Drive/Trading/Trading_Bot_Officiel/Job_Trading_Or_Software/github_trading_backtester/storage/default/vanilla/hybrid_v3_summary.csv
Overlap check: ✅ None found
[INFO] No completed manual trades found yet.

📊 VERIFY TOMORROW ORDERS
----------------------------------
Trades: 82
BUYs  : 82
SELLs : 82
✅ PERFECT MATCH
----------------------------------

[GUI] Process finished with exit code 0.
