$ C:/Ruby31-x64/bin/ruby.exe "C:/Users/Maxim/My Drive/Trading/Trading_Bot_Officiel/Job_Trading_Or_Software/github_trading_backtester/trading_bot.rb" --symbols NVDA_GoogleFinance_AutoUpToDate --from 2020-01-01 --to 2026-12-29 --start-equity 50000 --one-trade

🔍 DEBUG BOOT CHECK: running from C:/Users/Maxim/My Drive/Trading/Trading_Bot_Officiel/Job_Trading_Or_Software/github_trading_backtester/lib/trading_bot/bootstrap.rb
🔍 Current working directory: C:/Users/Maxim/My Drive/Trading/Trading_Bot_Officiel/Job_Trading_Or_Software/github_trading_backtester
🔍 Ruby version: 3.1.4
🔍 Timestamp: 2026-08-15 02:29:07 UTC
[BOOT] FCXVolPolicy loaded? YES
[FCX_VOL] loaded=yes
[EARLY ENV] SMA=, OS=, OB=, STOP=, PROF=, BE=, BX=
[DEBUG PARAMS] SMA=, OS=, OB=, STOP=, PROF=, BE=, BX=
C:/Users/Maxim/My Drive/Trading/Trading_Bot_Officiel/Job_Trading_Or_Software/github_trading_backtester/lib/trading_bot/bootstrap.rb:203: warning: already initialized constant BASE_DIR
C:/Users/Maxim/My Drive/Trading/Trading_Bot_Officiel/Job_Trading_Or_Software/github_trading_backtester/lib/trading_bot/bootstrap.rb:118: warning: previous definition of BASE_DIR was here
[CONFIG] Start equity = $50000.0
C:/Users/Maxim/My Drive/Trading/Trading_Bot_Officiel/Job_Trading_Or_Software/github_trading_backtester/lib/trading_bot/runner.rb:35: warning: already initialized constant RESULTS_DIR
C:/Users/Maxim/My Drive/Trading/Trading_Bot_Officiel/Job_Trading_Or_Software/github_trading_backtester/lib/trading_bot/bootstrap.rb:240: warning: previous definition of RESULTS_DIR was here
C:/Users/Maxim/My Drive/Trading/Trading_Bot_Officiel/Job_Trading_Or_Software/github_trading_backtester/lib/trading_bot/runner.rb:39: warning: already initialized constant SWEEP_LIVE
C:/Users/Maxim/My Drive/Trading/Trading_Bot_Officiel/Job_Trading_Or_Software/github_trading_backtester/lib/trading_bot/bootstrap.rb:246: warning: previous definition of SWEEP_LIVE was here
C:/Users/Maxim/My Drive/Trading/Trading_Bot_Officiel/Job_Trading_Or_Software/github_trading_backtester/lib/trading_bot/runner.rb:40: warning: already initialized constant SWEEP_BEST
C:/Users/Maxim/My Drive/Trading/Trading_Bot_Officiel/Job_Trading_Or_Software/github_trading_backtester/lib/trading_bot/bootstrap.rb:247: warning: previous definition of SWEEP_BEST was here
[STORAGE] profile=default bot=vanilla
[STORAGE] RESULTS_DIR → C:/Users/Maxim/My Drive/Trading/Trading_Bot_Officiel/Job_Trading_Or_Software/github_trading_backtester/storage/default/vanilla
[STORAGE] METRICS_CSV → C:/Users/Maxim/My Drive/Trading/Trading_Bot_Officiel/Job_Trading_Or_Software/github_trading_backtester/storage/default/vanilla/metrics/latest.csv
=== ACTIVE CONFIGURATION ===
ATR Stop Multiplier   = 6.0
ATR Profit Multiplier = 3.0
SMA Filter Length     = 200
RSI2 Period           = 2, Oversold=20, Overbought=88
RSI3 Period           = 3, Oversold=20, Overbought=88
Breakout Entry Window = 36, Exit Window=40
============================

🟢 MODE: ONE-TRADE (Strict Sequential)
-------------------------------------------------------------
[BOT_METRICS] 🩵 fallback metrics written for tuner
[RUNNING] NVDA_GoogleFinance_AutoUpToDate with Hybrid v3 Strategy...
[REGIME] Benchmark VXX_GoogleFinance_AutoUpToDate missing; regime filter will be OFF
[VIXY FAST PANIC] 2019-01-22T00:00:00Z | Blocked for 12 days
[VIXY PANIC] 2019-01-23T00:00:00Z | Blocked for 15 days
[VIXY FAST PANIC] 2019-01-23T00:00:00Z | Blocked for 12 days
[VIXY FAST PANIC] 2019-01-24T00:00:00Z | Blocked for 12 days
[VIXY PANIC] 2019-01-28T00:00:00Z | Blocked for 15 days
[VIXY FAST PANIC] 2019-03-06T00:00:00Z | Blocked for 12 days
[VIXY PANIC] 2019-03-07T00:00:00Z | Blocked for 15 days
[VIXY FAST PANIC] 2019-03-07T00:00:00Z | Blocked for 12 days
[VIXY PANIC] 2019-03-08T00:00:00Z | Blocked for 15 days
[VIXY FAST PANIC] 2019-03-08T00:00:00Z | Blocked for 12 days
[VIXY PANIC] 2019-03-22T00:00:00Z | Blocked for 15 days
[VIXY FAST PANIC] 2019-03-22T00:00:00Z | Blocked for 12 days
[VIXY PANIC] 2019-03-25T00:00:00Z | Blocked for 15 days
[VIXY FAST PANIC] 2019-03-25T00:00:00Z | Blocked for 12 days
[VIXY PANIC] 2019-03-26T00:00:00Z | Blocked for 15 days
[VIXY FAST PANIC] 2019-03-26T00:00:00Z | Blocked for 12 days
[VIXY PANIC] 2019-03-27T00:00:00Z | Blocked for 15 days
[VIXY PANIC] 2019-03-28T00:00:00Z | Blocked for 15 days
[VIXY FAST PANIC] 2019-04-25T00:00:00Z | Blocked for 12 days
[VIXY PANIC] 2019-04-30T00:00:00Z | Blocked for 15 days
[VIXY PANIC] 2019-05-01T00:00:00Z | Blocked for 15 days
[VIXY FAST PANIC] 2019-05-01T00:00:00Z | Blocked for 12 days
[VIXY FAST PANIC] 2019-05-02T00:00:00Z | Blocked for 12 days
[VIXY PANIC] 2019-05-06T00:00:00Z | Blocked for 15 days
[VIXY PANIC] 2019-05-07T00:00:00Z | Blocked for 15 days
[VIXY FAST PANIC] 2019-05-07T00:00:00Z | Blocked for 12 days
[VIXY PANIC] 2019-05-08T00:00:00Z | Blocked for 15 days
[VIXY FAST PANIC] 2019-05-08T00:00:00Z | Blocked for 12 days
[VIXY PANIC] 2019-05-09T00:00:00Z | Blocked for 15 days
[VIXY FAST PANIC] 2019-05-09T00:00:00Z | Blocked for 12 days
[VIXY PANIC] 2019-05-10T00:00:00Z | Blocked for 15 days
[VIXY PANIC] 2019-05-13T00:00:00Z | Blocked for 15 days
[VIXY FAST PANIC] 2019-05-13T00:00:00Z | Blocked for 12 days
[VIXY FAST PANIC] 2019-05-15T00:00:00Z | Blocked for 12 days
[VIXY PANIC] 2019-05-23T00:00:00Z | Blocked for 15 days
[VIXY FAST PANIC] 2019-05-24T00:00:00Z | Blocked for 12 days
[VIXY FAST PANIC] 2019-05-28T00:00:00Z | Blocked for 12 days
[VIXY PANIC] 2019-05-29T00:00:00Z | Blocked for 15 days
[VIXY PANIC] 2019-05-30T00:00:00Z | Blocked for 15 days
[VIXY PANIC] 2019-05-31T00:00:00Z | Blocked for 15 days
[VIXY FAST PANIC] 2019-05-31T00:00:00Z | Blocked for 12 days
[VIXY PANIC] 2019-06-03T00:00:00Z | Blocked for 15 days
[VIXY FAST PANIC] 2019-06-25T00:00:00Z | Blocked for 12 days
[VIXY PANIC] 2019-06-26T00:00:00Z | Blocked for 15 days
[VIXY FAST PANIC] 2019-07-09T00:00:00Z | Blocked for 12 days
[VIXY PANIC] 2019-07-19T00:00:00Z | Blocked for 15 days
[VIXY PANIC] 2019-07-31T00:00:00Z | Blocked for 15 days
[VIXY FAST PANIC] 2019-07-31T00:00:00Z | Blocked for 12 days
[VIXY PANIC] 2019-08-01T00:00:00Z | Blocked for 15 days
[VIXY FAST PANIC] 2019-08-01T00:00:00Z | Blocked for 12 days
[VIXY PANIC] 2019-08-02T00:00:00Z | Blocked for 15 days
[VIXY FAST PANIC] 2019-08-02T00:00:00Z | Blocked for 12 days
[VIXY PANIC] 2019-08-05T00:00:00Z | Blocked for 15 days
[VIXY FAST PANIC] 2019-08-05T00:00:00Z | Blocked for 12 days
[VIXY PANIC] 2019-08-06T00:00:00Z | Blocked for 15 days
[VIXY FAST PANIC] 2019-08-06T00:00:00Z | Blocked for 12 days
[VIXY PANIC] 2019-08-07T00:00:00Z | Blocked for 15 days
[VIXY FAST PANIC] 2019-08-07T00:00:00Z | Blocked for 12 days
[VIXY PANIC] 2019-08-09T00:00:00Z | Blocked for 15 days
[VIXY FAST PANIC] 2019-08-12T00:00:00Z | Blocked for 12 days
[VIXY PANIC] 2019-08-14T00:00:00Z | Blocked for 15 days
[VIXY FAST PANIC] 2019-08-14T00:00:00Z | Blocked for 12 days
[VIXY PANIC] 2019-08-15T00:00:00Z | Blocked for 15 days
[VIXY PANIC] 2019-08-16T00:00:00Z | Blocked for 15 days
[VIXY FAST PANIC] 2019-08-16T00:00:00Z | Blocked for 12 days
[VIXY PANIC] 2019-08-23T00:00:00Z | Blocked for 15 days
[VIXY FAST PANIC] 2019-08-23T00:00:00Z | Blocked for 12 days
[VIXY PANIC] 2019-08-26T00:00:00Z | Blocked for 15 days
[VIXY FAST PANIC] 2019-08-26T00:00:00Z | Blocked for 12 days
[VIXY PANIC] 2019-08-27T00:00:00Z | Blocked for 15 days
[VIXY FAST PANIC] 2019-08-27T00:00:00Z | Blocked for 12 days
[VIXY PANIC] 2019-08-28T00:00:00Z | Blocked for 15 days
[VIXY PANIC] 2019-08-29T00:00:00Z | Blocked for 15 days
[VIXY PANIC] 2019-09-24T00:00:00Z | Blocked for 15 days
[VIXY FAST PANIC] 2019-09-24T00:00:00Z | Blocked for 12 days
[VIXY PANIC] 2019-09-25T00:00:00Z | Blocked for 15 days
[VIXY PANIC] 2019-09-26T00:00:00Z | Blocked for 15 days
[VIXY FAST PANIC] 2019-09-26T00:00:00Z | Blocked for 12 days
[VIXY PANIC] 2019-09-27T00:00:00Z | Blocked for 15 days
[VIXY PANIC] 2019-09-30T00:00:00Z | Blocked for 15 days
[VIXY PANIC] 2019-10-01T00:00:00Z | Blocked for 15 days
[VIXY FAST PANIC] 2019-10-01T00:00:00Z | Blocked for 12 days
[VIXY PANIC] 2019-10-02T00:00:00Z | Blocked for 15 days
[VIXY FAST PANIC] 2019-10-02T00:00:00Z | Blocked for 12 days
[VIXY PANIC] 2019-10-03T00:00:00Z | Blocked for 15 days
[VIXY FAST PANIC] 2019-10-03T00:00:00Z | Blocked for 12 days
[VIXY PANIC] 2019-10-08T00:00:00Z | Blocked for 15 days
[VIXY FAST PANIC] 2019-10-08T00:00:00Z | Blocked for 12 days
[VIXY FAST PANIC] 2019-10-09T00:00:00Z | Blocked for 12 days
[VIXY FAST PANIC] 2019-12-02T00:00:00Z | Blocked for 12 days
[VIXY PANIC] 2019-12-03T00:00:00Z | Blocked for 15 days
[VIXY FAST PANIC] 2019-12-03T00:00:00Z | Blocked for 12 days
[VIXY PANIC] 2019-12-04T00:00:00Z | Blocked for 15 days
[VIXY FAST PANIC] 2019-12-04T00:00:00Z | Blocked for 12 days
[VIXY PANIC] 2019-12-05T00:00:00Z | Blocked for 15 days
[VIXY FAST PANIC] 2019-12-11T00:00:00Z | Blocked for 12 days
[VIXY PANIC] 2019-12-30T00:00:00Z | Blocked for 15 days
[VIXY FAST PANIC] 2019-12-30T00:00:00Z | Blocked for 12 days
[VIXY FAST PANIC] 2020-01-07T00:00:00Z | Blocked for 12 days
[VIXY PANIC] 2020-01-24T00:00:00Z | Blocked for 15 days
[VIXY FAST PANIC] 2020-01-24T00:00:00Z | Blocked for 12 days
[VIXY PANIC] 2020-01-27T00:00:00Z | Blocked for 15 days
[VIXY FAST PANIC] 2020-01-27T00:00:00Z | Blocked for 12 days
[32mBUY NVDA_GoogleFinance_AutoUpToDate 2020-01-27T00:00:00Z @ 5.97125144[0m
[VIXY PANIC] 2020-01-28T00:00:00Z | Blocked for 15 days
[VIXY FAST PANIC] 2020-01-28T00:00:00Z | Blocked for 12 days
[VIXY PANIC] 2020-01-29T00:00:00Z | Blocked for 15 days
[VIXY FAST PANIC] 2020-01-29T00:00:00Z | Blocked for 12 days
[VIXY PANIC] 2020-01-30T00:00:00Z | Blocked for 15 days
[VIXY PANIC] 2020-01-31T00:00:00Z | Blocked for 15 days
[VIXY FAST PANIC] 2020-01-31T00:00:00Z | Blocked for 12 days
[VIXY FAST PANIC] 2020-02-03T00:00:00Z | Blocked for 12 days
[VIXY PANIC] 2020-02-20T00:00:00Z | Blocked for 15 days
[VIXY FAST PANIC] 2020-02-20T00:00:00Z | Blocked for 12 days
[VIXY PANIC] 2020-02-21T00:00:00Z | Blocked for 15 days
[VIXY FAST PANIC] 2020-02-21T00:00:00Z | Blocked for 12 days
[VIXY PANIC] 2020-02-24T00:00:00Z | Blocked for 15 days
[VIXY FAST PANIC] 2020-02-24T00:00:00Z | Blocked for 12 days
[32mBUY NVDA_GoogleFinance_AutoUpToDate 2020-02-24T00:00:00Z @ 6.793603636[0m
[VIXY PANIC] 2020-02-25T00:00:00Z | Blocked for 15 days
[VIXY FAST PANIC] 2020-02-25T00:00:00Z | Blocked for 12 days
[VIXY PANIC] 2020-02-26T00:00:00Z | Blocked for 15 days
[VIXY FAST PANIC] 2020-02-26T00:00:00Z | Blocked for 12 days
[VIXY PANIC] 2020-02-27T00:00:00Z | Blocked for 15 days
[VIXY FAST PANIC] 2020-02-27T00:00:00Z | Blocked for 12 days
[VIXY PANIC] 2020-02-28T00:00:00Z | Blocked for 15 days
[VIXY FAST PANIC] 2020-02-28T00:00:00Z | Blocked for 12 days
[VIXY PANIC] 2020-03-02T00:00:00Z | Blocked for 15 days
[VIXY FAST PANIC] 2020-03-02T00:00:00Z | Blocked for 12 days
[VIXY PANIC] 2020-03-04T00:00:00Z | Blocked for 15 days
[VIXY PANIC] 2020-03-05T00:00:00Z | Blocked for 15 days
[VIXY FAST PANIC] 2020-03-05T00:00:00Z | Blocked for 12 days
[VIXY PANIC] 2020-03-06T00:00:00Z | Blocked for 15 days
[VIXY FAST PANIC] 2020-03-06T00:00:00Z | Blocked for 12 days
[VIXY PANIC] 2020-03-09T00:00:00Z | Blocked for 15 days
[VIXY FAST PANIC] 2020-03-09T00:00:00Z | Blocked for 12 days
[VIXY PANIC] 2020-03-10T00:00:00Z | Blocked for 15 days
[VIXY FAST PANIC] 2020-03-10T00:00:00Z | Blocked for 12 days
[VIXY PANIC] 2020-03-11T00:00:00Z | Blocked for 15 days
[VIXY FAST PANIC] 2020-03-11T00:00:00Z | Blocked for 12 days
[VIXY PANIC] 2020-03-12T00:00:00Z | Blocked for 15 days
[VIXY FAST PANIC] 2020-03-12T00:00:00Z | Blocked for 12 days
[VIXY PANIC] 2020-03-13T00:00:00Z | Blocked for 15 days
[VIXY FAST PANIC] 2020-03-13T00:00:00Z | Blocked for 12 days
[VIXY PANIC] 2020-03-16T00:00:00Z | Blocked for 15 days
[VIXY FAST PANIC] 2020-03-16T00:00:00Z | Blocked for 12 days
[VIXY PANIC] 2020-03-17T00:00:00Z | Blocked for 15 days
[VIXY FAST PANIC] 2020-03-17T00:00:00Z | Blocked for 12 days
[VIXY PANIC] 2020-03-18T00:00:00Z | Blocked for 15 days
[VIXY FAST PANIC] 2020-03-18T00:00:00Z | Blocked for 12 days
[VIXY PANIC] 2020-03-19T00:00:00Z | Blocked for 15 days
[VIXY FAST PANIC] 2020-03-19T00:00:00Z | Blocked for 12 days
[VIXY PANIC] 2020-03-20T00:00:00Z | Blocked for 15 days
[VIXY FAST PANIC] 2020-03-20T00:00:00Z | Blocked for 12 days
[VIXY FAST PANIC] 2020-03-27T00:00:00Z | Blocked for 12 days
[VIXY PANIC] 2020-04-02T00:00:00Z | Blocked for 15 days
[VIXY FAST PANIC] 2020-04-17T00:00:00Z | Blocked for 12 days
[VIXY PANIC] 2020-04-20T00:00:00Z | Blocked for 15 days
[VIXY FAST PANIC] 2020-04-20T00:00:00Z | Blocked for 12 days
[VIXY PANIC] 2020-04-21T00:00:00Z | Blocked for 15 days
[VIXY FAST PANIC] 2020-04-21T00:00:00Z | Blocked for 12 days
[32mBUY NVDA_GoogleFinance_AutoUpToDate 2020-04-21T00:00:00Z @ 6.704127119[0m
[VIXY PANIC] 2020-04-22T00:00:00Z | Blocked for 15 days
[VIXY FAST PANIC] 2020-04-22T00:00:00Z | Blocked for 12 days
[VIXY PANIC] 2020-04-23T00:00:00Z | Blocked for 15 days
[VIXY PANIC] 2020-04-24T00:00:00Z | Blocked for 15 days
[VIXY PANIC] 2020-05-04T00:00:00Z | Blocked for 15 days
[VIXY FAST PANIC] 2020-05-04T00:00:00Z | Blocked for 12 days
[VIXY PANIC] 2020-05-06T00:00:00Z | Blocked for 15 days
[VIXY FAST PANIC] 2020-05-13T00:00:00Z | Blocked for 12 days
[VIXY FAST PANIC] 2020-05-14T00:00:00Z | Blocked for 12 days
[VIXY PANIC] 2020-05-15T00:00:00Z | Blocked for 15 days
[VIXY PANIC] 2020-05-18T00:00:00Z | Blocked for 15 days
[32mBUY NVDA_GoogleFinance_AutoUpToDate 2020-05-28T00:00:00Z @ 8.444647969[0m
[VIXY FAST PANIC] 2020-06-10T00:00:00Z | Blocked for 12 days
[VIXY PANIC] 2020-06-11T00:00:00Z | Blocked for 15 days
[VIXY FAST PANIC] 2020-06-11T00:00:00Z | Blocked for 12 days
[VIXY PANIC] 2020-06-12T00:00:00Z | Blocked for 15 days
[VIXY FAST PANIC] 2020-06-12T00:00:00Z | Blocked for 12 days
[VIXY PANIC] 2020-06-15T00:00:00Z | Blocked for 15 days
[VIXY FAST PANIC] 2020-06-15T00:00:00Z | Blocked for 12 days
[VIXY PANIC] 2020-06-16T00:00:00Z | Blocked for 15 days
[VIXY PANIC] 2020-06-17T00:00:00Z | Blocked for 15 days
[VIXY FAST PANIC] 2020-06-26T00:00:00Z | Blocked for 12 days
[VIXY PANIC] 2020-07-13T00:00:00Z | Blocked for 15 days
[VIXY FAST PANIC] 2020-07-13T00:00:00Z | Blocked for 12 days
[32mBUY NVDA_GoogleFinance_AutoUpToDate 2020-08-11T00:00:00Z @ 10.80078203[0m
[REASON] ATR profit target hit, RSI2 extremely overbought, RSI3 extremely overbought
[31mSELL NVDA_GoogleFinance_AutoUpToDate 2020-08-18T00:00:00Z @ 12.20513256 → 13.0%[0m
[32mBUY NVDA_GoogleFinance_AutoUpToDate 2020-08-20T00:00:00Z @ 12.08592577[0m
[VIXY PANIC] 2020-08-27T00:00:00Z | Blocked for 15 days
[VIXY FAST PANIC] 2020-08-27T00:00:00Z | Blocked for 12 days
[VIXY PANIC] 2020-08-28T00:00:00Z | Blocked for 15 days
[VIXY FAST PANIC] 2020-08-28T00:00:00Z | Blocked for 12 days
[VIXY PANIC] 2020-09-01T00:00:00Z | Blocked for 15 days
[VIXY FAST PANIC] 2020-09-01T00:00:00Z | Blocked for 12 days
[VIXY PANIC] 2020-09-02T00:00:00Z | Blocked for 15 days
[VIXY FAST PANIC] 2020-09-02T00:00:00Z | Blocked for 12 days
[VIXY PANIC] 2020-09-03T00:00:00Z | Blocked for 15 days
[VIXY FAST PANIC] 2020-09-03T00:00:00Z | Blocked for 12 days
[VIXY PANIC] 2020-09-04T00:00:00Z | Blocked for 15 days
[VIXY FAST PANIC] 2020-09-04T00:00:00Z | Blocked for 12 days
[VIXY PANIC] 2020-09-08T00:00:00Z | Blocked for 15 days
[32mBUY NVDA_GoogleFinance_AutoUpToDate 2020-09-18T00:00:00Z @ 12.13746864[0m
[VIXY FAST PANIC] 2020-09-22T00:00:00Z | Blocked for 12 days
[VIXY PANIC] 2020-09-23T00:00:00Z | Blocked for 15 days
[VIXY FAST PANIC] 2020-09-23T00:00:00Z | Blocked for 12 days
[VIXY PANIC] 2020-09-24T00:00:00Z | Blocked for 15 days
[VIXY FAST PANIC] 2020-09-24T00:00:00Z | Blocked for 12 days
[VIXY PANIC] 2020-09-25T00:00:00Z | Blocked for 15 days
[VIXY FAST PANIC] 2020-10-02T00:00:00Z | Blocked for 12 days
[32mBUY NVDA_GoogleFinance_AutoUpToDate 2020-10-15T00:00:00Z @ 13.91065381[0m
[VIXY PANIC] 2020-10-19T00:00:00Z | Blocked for 15 days
[VIXY FAST PANIC] 2020-10-19T00:00:00Z | Blocked for 12 days
[VIXY PANIC] 2020-10-20T00:00:00Z | Blocked for 15 days
[VIXY FAST PANIC] 2020-10-20T00:00:00Z | Blocked for 12 days
[VIXY PANIC] 2020-10-21T00:00:00Z | Blocked for 15 days
[VIXY PANIC] 2020-10-26T00:00:00Z | Blocked for 15 days
[VIXY FAST PANIC] 2020-10-26T00:00:00Z | Blocked for 12 days
[VIXY PANIC] 2020-10-27T00:00:00Z | Blocked for 15 days
[VIXY FAST PANIC] 2020-10-27T00:00:00Z | Blocked for 12 days
[VIXY PANIC] 2020-10-28T00:00:00Z | Blocked for 15 days
[VIXY FAST PANIC] 2020-10-28T00:00:00Z | Blocked for 12 days
[VIXY PANIC] 2020-10-29T00:00:00Z | Blocked for 15 days
[VIXY FAST PANIC] 2020-10-29T00:00:00Z | Blocked for 12 days
[VIXY PANIC] 2020-10-30T00:00:00Z | Blocked for 15 days
[VIXY FAST PANIC] 2020-10-30T00:00:00Z | Blocked for 12 days
[VIXY PANIC] 2020-11-02T00:00:00Z | Blocked for 15 days
[32mBUY NVDA_GoogleFinance_AutoUpToDate 2020-11-20T00:00:00Z @ 13.03215171[0m
[32mBUY NVDA_GoogleFinance_AutoUpToDate 2020-12-10T00:00:00Z @ 12.92099938[0m
[VIXY PANIC] 2020-12-11T00:00:00Z | Blocked for 15 days
[VIXY FAST PANIC] 2020-12-11T00:00:00Z | Blocked for 12 days
[VIXY PANIC] 2020-12-14T00:00:00Z | Blocked for 15 days
[VIXY FAST PANIC] 2020-12-14T00:00:00Z | Blocked for 12 days
[REASON] ATR profit target hit, RSI2 extremely overbought, RSI3 extremely overbought
[31mSELL NVDA_GoogleFinance_AutoUpToDate 2020-12-14T00:00:00Z @ 13.25616994 → 2.59%[0m
[VIXY PANIC] 2020-12-15T00:00:00Z | Blocked for 15 days
[VIXY FAST PANIC] 2020-12-21T00:00:00Z | Blocked for 12 days
[VIXY PANIC] 2020-12-22T00:00:00Z | Blocked for 15 days
[VIXY FAST PANIC] 2020-12-22T00:00:00Z | Blocked for 12 days
[32mBUY NVDA_GoogleFinance_AutoUpToDate 2020-12-23T00:00:00Z @ 12.9578532[0m
[VIXY PANIC] 2021-01-05T00:00:00Z | Blocked for 15 days
[VIXY FAST PANIC] 2021-01-05T00:00:00Z | Blocked for 12 days
[VIXY FAST PANIC] 2021-01-06T00:00:00Z | Blocked for 12 days
[32mBUY NVDA_GoogleFinance_AutoUpToDate 2021-01-14T00:00:00Z @ 13.1480986[0m
[VIXY PANIC] 2021-01-15T00:00:00Z | Blocked for 15 days
[VIXY FAST PANIC] 2021-01-26T00:00:00Z | Blocked for 12 days
[32mBUY NVDA_GoogleFinance_AutoUpToDate 2021-01-26T00:00:00Z @ 13.38217017[0m
[VIXY PANIC] 2021-01-27T00:00:00Z | Blocked for 15 days
[VIXY FAST PANIC] 2021-01-27T00:00:00Z | Blocked for 12 days
[VIXY PANIC] 2021-01-28T00:00:00Z | Blocked for 15 days
[VIXY FAST PANIC] 2021-01-28T00:00:00Z | Blocked for 12 days
[VIXY PANIC] 2021-01-29T00:00:00Z | Blocked for 15 days
[VIXY FAST PANIC] 2021-01-29T00:00:00Z | Blocked for 12 days
[VIXY PANIC] 2021-02-01T00:00:00Z | Blocked for 15 days
[VIXY PANIC] 2021-02-02T00:00:00Z | Blocked for 15 days
[REASON] ATR profit target hit, RSI2 extremely overbought, RSI3 extremely overbought
[31mSELL NVDA_GoogleFinance_AutoUpToDate 2021-02-02T00:00:00Z @ 13.50319015 → 0.9%[0m
[32mBUY NVDA_GoogleFinance_AutoUpToDate 2021-02-22T00:00:00Z @ 14.29903347[0m
[VIXY PANIC] 2021-02-25T00:00:00Z | Blocked for 15 days
[VIXY FAST PANIC] 2021-02-25T00:00:00Z | Blocked for 12 days
[VIXY PANIC] 2021-02-26T00:00:00Z | Blocked for 15 days
[VIXY FAST PANIC] 2021-02-26T00:00:00Z | Blocked for 12 days
[VIXY PANIC] 2021-03-03T00:00:00Z | Blocked for 15 days
[VIXY FAST PANIC] 2021-03-04T00:00:00Z | Blocked for 12 days
[32mBUY NVDA_GoogleFinance_AutoUpToDate 2021-03-05T00:00:00Z @ 12.41226725[0m
[VIXY PANIC] 2021-03-08T00:00:00Z | Blocked for 15 days
[REASON] ATR profit target hit, RSI2 extremely overbought, RSI3 extremely overbought
[31mSELL NVDA_GoogleFinance_AutoUpToDate 2021-03-11T00:00:00Z @ 12.94630022 → 4.3%[0m
[32mBUY NVDA_GoogleFinance_AutoUpToDate 2021-03-25T00:00:00Z @ 12.48971485[0m
[VIXY PANIC] 2021-04-20T00:00:00Z | Blocked for 15 days
[VIXY FAST PANIC] 2021-04-20T00:00:00Z | Blocked for 12 days
[32mBUY NVDA_GoogleFinance_AutoUpToDate 2021-04-20T00:00:00Z @ 15.1161394[0m
[VIXY PANIC] 2021-04-22T00:00:00Z | Blocked for 15 days
[VIXY FAST PANIC] 2021-04-22T00:00:00Z | Blocked for 12 days
[VIXY PANIC] 2021-05-04T00:00:00Z | Blocked for 15 days
[VIXY FAST PANIC] 2021-05-04T00:00:00Z | Blocked for 12 days
[VIXY PANIC] 2021-05-11T00:00:00Z | Blocked for 15 days
[VIXY FAST PANIC] 2021-05-11T00:00:00Z | Blocked for 12 days
[VIXY PANIC] 2021-05-12T00:00:00Z | Blocked for 15 days
[VIXY FAST PANIC] 2021-05-12T00:00:00Z | Blocked for 12 days
[VIXY PANIC] 2021-05-13T00:00:00Z | Blocked for 15 days
[VIXY FAST PANIC] 2021-05-13T00:00:00Z | Blocked for 12 days
[VIXY PANIC] 2021-05-14T00:00:00Z | Blocked for 15 days
[VIXY PANIC] 2021-05-17T00:00:00Z | Blocked for 15 days
[VIXY FAST PANIC] 2021-05-19T00:00:00Z | Blocked for 12 days
[32mBUY NVDA_GoogleFinance_AutoUpToDate 2021-06-09T00:00:00Z @ 17.29918044[0m
[VIXY FAST PANIC] 2021-06-16T00:00:00Z | Blocked for 12 days
[VIXY PANIC] 2021-06-18T00:00:00Z | Blocked for 15 days
[VIXY FAST PANIC] 2021-06-18T00:00:00Z | Blocked for 12 days
[REASON] ATR profit target hit, RSI2 extremely overbought, RSI3 extremely overbought
[31mSELL NVDA_GoogleFinance_AutoUpToDate 2021-06-18T00:00:00Z @ 18.57532294 → 7.38%[0m
[VIXY PANIC] 2021-06-21T00:00:00Z | Blocked for 15 days
[VIXY PANIC] 2021-07-08T00:00:00Z | Blocked for 15 days
[VIXY FAST PANIC] 2021-07-08T00:00:00Z | Blocked for 12 days
[VIXY PANIC] 2021-07-16T00:00:00Z | Blocked for 15 days
[VIXY PANIC] 2021-07-19T00:00:00Z | Blocked for 15 days
[VIXY FAST PANIC] 2021-07-19T00:00:00Z | Blocked for 12 days
[VIXY PANIC] 2021-07-20T00:00:00Z | Blocked for 15 days
[VIXY FAST PANIC] 2021-07-20T00:00:00Z | Blocked for 12 days
[VIXY PANIC] 2021-07-21T00:00:00Z | Blocked for 15 days
[VIXY PANIC] 2021-07-22T00:00:00Z | Blocked for 15 days
[32mBUY NVDA_GoogleFinance_AutoUpToDate 2021-07-27T00:00:00Z @ 19.1426358[0m
[VIXY PANIC] 2021-08-02T00:00:00Z | Blocked for 15 days
[VIXY FAST PANIC] 2021-08-02T00:00:00Z | Blocked for 12 days
[32mBUY NVDA_GoogleFinance_AutoUpToDate 2021-08-10T00:00:00Z @ 19.86815844[0m
[VIXY PANIC] 2021-08-18T00:00:00Z | Blocked for 15 days
[VIXY FAST PANIC] 2021-08-18T00:00:00Z | Blocked for 12 days
[VIXY PANIC] 2021-08-19T00:00:00Z | Blocked for 15 days
[VIXY FAST PANIC] 2021-08-19T00:00:00Z | Blocked for 12 days
[VIXY PANIC] 2021-08-20T00:00:00Z | Blocked for 15 days
[VIXY PANIC] 2021-09-09T00:00:00Z | Blocked for 15 days
[VIXY FAST PANIC] 2021-09-09T00:00:00Z | Blocked for 12 days
[32mBUY NVDA_GoogleFinance_AutoUpToDate 2021-09-09T00:00:00Z @ 22.10548174[0m
[VIXY PANIC] 2021-09-10T00:00:00Z | Blocked for 15 days
[VIXY FAST PANIC] 2021-09-10T00:00:00Z | Blocked for 12 days
[VIXY PANIC] 2021-09-13T00:00:00Z | Blocked for 15 days
[VIXY PANIC] 2021-09-14T00:00:00Z | Blocked for 15 days
[VIXY PANIC] 2021-09-20T00:00:00Z | Blocked for 15 days
[VIXY FAST PANIC] 2021-09-20T00:00:00Z | Blocked for 12 days
[VIXY PANIC] 2021-09-21T00:00:00Z | Blocked for 15 days
[VIXY FAST PANIC] 2021-09-21T00:00:00Z | Blocked for 12 days
[32mBUY NVDA_GoogleFinance_AutoUpToDate 2021-09-21T00:00:00Z @ 21.17748411[0m
[VIXY PANIC] 2021-09-22T00:00:00Z | Blocked for 15 days
[VIXY PANIC] 2021-09-29T00:00:00Z | Blocked for 15 days
[VIXY FAST PANIC] 2021-09-29T00:00:00Z | Blocked for 12 days
[VIXY PANIC] 2021-09-30T00:00:00Z | Blocked for 15 days
[VIXY FAST PANIC] 2021-09-30T00:00:00Z | Blocked for 12 days
[VIXY PANIC] 2021-10-01T00:00:00Z | Blocked for 15 days
[VIXY PANIC] 2021-10-04T00:00:00Z | Blocked for 15 days
[32mBUY NVDA_GoogleFinance_AutoUpToDate 2021-10-12T00:00:00Z @ 20.60433841[0m
[VIXY FAST PANIC] 2021-11-08T00:00:00Z | Blocked for 12 days
[VIXY PANIC] 2021-11-09T00:00:00Z | Blocked for 15 days
[VIXY FAST PANIC] 2021-11-09T00:00:00Z | Blocked for 12 days
[VIXY PANIC] 2021-11-10T00:00:00Z | Blocked for 15 days
[VIXY FAST PANIC] 2021-11-10T00:00:00Z | Blocked for 12 days
[VIXY PANIC] 2021-11-11T00:00:00Z | Blocked for 15 days
[32mBUY NVDA_GoogleFinance_AutoUpToDate 2021-11-17T00:00:00Z @ 29.16663666[0m
[VIXY PANIC] 2021-11-19T00:00:00Z | Blocked for 15 days
[VIXY FAST PANIC] 2021-11-19T00:00:00Z | Blocked for 12 days
[VIXY PANIC] 2021-11-22T00:00:00Z | Blocked for 15 days
[VIXY FAST PANIC] 2021-11-22T00:00:00Z | Blocked for 12 days
[VIXY PANIC] 2021-11-23T00:00:00Z | Blocked for 15 days
[VIXY PANIC] 2021-11-26T00:00:00Z | Blocked for 15 days
[VIXY FAST PANIC] 2021-11-26T00:00:00Z | Blocked for 12 days
[VIXY PANIC] 2021-11-30T00:00:00Z | Blocked for 15 days
[VIXY FAST PANIC] 2021-11-30T00:00:00Z | Blocked for 12 days
[VIXY PANIC] 2021-12-01T00:00:00Z | Blocked for 15 days
[VIXY FAST PANIC] 2021-12-01T00:00:00Z | Blocked for 12 days
[VIXY PANIC] 2021-12-02T00:00:00Z | Blocked for 15 days
[VIXY FAST PANIC] 2021-12-02T00:00:00Z | Blocked for 12 days
[VIXY PANIC] 2021-12-03T00:00:00Z | Blocked for 15 days
[VIXY FAST PANIC] 2021-12-03T00:00:00Z | Blocked for 12 days
[VIXY PANIC] 2021-12-06T00:00:00Z | Blocked for 15 days
[32mBUY NVDA_GoogleFinance_AutoUpToDate 2021-12-10T00:00:00Z @ 30.10444514[0m
[VIXY PANIC] 2021-12-20T00:00:00Z | Blocked for 15 days
[VIXY FAST PANIC] 2021-12-20T00:00:00Z | Blocked for 12 days
[32mBUY NVDA_GoogleFinance_AutoUpToDate 2021-12-30T00:00:00Z @ 29.49434115[0m
[VIXY PANIC] 2022-01-05T00:00:00Z | Blocked for 15 days
[VIXY FAST PANIC] 2022-01-05T00:00:00Z | Blocked for 12 days
[VIXY FAST PANIC] 2022-01-07T00:00:00Z | Blocked for 12 days
[VIXY PANIC] 2022-01-10T00:00:00Z | Blocked for 15 days
[VIXY FAST PANIC] 2022-01-14T00:00:00Z | Blocked for 12 days
[VIXY PANIC] 2022-01-18T00:00:00Z | Blocked for 15 days
[VIXY FAST PANIC] 2022-01-18T00:00:00Z | Blocked for 12 days
[VIXY PANIC] 2022-01-19T00:00:00Z | Blocked for 15 days
[VIXY FAST PANIC] 2022-01-19T00:00:00Z | Blocked for 12 days
[VIXY PANIC] 2022-01-20T00:00:00Z | Blocked for 15 days
[VIXY FAST PANIC] 2022-01-20T00:00:00Z | Blocked for 12 days
[VIXY PANIC] 2022-01-21T00:00:00Z | Blocked for 15 days
[VIXY FAST PANIC] 2022-01-21T00:00:00Z | Blocked for 12 days
[VIXY PANIC] 2022-01-24T00:00:00Z | Blocked for 15 days
[VIXY FAST PANIC] 2022-01-24T00:00:00Z | Blocked for 12 days
[VIXY PANIC] 2022-01-25T00:00:00Z | Blocked for 15 days
[VIXY FAST PANIC] 2022-01-25T00:00:00Z | Blocked for 12 days
[VIXY PANIC] 2022-01-26T00:00:00Z | Blocked for 15 days
[VIXY FAST PANIC] 2022-01-26T00:00:00Z | Blocked for 12 days
[VIXY PANIC] 2022-01-27T00:00:00Z | Blocked for 15 days
[VIXY FAST PANIC] 2022-01-27T00:00:00Z | Blocked for 12 days
[VIXY FAST PANIC] 2022-02-04T00:00:00Z | Blocked for 12 days
[VIXY FAST PANIC] 2022-02-07T00:00:00Z | Blocked for 12 days
[VIXY PANIC] 2022-02-11T00:00:00Z | Blocked for 15 days
[VIXY FAST PANIC] 2022-02-11T00:00:00Z | Blocked for 12 days
[VIXY PANIC] 2022-02-14T00:00:00Z | Blocked for 15 days
[VIXY FAST PANIC] 2022-02-14T00:00:00Z | Blocked for 12 days
[32mBUY NVDA_GoogleFinance_AutoUpToDate 2022-02-14T00:00:00Z @ 24.19181967[0m
[VIXY PANIC] 2022-02-15T00:00:00Z | Blocked for 15 days
[VIXY FAST PANIC] 2022-02-15T00:00:00Z | Blocked for 12 days
[VIXY PANIC] 2022-02-16T00:00:00Z | Blocked for 15 days
[VIXY PANIC] 2022-02-17T00:00:00Z | Blocked for 15 days
[VIXY FAST PANIC] 2022-02-18T00:00:00Z | Blocked for 12 days
[VIXY FAST PANIC] 2022-02-22T00:00:00Z | Blocked for 12 days
[VIXY PANIC] 2022-02-23T00:00:00Z | Blocked for 15 days
[VIXY FAST PANIC] 2022-02-23T00:00:00Z | Blocked for 12 days
[VIXY PANIC] 2022-02-24T00:00:00Z | Blocked for 15 days
[VIXY PANIC] 2022-03-01T00:00:00Z | Blocked for 15 days
[VIXY FAST PANIC] 2022-03-01T00:00:00Z | Blocked for 12 days
[VIXY FAST PANIC] 2022-03-02T00:00:00Z | Blocked for 12 days
[VIXY PANIC] 2022-03-03T00:00:00Z | Blocked for 15 days
[VIXY FAST PANIC] 2022-03-03T00:00:00Z | Blocked for 12 days
[VIXY PANIC] 2022-03-04T00:00:00Z | Blocked for 15 days
[VIXY PANIC] 2022-03-07T00:00:00Z | Blocked for 15 days
[VIXY FAST PANIC] 2022-03-07T00:00:00Z | Blocked for 12 days
[VIXY PANIC] 2022-03-08T00:00:00Z | Blocked for 15 days
[VIXY FAST PANIC] 2022-03-08T00:00:00Z | Blocked for 12 days
[32mBUY NVDA_GoogleFinance_AutoUpToDate 2022-03-08T00:00:00Z @ 21.45089068[0m
[VIXY PANIC] 2022-03-09T00:00:00Z | Blocked for 15 days
[VIXY FAST PANIC] 2022-03-09T00:00:00Z | Blocked for 12 days
[VIXY PANIC] 2022-03-10T00:00:00Z | Blocked for 15 days
[32mBUY NVDA_GoogleFinance_AutoUpToDate 2022-04-01T00:00:00Z @ 26.63364283[0m
[VIXY PANIC] 2022-04-05T00:00:00Z | Blocked for 15 days
[VIXY PANIC] 2022-04-06T00:00:00Z | Blocked for 15 days
[VIXY FAST PANIC] 2022-04-06T00:00:00Z | Blocked for 12 days
[VIXY FAST PANIC] 2022-04-07T00:00:00Z | Blocked for 12 days
[VIXY PANIC] 2022-04-11T00:00:00Z | Blocked for 15 days
[VIXY PANIC] 2022-04-12T00:00:00Z | Blocked for 15 days
[VIXY FAST PANIC] 2022-04-12T00:00:00Z | Blocked for 12 days
[VIXY PANIC] 2022-04-22T00:00:00Z | Blocked for 15 days
[VIXY FAST PANIC] 2022-04-22T00:00:00Z | Blocked for 12 days
[VIXY PANIC] 2022-04-25T00:00:00Z | Blocked for 15 days
[VIXY FAST PANIC] 2022-04-25T00:00:00Z | Blocked for 12 days
[VIXY PANIC] 2022-04-26T00:00:00Z | Blocked for 15 days
[VIXY FAST PANIC] 2022-04-26T00:00:00Z | Blocked for 12 days
[VIXY PANIC] 2022-04-27T00:00:00Z | Blocked for 15 days
[VIXY FAST PANIC] 2022-04-27T00:00:00Z | Blocked for 12 days
[VIXY PANIC] 2022-04-28T00:00:00Z | Blocked for 15 days
[VIXY FAST PANIC] 2022-04-28T00:00:00Z | Blocked for 12 days
[VIXY PANIC] 2022-04-29T00:00:00Z | Blocked for 15 days
[VIXY FAST PANIC] 2022-04-29T00:00:00Z | Blocked for 12 days
[VIXY PANIC] 2022-05-02T00:00:00Z | Blocked for 15 days
[VIXY PANIC] 2022-05-05T00:00:00Z | Blocked for 15 days
[VIXY FAST PANIC] 2022-05-06T00:00:00Z | Blocked for 12 days
[VIXY PANIC] 2022-05-09T00:00:00Z | Blocked for 15 days
[VIXY FAST PANIC] 2022-05-09T00:00:00Z | Blocked for 12 days
[VIXY PANIC] 2022-05-10T00:00:00Z | Blocked for 15 days
[VIXY PANIC] 2022-05-11T00:00:00Z | Blocked for 15 days
[VIXY FAST PANIC] 2022-05-11T00:00:00Z | Blocked for 12 days
[VIXY FAST PANIC] 2022-05-18T00:00:00Z | Blocked for 12 days
[VIXY FAST PANIC] 2022-05-19T00:00:00Z | Blocked for 12 days
[VIXY FAST PANIC] 2022-05-20T00:00:00Z | Blocked for 12 days
[VIXY PANIC] 2022-05-23T00:00:00Z | Blocked for 15 days
[VIXY PANIC] 2022-05-24T00:00:00Z | Blocked for 15 days
[32mBUY NVDA_GoogleFinance_AutoUpToDate 2022-06-09T00:00:00Z @ 17.99891782[0m
[VIXY PANIC] 2022-06-10T00:00:00Z | Blocked for 15 days
[VIXY FAST PANIC] 2022-06-10T00:00:00Z | Blocked for 12 days
[32mBUY NVDA_GoogleFinance_AutoUpToDate 2022-06-10T00:00:00Z @ 16.9278386[0m
[VIXY PANIC] 2022-06-13T00:00:00Z | Blocked for 15 days
[VIXY FAST PANIC] 2022-06-13T00:00:00Z | Blocked for 12 days
[VIXY PANIC] 2022-06-14T00:00:00Z | Blocked for 15 days
[VIXY FAST PANIC] 2022-06-14T00:00:00Z | Blocked for 12 days
[32mBUY NVDA_GoogleFinance_AutoUpToDate 2022-06-14T00:00:00Z @ 15.79293343[0m
[VIXY PANIC] 2022-06-15T00:00:00Z | Blocked for 15 days
[VIXY FAST PANIC] 2022-06-15T00:00:00Z | Blocked for 12 days
[VIXY PANIC] 2022-06-16T00:00:00Z | Blocked for 15 days
[VIXY PANIC] 2022-06-17T00:00:00Z | Blocked for 15 days
[VIXY FAST PANIC] 2022-06-30T00:00:00Z | Blocked for 12 days
[32mBUY NVDA_GoogleFinance_AutoUpToDate 2022-07-12T00:00:00Z @ 15.04098396[0m
[32mBUY NVDA_GoogleFinance_AutoUpToDate 2022-07-26T00:00:00Z @ 16.48803791[0m
[VIXY FAST PANIC] 2022-08-02T00:00:00Z | Blocked for 12 days
[32mBUY NVDA_GoogleFinance_AutoUpToDate 2022-08-09T00:00:00Z @ 17.03953401[0m
[VIXY PANIC] 2022-08-22T00:00:00Z | Blocked for 15 days
[VIXY FAST PANIC] 2022-08-22T00:00:00Z | Blocked for 12 days
[VIXY PANIC] 2022-08-23T00:00:00Z | Blocked for 15 days
[VIXY FAST PANIC] 2022-08-23T00:00:00Z | Blocked for 12 days
[32mBUY NVDA_GoogleFinance_AutoUpToDate 2022-08-23T00:00:00Z @ 17.13427565[0m
[VIXY PANIC] 2022-08-24T00:00:00Z | Blocked for 15 days
[VIXY PANIC] 2022-08-25T00:00:00Z | Blocked for 15 days
[VIXY PANIC] 2022-08-26T00:00:00Z | Blocked for 15 days
[VIXY FAST PANIC] 2022-08-29T00:00:00Z | Blocked for 12 days
[VIXY PANIC] 2022-08-30T00:00:00Z | Blocked for 15 days
[VIXY FAST PANIC] 2022-08-30T00:00:00Z | Blocked for 12 days
[VIXY PANIC] 2022-08-31T00:00:00Z | Blocked for 15 days
[VIXY PANIC] 2022-09-01T00:00:00Z | Blocked for 15 days
[VIXY FAST PANIC] 2022-09-13T00:00:00Z | Blocked for 12 days
[VIXY PANIC] 2022-09-14T00:00:00Z | Blocked for 15 days
[VIXY FAST PANIC] 2022-09-14T00:00:00Z | Blocked for 12 days
[VIXY PANIC] 2022-09-15T00:00:00Z | Blocked for 15 days
[VIXY FAST PANIC] 2022-09-15T00:00:00Z | Blocked for 12 days
[VIXY PANIC] 2022-09-16T00:00:00Z | Blocked for 15 days
[VIXY PANIC] 2022-09-19T00:00:00Z | Blocked for 15 days
[VIXY PANIC] 2022-09-21T00:00:00Z | Blocked for 15 days
[VIXY FAST PANIC] 2022-09-21T00:00:00Z | Blocked for 12 days
[VIXY PANIC] 2022-09-22T00:00:00Z | Blocked for 15 days
[VIXY FAST PANIC] 2022-09-22T00:00:00Z | Blocked for 12 days
[VIXY PANIC] 2022-09-23T00:00:00Z | Blocked for 15 days
[VIXY FAST PANIC] 2022-09-23T00:00:00Z | Blocked for 12 days
[VIXY PANIC] 2022-09-26T00:00:00Z | Blocked for 15 days
[VIXY FAST PANIC] 2022-09-26T00:00:00Z | Blocked for 12 days
[VIXY PANIC] 2022-09-27T00:00:00Z | Blocked for 15 days
[VIXY FAST PANIC] 2022-09-27T00:00:00Z | Blocked for 12 days
[VIXY PANIC] 2022-09-28T00:00:00Z | Blocked for 15 days
[VIXY PANIC] 2022-09-29T00:00:00Z | Blocked for 15 days
[VIXY PANIC] 2022-09-30T00:00:00Z | Blocked for 15 days
[VIXY FAST PANIC] 2022-10-07T00:00:00Z | Blocked for 12 days
[VIXY PANIC] 2022-10-10T00:00:00Z | Blocked for 15 days
[VIXY FAST PANIC] 2022-10-10T00:00:00Z | Blocked for 12 days
[VIXY PANIC] 2022-10-11T00:00:00Z | Blocked for 15 days
[VIXY FAST PANIC] 2022-10-11T00:00:00Z | Blocked for 12 days
[VIXY PANIC] 2022-10-12T00:00:00Z | Blocked for 15 days
[VIXY FAST PANIC] 2022-10-12T00:00:00Z | Blocked for 12 days
[VIXY PANIC] 2022-10-13T00:00:00Z | Blocked for 15 days
[32mBUY NVDA_GoogleFinance_AutoUpToDate 2022-11-02T00:00:00Z @ 13.18689559[0m
[VIXY FAST PANIC] 2022-11-09T00:00:00Z | Blocked for 12 days
[32mBUY NVDA_GoogleFinance_AutoUpToDate 2022-11-18T00:00:00Z @ 15.37157683[0m
[32mBUY NVDA_GoogleFinance_AutoUpToDate 2022-11-21T00:00:00Z @ 15.27980027[0m
[32mBUY NVDA_GoogleFinance_AutoUpToDate 2022-11-29T00:00:00Z @ 15.60101824[0m
[32mBUY NVDA_GoogleFinance_AutoUpToDate 2022-12-06T00:00:00Z @ 15.95194266[0m
[VIXY FAST PANIC] 2022-12-07T00:00:00Z | Blocked for 12 days
[32mBUY NVDA_GoogleFinance_AutoUpToDate 2022-12-07T00:00:00Z @ 16.084651[0m
[VIXY PANIC] 2022-12-09T00:00:00Z | Blocked for 15 days
[VIXY PANIC] 2022-12-12T00:00:00Z | Blocked for 15 days
[VIXY FAST PANIC] 2022-12-16T00:00:00Z | Blocked for 12 days
[32mBUY NVDA_GoogleFinance_AutoUpToDate 2022-12-16T00:00:00Z @ 16.53466202[0m
[VIXY FAST PANIC] 2022-12-19T00:00:00Z | Blocked for 12 days
[32mBUY NVDA_GoogleFinance_AutoUpToDate 2022-12-19T00:00:00Z @ 16.21835716[0m
[32mBUY NVDA_GoogleFinance_AutoUpToDate 2022-12-20T00:00:00Z @ 16.04972775[0m
[VIXY FAST PANIC] 2023-01-19T00:00:00Z | Blocked for 12 days
[VIXY FAST PANIC] 2023-02-06T00:00:00Z | Blocked for 12 days
[VIXY PANIC] 2023-02-08T00:00:00Z | Blocked for 15 days
[VIXY FAST PANIC] 2023-02-08T00:00:00Z | Blocked for 12 days
[VIXY PANIC] 2023-02-09T00:00:00Z | Blocked for 15 days
[VIXY FAST PANIC] 2023-02-09T00:00:00Z | Blocked for 12 days
[VIXY PANIC] 2023-02-10T00:00:00Z | Blocked for 15 days
[VIXY FAST PANIC] 2023-02-10T00:00:00Z | Blocked for 12 days
[32mBUY NVDA_GoogleFinance_AutoUpToDate 2023-02-10T00:00:00Z @ 21.21836871[0m
[VIXY FAST PANIC] 2023-02-17T00:00:00Z | Blocked for 12 days
[32mBUY NVDA_GoogleFinance_AutoUpToDate 2023-02-17T00:00:00Z @ 21.34109899[0m
[VIXY PANIC] 2023-02-21T00:00:00Z | Blocked for 15 days
[VIXY FAST PANIC] 2023-02-21T00:00:00Z | Blocked for 12 days
[32mBUY NVDA_GoogleFinance_AutoUpToDate 2023-02-21T00:00:00Z @ 20.60970636[0m
[VIXY PANIC] 2023-02-22T00:00:00Z | Blocked for 15 days
[VIXY FAST PANIC] 2023-02-22T00:00:00Z | Blocked for 12 days
[32mBUY NVDA_GoogleFinance_AutoUpToDate 2023-02-22T00:00:00Z @ 20.70848926[0m
[VIXY PANIC] 2023-02-23T00:00:00Z | Blocked for 15 days
[VIXY PANIC] 2023-02-24T00:00:00Z | Blocked for 15 days
[VIXY PANIC] 2023-03-09T00:00:00Z | Blocked for 15 days
[VIXY FAST PANIC] 2023-03-09T00:00:00Z | Blocked for 12 days
[VIXY PANIC] 2023-03-10T00:00:00Z | Blocked for 15 days
[VIXY FAST PANIC] 2023-03-10T00:00:00Z | Blocked for 12 days
[VIXY PANIC] 2023-03-13T00:00:00Z | Blocked for 15 days
[VIXY FAST PANIC] 2023-03-13T00:00:00Z | Blocked for 12 days
[32mBUY NVDA_GoogleFinance_AutoUpToDate 2023-03-13T00:00:00Z @ 22.91957469[0m
[VIXY PANIC] 2023-03-14T00:00:00Z | Blocked for 15 days
[VIXY FAST PANIC] 2023-03-14T00:00:00Z | Blocked for 12 days
[VIXY PANIC] 2023-03-15T00:00:00Z | Blocked for 15 days
[VIXY FAST PANIC] 2023-03-15T00:00:00Z | Blocked for 12 days
[VIXY PANIC] 2023-03-16T00:00:00Z | Blocked for 15 days
[VIXY PANIC] 2023-03-17T00:00:00Z | Blocked for 15 days
[VIXY FAST PANIC] 2023-03-17T00:00:00Z | Blocked for 12 days
[32mBUY NVDA_GoogleFinance_AutoUpToDate 2023-03-28T00:00:00Z @ 26.35661271[0m
[32mBUY NVDA_GoogleFinance_AutoUpToDate 2023-04-13T00:00:00Z @ 26.40950557[0m
[REASON] ATR profit target hit, RSI2 extremely overbought, RSI3 extremely overbought
[31mSELL NVDA_GoogleFinance_AutoUpToDate 2023-04-17T00:00:00Z @ 26.94741599 → 2.04%[0m
[32mBUY NVDA_GoogleFinance_AutoUpToDate 2023-04-24T00:00:00Z @ 26.98733513[0m
[VIXY PANIC] 2023-04-25T00:00:00Z | Blocked for 15 days
[VIXY FAST PANIC] 2023-04-25T00:00:00Z | Blocked for 12 days
[VIXY PANIC] 2023-04-26T00:00:00Z | Blocked for 15 days
[VIXY FAST PANIC] 2023-04-26T00:00:00Z | Blocked for 12 days
[REASON] ATR profit target hit, RSI2 extremely overbought, RSI3 extremely overbought
[31mSELL NVDA_GoogleFinance_AutoUpToDate 2023-04-28T00:00:00Z @ 27.69290595 → 2.61%[0m
[VIXY FAST PANIC] 2023-05-03T00:00:00Z | Blocked for 12 days
[VIXY PANIC] 2023-05-04T00:00:00Z | Blocked for 15 days
[VIXY FAST PANIC] 2023-05-04T00:00:00Z | Blocked for 12 days
[32mBUY NVDA_GoogleFinance_AutoUpToDate 2023-05-04T00:00:00Z @ 27.50628396[0m
[VIXY PANIC] 2023-05-05T00:00:00Z | Blocked for 15 days
[VIXY FAST PANIC] 2023-05-23T00:00:00Z | Blocked for 12 days
[32mBUY NVDA_GoogleFinance_AutoUpToDate 2023-05-23T00:00:00Z @ 30.62596482[0m
[VIXY PANIC] 2023-05-24T00:00:00Z | Blocked for 15 days
[VIXY FAST PANIC] 2023-05-24T00:00:00Z | Blocked for 12 days
[VIXY PANIC] 2023-05-25T00:00:00Z | Blocked for 15 days
[VIXY FAST PANIC] 2023-05-25T00:00:00Z | Blocked for 12 days
[REASON] ATR profit target hit, RSI2 extremely overbought, RSI3 extremely overbought
[31mSELL NVDA_GoogleFinance_AutoUpToDate 2023-05-25T00:00:00Z @ 37.90322418 → 23.76%[0m
[32mBUY NVDA_GoogleFinance_AutoUpToDate 2023-06-06T00:00:00Z @ 38.57586171[0m
[REASON] ATR profit target hit, RSI2 extremely overbought, RSI3 extremely overbought
[31mSELL NVDA_GoogleFinance_AutoUpToDate 2023-06-12T00:00:00Z @ 39.40639363 → 2.15%[0m
[32mBUY NVDA_GoogleFinance_AutoUpToDate 2023-06-23T00:00:00Z @ 42.12817153[0m
[VIXY PANIC] 2023-07-06T00:00:00Z | Blocked for 15 days
[VIXY FAST PANIC] 2023-07-06T00:00:00Z | Blocked for 12 days
[VIXY FAST PANIC] 2023-07-07T00:00:00Z | Blocked for 12 days
[VIXY PANIC] 2023-07-10T00:00:00Z | Blocked for 15 days
[VIXY PANIC] 2023-07-11T00:00:00Z | Blocked for 15 days
[32mBUY NVDA_GoogleFinance_AutoUpToDate 2023-07-21T00:00:00Z @ 44.22415012[0m
[REASON] ATR profit target hit, RSI3 extremely overbought
[31mSELL NVDA_GoogleFinance_AutoUpToDate 2023-07-28T00:00:00Z @ 46.66047571 → 5.51%[0m
[VIXY PANIC] 2023-08-02T00:00:00Z | Blocked for 15 days
[VIXY FAST PANIC] 2023-08-02T00:00:00Z | Blocked for 12 days
[VIXY PANIC] 2023-08-03T00:00:00Z | Blocked for 15 days
[VIXY FAST PANIC] 2023-08-03T00:00:00Z | Blocked for 12 days
[32mBUY NVDA_GoogleFinance_AutoUpToDate 2023-08-03T00:00:00Z @ 44.42975564[0m
[VIXY PANIC] 2023-08-04T00:00:00Z | Blocked for 15 days
[VIXY FAST PANIC] 2023-08-04T00:00:00Z | Blocked for 12 days
[VIXY PANIC] 2023-08-07T00:00:00Z | Blocked for 15 days
[REASON] ATR profit target hit, RSI2 extremely overbought, RSI3 extremely overbought
[31mSELL NVDA_GoogleFinance_AutoUpToDate 2023-08-07T00:00:00Z @ 45.32952931 → 2.03%[0m
[VIXY PANIC] 2023-08-08T00:00:00Z | Blocked for 15 days
[VIXY FAST PANIC] 2023-08-16T00:00:00Z | Blocked for 12 days
[VIXY PANIC] 2023-08-17T00:00:00Z | Blocked for 15 days
[VIXY FAST PANIC] 2023-08-17T00:00:00Z | Blocked for 12 days
[VIXY PANIC] 2023-08-18T00:00:00Z | Blocked for 15 days
[VIXY FAST PANIC] 2023-08-18T00:00:00Z | Blocked for 12 days
[32mBUY NVDA_GoogleFinance_AutoUpToDate 2023-08-18T00:00:00Z @ 43.21608423[0m
[VIXY PANIC] 2023-08-21T00:00:00Z | Blocked for 15 days
[32mBUY NVDA_GoogleFinance_AutoUpToDate 2023-09-05T00:00:00Z @ 48.45503262[0m
[32mBUY NVDA_GoogleFinance_AutoUpToDate 2023-09-18T00:00:00Z @ 43.88553673[0m
[VIXY PANIC] 2023-09-20T00:00:00Z | Blocked for 15 days
[VIXY PANIC] 2023-09-21T00:00:00Z | Blocked for 15 days
[VIXY FAST PANIC] 2023-09-21T00:00:00Z | Blocked for 12 days
[VIXY PANIC] 2023-09-22T00:00:00Z | Blocked for 15 days
[VIXY FAST PANIC] 2023-09-22T00:00:00Z | Blocked for 12 days
[VIXY PANIC] 2023-09-26T00:00:00Z | Blocked for 15 days
[VIXY FAST PANIC] 2023-09-26T00:00:00Z | Blocked for 12 days
[VIXY PANIC] 2023-09-27T00:00:00Z | Blocked for 15 days
[VIXY FAST PANIC] 2023-09-27T00:00:00Z | Blocked for 12 days
[VIXY FAST PANIC] 2023-10-03T00:00:00Z | Blocked for 12 days
[VIXY FAST PANIC] 2023-10-04T00:00:00Z | Blocked for 12 days
[VIXY PANIC] 2023-10-05T00:00:00Z | Blocked for 15 days
[VIXY PANIC] 2023-10-13T00:00:00Z | Blocked for 15 days
[VIXY FAST PANIC] 2023-10-13T00:00:00Z | Blocked for 12 days
[VIXY FAST PANIC] 2023-10-16T00:00:00Z | Blocked for 12 days
[VIXY PANIC] 2023-10-17T00:00:00Z | Blocked for 15 days
[VIXY FAST PANIC] 2023-10-17T00:00:00Z | Blocked for 12 days
[VIXY PANIC] 2023-10-18T00:00:00Z | Blocked for 15 days
[VIXY PANIC] 2023-10-19T00:00:00Z | Blocked for 15 days
[VIXY FAST PANIC] 2023-10-19T00:00:00Z | Blocked for 12 days
[VIXY PANIC] 2023-10-20T00:00:00Z | Blocked for 15 days
[VIXY FAST PANIC] 2023-10-20T00:00:00Z | Blocked for 12 days
[VIXY PANIC] 2023-10-23T00:00:00Z | Blocked for 15 days
[VIXY PANIC] 2023-10-24T00:00:00Z | Blocked for 15 days
[VIXY PANIC] 2023-10-25T00:00:00Z | Blocked for 15 days
[VIXY FAST PANIC] 2023-10-27T00:00:00Z | Blocked for 12 days
[32mBUY NVDA_GoogleFinance_AutoUpToDate 2023-10-27T00:00:00Z @ 40.42587995[0m
[REASON] ATR profit target hit, RSI3 extremely overbought
[31mSELL NVDA_GoogleFinance_AutoUpToDate 2023-11-02T00:00:00Z @ 43.42637859 → 7.42%[0m
[32mBUY NVDA_GoogleFinance_AutoUpToDate 2023-11-24T00:00:00Z @ 47.68856396[0m
[VIXY PANIC] 2023-12-19T00:00:00Z | Blocked for 15 days
[VIXY FAST PANIC] 2023-12-19T00:00:00Z | Blocked for 12 days
[VIXY PANIC] 2023-12-20T00:00:00Z | Blocked for 15 days
[VIXY FAST PANIC] 2023-12-20T00:00:00Z | Blocked for 12 days
[VIXY PANIC] 2023-12-21T00:00:00Z | Blocked for 15 days
[VIXY FAST PANIC] 2023-12-21T00:00:00Z | Blocked for 12 days
[VIXY PANIC] 2023-12-22T00:00:00Z | Blocked for 15 days
[32mBUY NVDA_GoogleFinance_AutoUpToDate 2024-01-02T00:00:00Z @ 48.08397659[0m
[VIXY FAST PANIC] 2024-01-03T00:00:00Z | Blocked for 12 days
[VIXY PANIC] 2024-01-04T00:00:00Z | Blocked for 15 days
[VIXY FAST PANIC] 2024-01-04T00:00:00Z | Blocked for 12 days
[REASON] ATR profit target hit, RSI2 extremely overbought, RSI3 extremely overbought
[31mSELL NVDA_GoogleFinance_AutoUpToDate 2024-01-10T00:00:00Z @ 54.25519282 → 12.83%[0m
[VIXY FAST PANIC] 2024-01-16T00:00:00Z | Blocked for 12 days
[VIXY PANIC] 2024-01-17T00:00:00Z | Blocked for 15 days
[VIXY FAST PANIC] 2024-01-17T00:00:00Z | Blocked for 12 days
[VIXY PANIC] 2024-01-18T00:00:00Z | Blocked for 15 days
[VIXY FAST PANIC] 2024-01-18T00:00:00Z | Blocked for 12 days
[VIXY PANIC] 2024-01-31T00:00:00Z | Blocked for 15 days
[VIXY FAST PANIC] 2024-01-31T00:00:00Z | Blocked for 12 days
[VIXY PANIC] 2024-02-02T00:00:00Z | Blocked for 15 days
[VIXY FAST PANIC] 2024-02-02T00:00:00Z | Blocked for 12 days
[VIXY PANIC] 2024-02-13T00:00:00Z | Blocked for 15 days
[VIXY FAST PANIC] 2024-02-13T00:00:00Z | Blocked for 12 days
[VIXY PANIC] 2024-02-14T00:00:00Z | Blocked for 15 days
[VIXY FAST PANIC] 2024-02-14T00:00:00Z | Blocked for 12 days
[VIXY PANIC] 2024-02-15T00:00:00Z | Blocked for 15 days
[VIXY PANIC] 2024-02-20T00:00:00Z | Blocked for 15 days
[32mBUY NVDA_GoogleFinance_AutoUpToDate 2024-02-20T00:00:00Z @ 69.33084915[0m
[VIXY PANIC] 2024-03-05T00:00:00Z | Blocked for 15 days
[VIXY FAST PANIC] 2024-03-05T00:00:00Z | Blocked for 12 days
[VIXY PANIC] 2024-03-06T00:00:00Z | Blocked for 15 days
[VIXY FAST PANIC] 2024-03-06T00:00:00Z | Blocked for 12 days
[VIXY PANIC] 2024-03-07T00:00:00Z | Blocked for 15 days
[VIXY FAST PANIC] 2024-03-07T00:00:00Z | Blocked for 12 days
[VIXY PANIC] 2024-03-08T00:00:00Z | Blocked for 15 days
[VIXY PANIC] 2024-03-11T00:00:00Z | Blocked for 15 days
[VIXY FAST PANIC] 2024-03-15T00:00:00Z | Blocked for 12 days
[32mBUY NVDA_GoogleFinance_AutoUpToDate 2024-03-15T00:00:00Z @ 87.68735956[0m
[REASON] ATR profit target hit, RSI2 extremely overbought, RSI3 extremely overbought
[31mSELL NVDA_GoogleFinance_AutoUpToDate 2024-03-19T00:00:00Z @ 89.24620823 → 1.78%[0m
[32mBUY NVDA_GoogleFinance_AutoUpToDate 2024-03-27T00:00:00Z @ 90.0967616[0m
[VIXY PANIC] 2024-04-02T00:00:00Z | Blocked for 15 days
[VIXY FAST PANIC] 2024-04-02T00:00:00Z | Blocked for 12 days
[VIXY PANIC] 2024-04-04T00:00:00Z | Blocked for 15 days
[VIXY FAST PANIC] 2024-04-04T00:00:00Z | Blocked for 12 days
[VIXY PANIC] 2024-04-05T00:00:00Z | Blocked for 15 days
[VIXY FAST PANIC] 2024-04-05T00:00:00Z | Blocked for 12 days
[VIXY PANIC] 2024-04-08T00:00:00Z | Blocked for 15 days
[VIXY PANIC] 2024-04-10T00:00:00Z | Blocked for 15 days
[VIXY PANIC] 2024-04-12T00:00:00Z | Blocked for 15 days
[VIXY FAST PANIC] 2024-04-12T00:00:00Z | Blocked for 12 days
[VIXY PANIC] 2024-04-15T00:00:00Z | Blocked for 15 days
[VIXY FAST PANIC] 2024-04-15T00:00:00Z | Blocked for 12 days
[VIXY PANIC] 2024-04-16T00:00:00Z | Blocked for 15 days
[VIXY FAST PANIC] 2024-04-16T00:00:00Z | Blocked for 12 days
[VIXY PANIC] 2024-04-17T00:00:00Z | Blocked for 15 days
[VIXY PANIC] 2024-04-18T00:00:00Z | Blocked for 15 days
[VIXY PANIC] 2024-04-19T00:00:00Z | Blocked for 15 days
[32mBUY NVDA_GoogleFinance_AutoUpToDate 2024-05-01T00:00:00Z @ 82.90000199[0m
[VIXY PANIC] 2024-05-29T00:00:00Z | Blocked for 15 days
[VIXY PANIC] 2024-05-30T00:00:00Z | Blocked for 15 days
[VIXY FAST PANIC] 2024-05-30T00:00:00Z | Blocked for 12 days
[32mBUY NVDA_GoogleFinance_AutoUpToDate 2024-05-31T00:00:00Z @ 109.4468506[0m
[VIXY PANIC] 2024-06-20T00:00:00Z | Blocked for 15 days
[VIXY PANIC] 2024-06-21T00:00:00Z | Blocked for 15 days
[32mBUY NVDA_GoogleFinance_AutoUpToDate 2024-06-24T00:00:00Z @ 117.919209[0m
[VIXY PANIC] 2024-07-17T00:00:00Z | Blocked for 15 days
[VIXY FAST PANIC] 2024-07-17T00:00:00Z | Blocked for 12 days
[VIXY PANIC] 2024-07-18T00:00:00Z | Blocked for 15 days
[VIXY FAST PANIC] 2024-07-18T00:00:00Z | Blocked for 12 days
[VIXY PANIC] 2024-07-19T00:00:00Z | Blocked for 15 days
[VIXY FAST PANIC] 2024-07-19T00:00:00Z | Blocked for 12 days
[VIXY PANIC] 2024-07-22T00:00:00Z | Blocked for 15 days
[VIXY PANIC] 2024-07-23T00:00:00Z | Blocked for 15 days
[VIXY PANIC] 2024-07-24T00:00:00Z | Blocked for 15 days
[VIXY FAST PANIC] 2024-07-24T00:00:00Z | Blocked for 12 days
[VIXY PANIC] 2024-07-25T00:00:00Z | Blocked for 15 days
[VIXY FAST PANIC] 2024-07-25T00:00:00Z | Blocked for 12 days
[VIXY FAST PANIC] 2024-07-26T00:00:00Z | Blocked for 12 days
[VIXY PANIC] 2024-07-29T00:00:00Z | Blocked for 15 days
[VIXY PANIC] 2024-07-30T00:00:00Z | Blocked for 15 days
[VIXY FAST PANIC] 2024-08-01T00:00:00Z | Blocked for 12 days
[VIXY PANIC] 2024-08-02T00:00:00Z | Blocked for 15 days
[VIXY FAST PANIC] 2024-08-02T00:00:00Z | Blocked for 12 days
[VIXY PANIC] 2024-08-05T00:00:00Z | Blocked for 15 days
[VIXY FAST PANIC] 2024-08-05T00:00:00Z | Blocked for 12 days
[VIXY PANIC] 2024-08-06T00:00:00Z | Blocked for 15 days
[VIXY FAST PANIC] 2024-08-06T00:00:00Z | Blocked for 12 days
[VIXY PANIC] 2024-08-07T00:00:00Z | Blocked for 15 days
[VIXY FAST PANIC] 2024-08-07T00:00:00Z | Blocked for 12 days
[VIXY PANIC] 2024-08-08T00:00:00Z | Blocked for 15 days
[VIXY FAST PANIC] 2024-08-21T00:00:00Z | Blocked for 12 days
[VIXY PANIC] 2024-08-22T00:00:00Z | Blocked for 15 days
[VIXY FAST PANIC] 2024-08-22T00:00:00Z | Blocked for 12 days
[VIXY PANIC] 2024-08-26T00:00:00Z | Blocked for 15 days
[VIXY FAST PANIC] 2024-08-28T00:00:00Z | Blocked for 12 days
[32mBUY NVDA_GoogleFinance_AutoUpToDate 2024-08-29T00:00:00Z @ 117.400049[0m
[VIXY PANIC] 2024-09-03T00:00:00Z | Blocked for 15 days
[VIXY FAST PANIC] 2024-09-03T00:00:00Z | Blocked for 12 days
[VIXY PANIC] 2024-09-04T00:00:00Z | Blocked for 15 days
[VIXY FAST PANIC] 2024-09-04T00:00:00Z | Blocked for 12 days
[NVDA_STOP_TRIGGERED] NVDA_GoogleFinance_AutoUpToDate 2024-09-04T00:00:00Z close=106.0384319 stop=106.83
[NVDA_STOP_NEXT_OPEN] NVDA_GoogleFinance_AutoUpToDate 2024-09-04T00:00:00Z stop=106.83 fill=104.82 pct=9.0
[REASON] ATR profit target hit
[31mSELL NVDA_GoogleFinance_AutoUpToDate 2024-09-04T00:00:00Z @ 104.8154107 → -10.72%[0m
[VIXY PANIC] 2024-09-05T00:00:00Z | Blocked for 15 days
[VIXY FAST PANIC] 2024-09-05T00:00:00Z | Blocked for 12 days
[VIXY PANIC] 2024-09-06T00:00:00Z | Blocked for 15 days
[VIXY FAST PANIC] 2024-09-06T00:00:00Z | Blocked for 12 days
[VIXY PANIC] 2024-09-09T00:00:00Z | Blocked for 15 days
[32mBUY NVDA_GoogleFinance_AutoUpToDate 2024-09-17T00:00:00Z @ 115.4129661[0m
[VIXY PANIC] 2024-09-30T00:00:00Z | Blocked for 15 days
[32mBUY NVDA_GoogleFinance_AutoUpToDate 2024-09-30T00:00:00Z @ 121.2540064[0m
[VIXY PANIC] 2024-10-01T00:00:00Z | Blocked for 15 days
[VIXY FAST PANIC] 2024-10-01T00:00:00Z | Blocked for 12 days
[VIXY PANIC] 2024-10-02T00:00:00Z | Blocked for 15 days
[VIXY FAST PANIC] 2024-10-02T00:00:00Z | Blocked for 12 days
[VIXY PANIC] 2024-10-03T00:00:00Z | Blocked for 15 days
[VIXY FAST PANIC] 2024-10-03T00:00:00Z | Blocked for 12 days
[VIXY PANIC] 2024-10-04T00:00:00Z | Blocked for 15 days
[VIXY PANIC] 2024-10-07T00:00:00Z | Blocked for 15 days
[VIXY FAST PANIC] 2024-10-07T00:00:00Z | Blocked for 12 days
[VIXY PANIC] 2024-10-08T00:00:00Z | Blocked for 15 days
[REASON] ATR profit target hit, RSI2 extremely overbought, RSI3 extremely overbought
[31mSELL NVDA_GoogleFinance_AutoUpToDate 2024-10-09T00:00:00Z @ 132.4468376 → 9.23%[0m
[VIXY FAST PANIC] 2024-10-23T00:00:00Z | Blocked for 12 days
[32mBUY NVDA_GoogleFinance_AutoUpToDate 2024-10-24T00:00:00Z @ 140.1949526[0m
[VIXY PANIC] 2024-10-25T00:00:00Z | Blocked for 15 days
[VIXY FAST PANIC] 2024-10-25T00:00:00Z | Blocked for 12 days
[VIXY PANIC] 2024-10-28T00:00:00Z | Blocked for 15 days
[VIXY PANIC] 2024-11-01T00:00:00Z | Blocked for 15 days
[VIXY FAST PANIC] 2024-11-01T00:00:00Z | Blocked for 12 days
[VIXY PANIC] 2024-11-04T00:00:00Z | Blocked for 15 days
[VIXY PANIC] 2024-11-15T00:00:00Z | Blocked for 15 days
[VIXY FAST PANIC] 2024-11-15T00:00:00Z | Blocked for 12 days
[32mBUY NVDA_GoogleFinance_AutoUpToDate 2024-11-15T00:00:00Z @ 141.7625481[0m
[VIXY PANIC] 2024-11-19T00:00:00Z | Blocked for 15 days
[VIXY FAST PANIC] 2024-11-19T00:00:00Z | Blocked for 12 days
[VIXY PANIC] 2024-11-20T00:00:00Z | Blocked for 15 days
[VIXY FAST PANIC] 2024-11-20T00:00:00Z | Blocked for 12 days
[VIXY PANIC] 2024-11-21T00:00:00Z | Blocked for 15 days
[VIXY FAST PANIC] 2024-11-21T00:00:00Z | Blocked for 12 days
[32mBUY NVDA_GoogleFinance_AutoUpToDate 2024-11-26T00:00:00Z @ 136.7102978[0m
[REASON] ATR profit target hit, RSI2 extremely overbought, RSI3 extremely overbought
[31mSELL NVDA_GoogleFinance_AutoUpToDate 2024-12-03T00:00:00Z @ 140.0451823 → 2.44%[0m
[32mBUY NVDA_GoogleFinance_AutoUpToDate 2024-12-09T00:00:00Z @ 138.6069576[0m
[VIXY PANIC] 2024-12-17T00:00:00Z | Blocked for 15 days
[VIXY FAST PANIC] 2024-12-17T00:00:00Z | Blocked for 12 days
[VIXY PANIC] 2024-12-18T00:00:00Z | Blocked for 15 days
[VIXY FAST PANIC] 2024-12-18T00:00:00Z | Blocked for 12 days
[VIXY PANIC] 2024-12-19T00:00:00Z | Blocked for 15 days
[VIXY FAST PANIC] 2024-12-19T00:00:00Z | Blocked for 12 days
[VIXY PANIC] 2024-12-20T00:00:00Z | Blocked for 15 days
[VIXY FAST PANIC] 2024-12-20T00:00:00Z | Blocked for 12 days
[VIXY PANIC] 2024-12-23T00:00:00Z | Blocked for 15 days
[32mBUY NVDA_GoogleFinance_AutoUpToDate 2024-12-27T00:00:00Z @ 136.8095905[0m
[VIXY FAST PANIC] 2024-12-30T00:00:00Z | Blocked for 12 days
[VIXY FAST PANIC] 2024-12-31T00:00:00Z | Blocked for 12 days
[VIXY PANIC] 2025-01-02T00:00:00Z | Blocked for 15 days
[VIXY FAST PANIC] 2025-01-02T00:00:00Z | Blocked for 12 days
[VIXY PANIC] 2025-01-03T00:00:00Z | Blocked for 15 days
[VIXY FAST PANIC] 2025-01-08T00:00:00Z | Blocked for 12 days
[VIXY PANIC] 2025-01-10T00:00:00Z | Blocked for 15 days
[VIXY FAST PANIC] 2025-01-10T00:00:00Z | Blocked for 12 days
[32mBUY NVDA_GoogleFinance_AutoUpToDate 2025-01-10T00:00:00Z @ 135.7111995[0m
[VIXY PANIC] 2025-01-13T00:00:00Z | Blocked for 15 days
[VIXY FAST PANIC] 2025-01-13T00:00:00Z | Blocked for 12 days
[VIXY PANIC] 2025-01-14T00:00:00Z | Blocked for 15 days
[VIXY FAST PANIC] 2025-01-27T00:00:00Z | Blocked for 12 days
[VIXY PANIC] 2025-01-31T00:00:00Z | Blocked for 15 days
[32mBUY NVDA_GoogleFinance_AutoUpToDate 2025-01-31T00:00:00Z @ 119.8943693[0m
[VIXY FAST PANIC] 2025-02-03T00:00:00Z | Blocked for 12 days
[REASON] ATR profit target hit, RSI2 extremely overbought, RSI3 extremely overbought
[31mSELL NVDA_GoogleFinance_AutoUpToDate 2025-02-06T00:00:00Z @ 128.4917751 → 7.17%[0m
[VIXY PANIC] 2025-02-21T00:00:00Z | Blocked for 15 days
[VIXY FAST PANIC] 2025-02-21T00:00:00Z | Blocked for 12 days
[32mBUY NVDA_GoogleFinance_AutoUpToDate 2025-02-21T00:00:00Z @ 134.2333644[0m
[VIXY PANIC] 2025-02-24T00:00:00Z | Blocked for 15 days
[VIXY FAST PANIC] 2025-02-24T00:00:00Z | Blocked for 12 days
[VIXY PANIC] 2025-02-25T00:00:00Z | Blocked for 15 days
[VIXY FAST PANIC] 2025-02-25T00:00:00Z | Blocked for 12 days
[VIXY PANIC] 2025-02-26T00:00:00Z | Blocked for 15 days
[VIXY PANIC] 2025-02-27T00:00:00Z | Blocked for 15 days
[VIXY FAST PANIC] 2025-02-27T00:00:00Z | Blocked for 12 days
[NVDA_STOP_TRIGGERED] NVDA_GoogleFinance_AutoUpToDate 2025-02-27T00:00:00Z close=119.9742523 stop=122.15
[NVDA_STOP_NEXT_OPEN] NVDA_GoogleFinance_AutoUpToDate 2025-02-27T00:00:00Z stop=122.15 fill=117.85 pct=9.0
[REASON] ATR profit target hit
[31mSELL NVDA_GoogleFinance_AutoUpToDate 2025-02-27T00:00:00Z @ 117.8473679 → -12.21%[0m
[VIXY PANIC] 2025-02-28T00:00:00Z | Blocked for 15 days
[VIXY PANIC] 2025-03-03T00:00:00Z | Blocked for 15 days
[VIXY FAST PANIC] 2025-03-03T00:00:00Z | Blocked for 12 days
[VIXY PANIC] 2025-03-04T00:00:00Z | Blocked for 15 days
[VIXY FAST PANIC] 2025-03-04T00:00:00Z | Blocked for 12 days
[VIXY PANIC] 2025-03-05T00:00:00Z | Blocked for 15 days
[VIXY FAST PANIC] 2025-03-05T00:00:00Z | Blocked for 12 days
[VIXY PANIC] 2025-03-06T00:00:00Z | Blocked for 15 days
[VIXY FAST PANIC] 2025-03-06T00:00:00Z | Blocked for 12 days
[VIXY PANIC] 2025-03-07T00:00:00Z | Blocked for 15 days
[VIXY PANIC] 2025-03-10T00:00:00Z | Blocked for 15 days
[VIXY FAST PANIC] 2025-03-10T00:00:00Z | Blocked for 12 days
[VIXY PANIC] 2025-03-11T00:00:00Z | Blocked for 15 days
[VIXY FAST PANIC] 2025-03-11T00:00:00Z | Blocked for 12 days
[VIXY PANIC] 2025-03-12T00:00:00Z | Blocked for 15 days
[VIXY FAST PANIC] 2025-03-12T00:00:00Z | Blocked for 12 days
[VIXY PANIC] 2025-03-13T00:00:00Z | Blocked for 15 days
[VIXY FAST PANIC] 2025-03-27T00:00:00Z | Blocked for 12 days
[32mBUY NVDA_GoogleFinance_AutoUpToDate 2025-03-27T00:00:00Z @ 111.2766209[0m
[VIXY PANIC] 2025-03-28T00:00:00Z | Blocked for 15 days
[VIXY FAST PANIC] 2025-03-28T00:00:00Z | Blocked for 12 days
[32mBUY NVDA_GoogleFinance_AutoUpToDate 2025-03-28T00:00:00Z @ 109.5190434[0m
[VIXY PANIC] 2025-03-31T00:00:00Z | Blocked for 15 days
[VIXY FAST PANIC] 2025-03-31T00:00:00Z | Blocked for 12 days
[VIXY PANIC] 2025-04-01T00:00:00Z | Blocked for 15 days
[VIXY FAST PANIC] 2025-04-01T00:00:00Z | Blocked for 12 days
[VIXY PANIC] 2025-04-02T00:00:00Z | Blocked for 15 days
[VIXY PANIC] 2025-04-03T00:00:00Z | Blocked for 15 days
[VIXY FAST PANIC] 2025-04-03T00:00:00Z | Blocked for 12 days
[VIXY PANIC] 2025-04-04T00:00:00Z | Blocked for 15 days
[VIXY FAST PANIC] 2025-04-04T00:00:00Z | Blocked for 12 days
[VIXY PANIC] 2025-04-07T00:00:00Z | Blocked for 15 days
[VIXY FAST PANIC] 2025-04-07T00:00:00Z | Blocked for 12 days
[VIXY PANIC] 2025-04-08T00:00:00Z | Blocked for 15 days
[VIXY FAST PANIC] 2025-04-08T00:00:00Z | Blocked for 12 days
[VIXY PANIC] 2025-04-09T00:00:00Z | Blocked for 15 days
[VIXY PANIC] 2025-04-10T00:00:00Z | Blocked for 15 days
[VIXY FAST PANIC] 2025-04-10T00:00:00Z | Blocked for 12 days
[VIXY PANIC] 2025-04-11T00:00:00Z | Blocked for 15 days
[VIXY PANIC] 2025-04-16T00:00:00Z | Blocked for 15 days
[32mBUY NVDA_GoogleFinance_AutoUpToDate 2025-04-16T00:00:00Z @ 104.3461735[0m
[VIXY FAST PANIC] 2025-04-17T00:00:00Z | Blocked for 12 days
[32mBUY NVDA_GoogleFinance_AutoUpToDate 2025-04-17T00:00:00Z @ 101.3503029[0m
[VIXY FAST PANIC] 2025-04-21T00:00:00Z | Blocked for 12 days
[32mBUY NVDA_GoogleFinance_AutoUpToDate 2025-04-21T00:00:00Z @ 96.77660708[0m
[VIXY PANIC] 2025-04-22T00:00:00Z | Blocked for 15 days
[VIXY FAST PANIC] 2025-05-07T00:00:00Z | Blocked for 12 days
[VIXY PANIC] 2025-05-21T00:00:00Z | Blocked for 15 days
[VIXY FAST PANIC] 2025-05-21T00:00:00Z | Blocked for 12 days
[32mBUY NVDA_GoogleFinance_AutoUpToDate 2025-05-21T00:00:00Z @ 131.6185823[0m
[VIXY PANIC] 2025-05-22T00:00:00Z | Blocked for 15 days
[VIXY FAST PANIC] 2025-05-22T00:00:00Z | Blocked for 12 days
[VIXY PANIC] 2025-05-23T00:00:00Z | Blocked for 15 days
[VIXY FAST PANIC] 2025-05-23T00:00:00Z | Blocked for 12 days
[VIXY PANIC] 2025-05-28T00:00:00Z | Blocked for 15 days
[VIXY PANIC] 2025-06-13T00:00:00Z | Blocked for 15 days
[VIXY FAST PANIC] 2025-06-13T00:00:00Z | Blocked for 12 days
[VIXY PANIC] 2025-06-17T00:00:00Z | Blocked for 15 days
[VIXY FAST PANIC] 2025-06-17T00:00:00Z | Blocked for 12 days
[VIXY PANIC] 2025-06-18T00:00:00Z | Blocked for 15 days
[VIXY PANIC] 2025-06-20T00:00:00Z | Blocked for 15 days
[VIXY FAST PANIC] 2025-06-20T00:00:00Z | Blocked for 12 days
[32mBUY NVDA_GoogleFinance_AutoUpToDate 2025-07-22T00:00:00Z @ 166.8117678[0m
[REASON] ATR profit target hit, RSI2 extremely overbought, RSI3 extremely overbought
[31mSELL NVDA_GoogleFinance_AutoUpToDate 2025-07-25T00:00:00Z @ 173.2733145 → 3.87%[0m
[VIXY FAST PANIC] 2025-07-31T00:00:00Z | Blocked for 12 days
[VIXY PANIC] 2025-08-01T00:00:00Z | Blocked for 15 days
[VIXY FAST PANIC] 2025-08-01T00:00:00Z | Blocked for 12 days
[VIXY PANIC] 2025-08-04T00:00:00Z | Blocked for 15 days
[VIXY PANIC] 2025-08-05T00:00:00Z | Blocked for 15 days
[32mBUY NVDA_GoogleFinance_AutoUpToDate 2025-08-21T00:00:00Z @ 174.7513808[0m
[REASON] ATR profit target hit, RSI2 extremely overbought, RSI3 extremely overbought
[31mSELL NVDA_GoogleFinance_AutoUpToDate 2025-08-25T00:00:00Z @ 179.5750702 → 2.76%[0m
[VIXY PANIC] 2025-09-02T00:00:00Z | Blocked for 15 days
[VIXY FAST PANIC] 2025-09-02T00:00:00Z | Blocked for 12 days
[32mBUY NVDA_GoogleFinance_AutoUpToDate 2025-09-17T00:00:00Z @ 170.0771076[0m
[VIXY FAST PANIC] 2025-09-23T00:00:00Z | Blocked for 12 days
[VIXY PANIC] 2025-09-25T00:00:00Z | Blocked for 15 days
[32mBUY NVDA_GoogleFinance_AutoUpToDate 2025-10-07T00:00:00Z @ 184.8086675[0m
[VIXY PANIC] 2025-10-10T00:00:00Z | Blocked for 15 days
[VIXY FAST PANIC] 2025-10-10T00:00:00Z | Blocked for 12 days
[VIXY PANIC] 2025-10-13T00:00:00Z | Blocked for 15 days
[VIXY FAST PANIC] 2025-10-13T00:00:00Z | Blocked for 12 days
[VIXY PANIC] 2025-10-15T00:00:00Z | Blocked for 15 days
[VIXY PANIC] 2025-10-16T00:00:00Z | Blocked for 15 days
[VIXY FAST PANIC] 2025-10-16T00:00:00Z | Blocked for 12 days
[32mBUY NVDA_GoogleFinance_AutoUpToDate 2025-10-22T00:00:00Z @ 180.0546183[0m
[VIXY FAST PANIC] 2025-10-30T00:00:00Z | Blocked for 12 days
[VIXY FAST PANIC] 2025-10-31T00:00:00Z | Blocked for 12 days
[VIXY PANIC] 2025-11-04T00:00:00Z | Blocked for 15 days
[VIXY PANIC] 2025-11-06T00:00:00Z | Blocked for 15 days
[VIXY FAST PANIC] 2025-11-06T00:00:00Z | Blocked for 12 days
[32mBUY NVDA_GoogleFinance_AutoUpToDate 2025-11-06T00:00:00Z @ 187.8448669[0m
[VIXY FAST PANIC] 2025-11-14T00:00:00Z | Blocked for 12 days
[VIXY PANIC] 2025-11-17T00:00:00Z | Blocked for 15 days
[VIXY FAST PANIC] 2025-11-17T00:00:00Z | Blocked for 12 days
[VIXY PANIC] 2025-11-18T00:00:00Z | Blocked for 15 days
[VIXY FAST PANIC] 2025-11-18T00:00:00Z | Blocked for 12 days
[VIXY PANIC] 2025-11-19T00:00:00Z | Blocked for 15 days
[VIXY FAST PANIC] 2025-11-19T00:00:00Z | Blocked for 12 days
[VIXY PANIC] 2025-11-20T00:00:00Z | Blocked for 15 days
[VIXY FAST PANIC] 2025-11-20T00:00:00Z | Blocked for 12 days
[VIXY PANIC] 2025-11-21T00:00:00Z | Blocked for 15 days
[32mBUY NVDA_GoogleFinance_AutoUpToDate 2025-12-11T00:00:00Z @ 180.7136598[0m
[32mBUY NVDA_GoogleFinance_AutoUpToDate 2025-12-31T00:00:00Z @ 186.2769997[0m
[VIXY FAST PANIC] 2026-01-14T00:00:00Z | Blocked for 12 days
[VIXY PANIC] 2026-01-20T00:00:00Z | Blocked for 15 days
[VIXY FAST PANIC] 2026-01-20T00:00:00Z | Blocked for 12 days
[VIXY FAST PANIC] 2026-01-27T00:00:00Z | Blocked for 12 days
[VIXY PANIC] 2026-01-29T00:00:00Z | Blocked for 15 days
[VIXY PANIC] 2026-01-30T00:00:00Z | Blocked for 15 days
[32mBUY NVDA_GoogleFinance_AutoUpToDate 2026-02-02T00:00:00Z @ 185.3880638[0m
[VIXY PANIC] 2026-02-05T00:00:00Z | Blocked for 15 days
[VIXY FAST PANIC] 2026-02-05T00:00:00Z | Blocked for 12 days
[REASON] ATR profit target hit, RSI3 extremely overbought
[31mSELL NVDA_GoogleFinance_AutoUpToDate 2026-02-09T00:00:00Z @ 189.8127668 → 2.39%[0m
[VIXY FAST PANIC] 2026-02-12T00:00:00Z | Blocked for 12 days
[VIXY PANIC] 2026-02-13T00:00:00Z | Blocked for 15 days
[VIXY FAST PANIC] 2026-02-13T00:00:00Z | Blocked for 12 days
[32mBUY NVDA_GoogleFinance_AutoUpToDate 2026-02-13T00:00:00Z @ 182.5914118[0m
[VIXY PANIC] 2026-02-17T00:00:00Z | Blocked for 15 days
[VIXY FAST PANIC] 2026-02-17T00:00:00Z | Blocked for 12 days
[VIXY PANIC] 2026-02-18T00:00:00Z | Blocked for 15 days
[VIXY PANIC] 2026-02-19T00:00:00Z | Blocked for 15 days
[REASON] ATR profit target hit, RSI2 extremely overbought, RSI3 extremely overbought
[31mSELL NVDA_GoogleFinance_AutoUpToDate 2026-02-19T00:00:00Z @ 187.6753257 → 2.78%[0m
[VIXY FAST PANIC] 2026-02-23T00:00:00Z | Blocked for 12 days
[VIXY FAST PANIC] 2026-03-02T00:00:00Z | Blocked for 12 days
[VIXY PANIC] 2026-03-03T00:00:00Z | Blocked for 15 days
[VIXY FAST PANIC] 2026-03-03T00:00:00Z | Blocked for 12 days
[VIXY PANIC] 2026-03-04T00:00:00Z | Blocked for 15 days
[VIXY PANIC] 2026-03-05T00:00:00Z | Blocked for 15 days
[VIXY FAST PANIC] 2026-03-05T00:00:00Z | Blocked for 12 days
[VIXY PANIC] 2026-03-06T00:00:00Z | Blocked for 15 days
[VIXY FAST PANIC] 2026-03-06T00:00:00Z | Blocked for 12 days
[VIXY PANIC] 2026-03-09T00:00:00Z | Blocked for 15 days
[VIXY FAST PANIC] 2026-03-09T00:00:00Z | Blocked for 12 days
[VIXY PANIC] 2026-03-10T00:00:00Z | Blocked for 15 days
[VIXY FAST PANIC] 2026-03-10T00:00:00Z | Blocked for 12 days
[VIXY PANIC] 2026-03-11T00:00:00Z | Blocked for 15 days
[VIXY PANIC] 2026-03-12T00:00:00Z | Blocked for 15 days
[VIXY FAST PANIC] 2026-03-12T00:00:00Z | Blocked for 12 days
[VIXY FAST PANIC] 2026-03-13T00:00:00Z | Blocked for 12 days
[VIXY PANIC] 2026-03-18T00:00:00Z | Blocked for 15 days
[VIXY FAST PANIC] 2026-03-19T00:00:00Z | Blocked for 12 days
[32mBUY NVDA_GoogleFinance_AutoUpToDate 2026-03-19T00:00:00Z @ 178.3560806[0m
[VIXY PANIC] 2026-03-20T00:00:00Z | Blocked for 15 days
[VIXY FAST PANIC] 2026-03-20T00:00:00Z | Blocked for 12 days
[VIXY PANIC] 2026-03-23T00:00:00Z | Blocked for 15 days
[VIXY PANIC] 2026-03-24T00:00:00Z | Blocked for 15 days
[VIXY FAST PANIC] 2026-03-24T00:00:00Z | Blocked for 12 days
[REASON] ATR profit target hit, RSI2 extremely overbought
[31mSELL NVDA_GoogleFinance_AutoUpToDate 2026-03-25T00:00:00Z @ 178.4759435 → 0.07%[0m
[VIXY PANIC] 2026-03-26T00:00:00Z | Blocked for 15 days
[VIXY FAST PANIC] 2026-03-26T00:00:00Z | Blocked for 12 days
[VIXY PANIC] 2026-03-27T00:00:00Z | Blocked for 15 days
[VIXY FAST PANIC] 2026-03-27T00:00:00Z | Blocked for 12 days
[VIXY PANIC] 2026-03-30T00:00:00Z | Blocked for 15 days
[VIXY FAST PANIC] 2026-03-30T00:00:00Z | Blocked for 12 days
[VIXY PANIC] 2026-04-21T00:00:00Z | Blocked for 15 days
[VIXY PANIC] 2026-04-24T00:00:00Z | Blocked for 15 days
[32mBUY NVDA_GoogleFinance_AutoUpToDate 2026-04-30T00:00:00Z @ 199.3420867[0m
[REASON] ATR profit target hit
[31mSELL NVDA_GoogleFinance_AutoUpToDate 2026-05-06T00:00:00Z @ 207.5926536 → 4.14%[0m
[32mBUY NVDA_GoogleFinance_AutoUpToDate 2026-05-19T00:00:00Z @ 220.3580586[0m
[32mBUY NVDA_GoogleFinance_AutoUpToDate 2026-05-27T00:00:00Z @ 212.3572062[0m
[VIXY PANIC] 2026-06-09T00:00:00Z | Blocked for 15 days
[VIXY FAST PANIC] 2026-06-09T00:00:00Z | Blocked for 12 days
[VIXY PANIC] 2026-06-10T00:00:00Z | Blocked for 15 days
[VIXY FAST PANIC] 2026-06-10T00:00:00Z | Blocked for 12 days
[VIXY PANIC] 2026-06-11T00:00:00Z | Blocked for 15 days
[VIXY PANIC] 2026-06-23T00:00:00Z | Blocked for 15 days
[VIXY PANIC] 2026-06-24T00:00:00Z | Blocked for 15 days
[VIXY FAST PANIC] 2026-06-24T00:00:00Z | Blocked for 12 days
[VIXY PANIC] 2026-06-26T00:00:00Z | Blocked for 15 days
[VIXY PANIC] 2026-07-17T00:00:00Z | Blocked for 15 days
[VIXY FAST PANIC] 2026-07-17T00:00:00Z | Blocked for 12 days
[32mBUY NVDA_GoogleFinance_AutoUpToDate 2026-07-17T00:00:00Z @ 202.81[0m
[VIXY FAST PANIC] 2026-07-20T00:00:00Z | Blocked for 12 days
[VIXY PANIC] 2026-07-22T00:00:00Z | Blocked for 15 days
[REASON] ATR profit target hit, RSI2 extremely overbought, RSI3 extremely overbought
[31mSELL NVDA_GoogleFinance_AutoUpToDate 2026-07-22T00:00:00Z @ 212.06 → 4.56%[0m
[VIXY PANIC] 2026-07-23T00:00:00Z | Blocked for 15 days
[VIXY FAST PANIC] 2026-07-24T00:00:00Z | Blocked for 12 days
[VIXY FAST PANIC] 2026-07-27T00:00:00Z | Blocked for 12 days
[VIXY PANIC] 2026-07-28T00:00:00Z | Blocked for 15 days
[32mBUY NVDA_GoogleFinance_AutoUpToDate 2026-07-28T00:00:00Z @ 197.01[0m
[VIXY PANIC] 2026-07-29T00:00:00Z | Blocked for 15 days
[VIXY FAST PANIC] 2026-07-29T00:00:00Z | Blocked for 12 days
[REASON] ATR profit target hit, RSI2 extremely overbought, RSI3 extremely overbought
[31mSELL NVDA_GoogleFinance_AutoUpToDate 2026-08-03T00:00:00Z @ 206.64 → 4.89%[0m
[SAVED] C:/Users/Maxim/My Drive/Trading/Trading_Bot_Officiel/Job_Trading_Or_Software/github_trading_backtester/storage/default/vanilla/NVDA_GoogleFinance_AutoUpToDate_signals.csv (rewrote 174 total signals)
🧹 Deleted old multi-signal combined file.
[SAVED] Combined & sorted multi-signal file → C:/Users/Maxim/My Drive/Trading/Trading_Bot_Officiel/Job_Trading_Or_Software/github_trading_backtester/storage/default/vanilla/hybrid_v3_all_multi_signals.csv (178 total signals)
✅ Deduplicated 178 unique rows in multi-signal file.

=== Latest Signal per Symbol ===
NVDA_GoogleFinance_AutoUpToDate | 2026-08-06T00:00:00Z → SELL @ 218.99
=================================
⚙️ Enforcing ONE-TRADE mode across all symbols...
[SAVED] Combined signal file → C:/Users/Maxim/My Drive/Trading/Trading_Bot_Officiel/Job_Trading_Or_Software/github_trading_backtester/storage/default/vanilla/hybrid_v3_all_signals.csv
Earliest trade: NVDA_GoogleFinance_AutoUpToDate from 2020-01-27T00:00:00Z to 2020-02-06T00:00:00Z
Latest   trade: NVDA_GoogleFinance_AutoUpToDate from 2026-07-28T00:00:00Z to 2026-08-03T00:00:00Z
[SAVED] C:/Users/Maxim/My Drive/Trading/Trading_Bot_Officiel/Job_Trading_Or_Software/github_trading_backtester/storage/default/vanilla/hybrid_v3_all_trades.csv
[CLONED] C:/Users/Maxim/My Drive/Trading/Trading_Bot_Officiel/Job_Trading_Or_Software/github_trading_backtester/storage/default/vanilla/hybrid_v3_all_trades_With_Buys.csv
[WITH_BUYS] No open position found in log; cloned file has closed trades only.

Yearly Breakdown (starting $50000.0) ---------------------
2020: Trades=10 | Start=$50000.0 | End=$76293.47 | Compounded=52.59% | Non-Comp=44.23%
2021: Trades=15 | Start=$76293.47 | End=$107319.2 | Compounded=40.67% | Non-Comp=37.44%
2022: Trades=1 | Start=$107319.2 | End=$102077.66 | Compounded=-4.88% | Non-Comp=-4.88%
2023: Trades=15 | Start=$102077.66 | End=$183971.4 | Compounded=80.23% | Non-Comp=64.28%
2024: Trades=14 | Start=$183971.4 | End=$302571.04 | Compounded=64.47% | Non-Comp=55.08%
2025: Trades=12 | Start=$302571.04 | End=$434176.85 | Compounded=43.5% | Non-Comp=39.28%
2026: Trades=9 | Start=$434176.85 | End=$497841.43 | Compounded=14.66% | Non-Comp=14.1%
-------------------------------------------------------------
Yearly (Current, Fees+Slippage)
Year  Trades  Start        End          Compounded
2020  10      $50000.00    $75564.51        51.13%
2021  15      $75564.51    $104742.94       38.61%
2022  1       $104742.94   $99522.48        -4.98%
2023  15      $99522.48    $176790.08       77.64%
2024  14      $176790.08   $286844.36       62.25%
2025  12      $286844.36   $406831.87       41.83%
2026  9       $406831.87   $462366.57       13.65%
-------------------------------------------------------------
-------------------------------------------------------------
Total Trades: 76
Winning Trades: 53
Losing Trades: 23
Win Rate: 69.74%
Profit Factor: 3.73
-------------------------------------------------------------
Average Yearly Return: 41.6%
Median Yearly Return: 43.5%
Best Year: 80.23%
Worst Year: -4.88%
Volatility (Std Dev): 26.8%
Sharpe Ratio: 1.55
Sortino Ratio: 8.52
-------------------------------------------------------------
💰 Final Equity (2020→2026): $497841.43
📈 Verified CAGR: 42.26%
-------------------------------------------------------------
💸 Adjusted for fees & slippage:
   Trades: 76 | Fees total (fixed) est: $0 | Percent fees (bps rt): 0.0
   Slippage (bps rt): 10.0
   → Realistic CAGR ≈ 40.65%
   → Realistic Final Equity ≈ $462367
-------------------------------------------------------------
-------------------------------------------------------------
[DONE] Yearly breakdown saved to C:/Users/Maxim/My Drive/Trading/Trading_Bot_Officiel/Job_Trading_Or_Software/github_trading_backtester/storage/default/vanilla/hybrid_v3_yearly_breakdown.csv
📉 Max Drawdown: 14.0%

=== WHAT-IF: Next-Day Open Execution (no strategy refactor) ===
-------------------------------------------------------------
Yearly (Next-Open, Fees+Slippage)
Year  Trades  Start        End          Compounded
2020  10      $50000.00    $71728.15        43.46%
2021  15      $71728.15    $86702.62        20.88%
2022  1       $86702.62    $82133.40        -5.27%
2023  15      $82133.40    $136383.09       66.05%
2024  14      $136383.09   $212366.92       55.71%
2025  12      $212366.92   $326321.32       53.66%
2026  9       $326321.32   $357241.35        9.48%
-------------------------------------------------------------
-------------------------------------------------------------
💸 Adjusted for fees & slippage (Next-Open using knobs):
   Trades: 76
   Fixed fee per side: $0.0 | Percent fee (round-trip): 0.0 bps | Slippage (round-trip): 10.0 bps
   Fixed-fee estimate (rough): $0.00
   → Realistic CAGR ≈ 35.20%
   → Realistic Final Equity ≈ $357241
-------------------------------------------------------------
-------------------------------------------------------------
Yearly (Next-Open)
Year  Trades  Start        End          Compounded
2020  10      $1000.00     $1448.48         44.85%
2021  15      $1448.48     $1777.02         22.68%
2022  1       $1777.02     $1685.15         -5.17%
2023  15      $1685.15     $2839.16         68.48%
2024  14      $2839.16     $4481.51         57.85%
2025  12      $4481.51     $6966.64         55.45%
2026  9       $6966.64     $7695.01         10.46%
-------------------------------------------------------------
-------------------------------------------------------------
Next-Open (What-If) vs Current — Yearly
Year  CurComp   NxtComp   ΔComp    CurEnd       NxtEnd       ΔEnd
2020    52.59%    44.85%   -7.74%  $76293.47    $1448.48     -74844.99
2021    40.67%    22.68%  -17.99%  $107319.20   $1777.02     -105542.18
2022    -4.88%    -5.17%   -0.29%  $102077.66   $1685.15     -100392.51
2023    80.23%    68.48%  -11.75%  $183971.40   $2839.16     -181132.24
2024    64.47%    57.85%   -6.62%  $302571.04   $4481.51     -298089.53
2025    43.50%    55.45%   11.95%  $434176.85   $6966.64     -427210.21
2026    14.66%    10.46%   -4.20%  $497841.43   $7695.01     -490146.42
-------------------------------------------------------------
-------------------------------------------------------------
Next-Open (What-If) vs Current
Trades:    76  (skipped 0)
CAGR:      36.74%   (Δ -5.51 pp)
PF:        3.24      (Δ -0.49)
MaxDD:     14.4%         (Δ +0.4 pp)
Files:
  • Trades (next-open): C:/Users/Maxim/My Drive/Trading/Trading_Bot_Officiel/Job_Trading_Or_Software/github_trading_backtester/storage/default/vanilla/whatif_nextopen_trades.csv
  • Yearly (next-open): C:/Users/Maxim/My Drive/Trading/Trading_Bot_Officiel/Job_Trading_Or_Software/github_trading_backtester/storage/default/vanilla/whatif_nextopen_yearly_breakdown.csv
-------------------------------------------------------------
   Peak:   2021-11-29  (equity $2373.8)
   Trough: 2022-01-06  (equity $2041.55)
   Days peak→trough: 38
⭐ Rank: ✅ Excellent  (N=76, PF=3.73, Win=69.74%, CAGR=42.26%, MaxDD=14.00%)
📈 Recovery: 2023-03-23 (+441 days / ~14.5 months)
Ulcer Index: 4.25
Calmar Ratio: 3.02

📊 Performance Comparison (CAGR %)
-------------------------------------------------------------
Nasdaq-100 (QQQ)            ≈ 13%
S&P 500                     ≈ 10%
Berkshire Hathaway          ≈ 20%
Avg Hedge Fund              ≈ 8–12%
Renaissance (Medallion)     ≈ 39% (net)
-------------------------------------------------------------
[BOT_METRICS] ✅ metrics copied → C:/Users/Maxim/My Drive/Trading/Trading_Bot_Officiel/Job_Trading_Or_Software/github_trading_backtester/storage/default/vanilla/metrics/latest.csv
[DONE] Summary stats saved to C:/Users/Maxim/My Drive/Trading/Trading_Bot_Officiel/Job_Trading_Or_Software/github_trading_backtester/storage/default/vanilla/hybrid_v3_summary.csv
Overlap check: ✅ None found
[INFO] No completed manual trades found yet.

📊 VERIFY TOMORROW ORDERS
----------------------------------
Trades: 76
BUYs  : 76
SELLs : 76
✅ PERFECT MATCH
----------------------------------

[GUI] Process finished with exit code 0.
